Archive member included to satisfy reference by file (symbol)

/Applications/ArmGNUToolchain/15.2.rel1/arm-none-eabi/bin/../lib/gcc/arm-none-eabi/15.2.1/../../../../arm-none-eabi/lib/thumb/v8-m.main+fp/softfp/libm.a(libm_a-wf_sqrt.o)
                              CMakeFiles/vigia_pico_hello.dir/Users/ben/pico-sdk/src/rp2_common/pico_float/float_math.c.o (sqrtf)
/Applications/ArmGNUToolchain/15.2.rel1/arm-none-eabi/bin/../lib/gcc/arm-none-eabi/15.2.1/../../../../arm-none-eabi/lib/thumb/v8-m.main+fp/softfp/libm.a(libm_a-ef_sqrt.o)
                              /Applications/ArmGNUToolchain/15.2.rel1/arm-none-eabi/bin/../lib/gcc/arm-none-eabi/15.2.1/../../../../arm-none-eabi/lib/thumb/v8-m.main+fp/softfp/libm.a(libm_a-wf_sqrt.o) (__ieee754_sqrtf)
/Applications/ArmGNUToolchain/15.2.rel1/arm-none-eabi/bin/../lib/gcc/arm-none-eabi/15.2.1/thumb/v8-m.main+fp/softfp/libgcc.a(_arm_addsubdf3.o)
                              CMakeFiles/vigia_pico_hello.dir/src/main.c.o (__aeabi_f2d)
/Applications/ArmGNUToolchain/15.2.rel1/arm-none-eabi/bin/../lib/gcc/arm-none-eabi/15.2.1/thumb/v8-m.main+fp/softfp/libgcc.a(_aeabi_ldivmod.o)
                              CMakeFiles/vigia_pico_hello.dir/Users/ben/pico-sdk/src/common/pico_time/time.c.o (__aeabi_ldivmod)
/Applications/ArmGNUToolchain/15.2.rel1/arm-none-eabi/bin/../lib/gcc/arm-none-eabi/15.2.1/thumb/v8-m.main+fp/softfp/libgcc.a(_aeabi_uldivmod.o)
                              CMakeFiles/vigia_pico_hello.dir/src/main.c.o (__aeabi_uldivmod)
/Applications/ArmGNUToolchain/15.2.rel1/arm-none-eabi/bin/../lib/gcc/arm-none-eabi/15.2.1/thumb/v8-m.main+fp/softfp/libgcc.a(_udivmoddi4.o)
                              /Applications/ArmGNUToolchain/15.2.rel1/arm-none-eabi/bin/../lib/gcc/arm-none-eabi/15.2.1/thumb/v8-m.main+fp/softfp/libgcc.a(_aeabi_ldivmod.o) (__udivmoddi4)
/Applications/ArmGNUToolchain/15.2.rel1/arm-none-eabi/bin/../lib/gcc/arm-none-eabi/15.2.1/thumb/v8-m.main+fp/softfp/libgcc.a(_dvmd_tls.o)
                              /Applications/ArmGNUToolchain/15.2.rel1/arm-none-eabi/bin/../lib/gcc/arm-none-eabi/15.2.1/thumb/v8-m.main+fp/softfp/libgcc.a(_aeabi_ldivmod.o) (__aeabi_ldiv0)
/Applications/ArmGNUToolchain/15.2.rel1/arm-none-eabi/bin/../lib/gcc/arm-none-eabi/15.2.1/../../../../arm-none-eabi/lib/thumb/v8-m.main+fp/softfp/libg.a(libc_a-calloc.o)
                              CMakeFiles/vigia_pico_hello.dir/Users/ben/pico-sdk/src/rp2_common/pico_malloc/malloc.c.o (calloc)
/Applications/ArmGNUToolchain/15.2.rel1/arm-none-eabi/bin/../lib/gcc/arm-none-eabi/15.2.1/../../../../arm-none-eabi/lib/thumb/v8-m.main+fp/softfp/libg.a(libc_a-callocr.o)
                              /Applications/ArmGNUToolchain/15.2.rel1/arm-none-eabi/bin/../lib/gcc/arm-none-eabi/15.2.1/../../../../arm-none-eabi/lib/thumb/v8-m.main+fp/softfp/libg.a(libc_a-calloc.o) (_calloc_r)
/Applications/ArmGNUToolchain/15.2.rel1/arm-none-eabi/bin/../lib/gcc/arm-none-eabi/15.2.1/../../../../arm-none-eabi/lib/thumb/v8-m.main+fp/softfp/libg.a(libc_a-malloc.o)
                              CMakeFiles/vigia_pico_hello.dir/Users/ben/pico-sdk/src/rp2_common/pico_malloc/malloc.c.o (malloc)
/Applications/ArmGNUToolchain/15.2.rel1/arm-none-eabi/bin/../lib/gcc/arm-none-eabi/15.2.1/../../../../arm-none-eabi/lib/thumb/v8-m.main+fp/softfp/libg.a(libc_a-mallocr.o)
                              /Applications/ArmGNUToolchain/15.2.rel1/arm-none-eabi/bin/../lib/gcc/arm-none-eabi/15.2.1/../../../../arm-none-eabi/lib/thumb/v8-m.main+fp/softfp/libg.a(libc_a-callocr.o) (_malloc_r)
/Applications/ArmGNUToolchain/15.2.rel1/arm-none-eabi/bin/../lib/gcc/arm-none-eabi/15.2.1/../../../../arm-none-eabi/lib/thumb/v8-m.main+fp/softfp/libg.a(libc_a-mlock.o)
                              /Applications/ArmGNUToolchain/15.2.rel1/arm-none-eabi/bin/../lib/gcc/arm-none-eabi/15.2.1/../../../../arm-none-eabi/lib/thumb/v8-m.main+fp/softfp/libg.a(libc_a-mallocr.o) (__malloc_lock)
/Applications/ArmGNUToolchain/15.2.rel1/arm-none-eabi/bin/../lib/gcc/arm-none-eabi/15.2.1/../../../../arm-none-eabi/lib/thumb/v8-m.main+fp/softfp/libg.a(libc_a-realloc.o)
                              CMakeFiles/vigia_pico_hello.dir/Users/ben/pico-sdk/src/rp2_common/pico_malloc/malloc.c.o (realloc)
/Applications/ArmGNUToolchain/15.2.rel1/arm-none-eabi/bin/../lib/gcc/arm-none-eabi/15.2.1/../../../../arm-none-eabi/lib/thumb/v8-m.main+fp/softfp/libg.a(libc_a-reallocr.o)
                              /Applications/ArmGNUToolchain/15.2.rel1/arm-none-eabi/bin/../lib/gcc/arm-none-eabi/15.2.1/../../../../arm-none-eabi/lib/thumb/v8-m.main+fp/softfp/libg.a(libc_a-realloc.o) (_realloc_r)
/Applications/ArmGNUToolchain/15.2.rel1/arm-none-eabi/bin/../lib/gcc/arm-none-eabi/15.2.1/../../../../arm-none-eabi/lib/thumb/v8-m.main+fp/softfp/libg.a(libc_a-strtod.o)
                              CMakeFiles/vigia_pico_hello.dir/src/neo_m8n_driver.c.o (strtod)
[...]
Memory Configuration

Name             Origin             Length             Attributes
FLASH            0x10000000         0x00400000         xr
RAM              0x20000000         0x00080000         xrw
SCRATCH_X        0x20080000         0x00001000         xrw
SCRATCH_Y        0x20081000         0x00001000         xrw
*default*        0x00000000         0xffffffff

Linker script and memory map

LOAD /Applications/ArmGNUToolchain/15.2.rel1/arm-none-eabi/bin/../lib/gcc/arm-none-eabi/15.2.1/thumb/v8-m.main+fp/softfp/crti.o
LOAD /Applications/ArmGNUToolchain/15.2.rel1/arm-none-eabi/bin/../lib/gcc/arm-none-eabi/15.2.1/thumb/v8-m.main+fp/softfp/crtbegin.o
LOAD /Applications/ArmGNUToolchain/15.2.rel1/arm-none-eabi/bin/../lib/gcc/arm-none-eabi/15.2.1/../../../../arm-none-eabi/lib/thumb/v8-m.main+fp/softfp/crt0.o

.flash_begin    0x10000000        0x0
                0x10000000                        __flash_binary_start = .

.text           0x10000000     0xb000
                0x10000000                        __logical_binary_start = .
 *(.vectors)
 .vectors       0x10000000      0x124 CMakeFiles/vigia_pico_hello.dir/Users/ben/pico-sdk/src/rp2_common/pico_crt0/crt0.S.o
                0x10000000                __VECTOR_TABLE
                0x10000000                __vectors
                0x10000110                __unhandled_user_irq
                0x10000110                isr_irq49
                0x10000110                isr_irq13
                0x10000110                isr_irq43
                0x10000110                isr_irq45
                0x10000110                isr_irq27
                0x10000110                isr_irq32
                0x10000110                isr_irq31
                0x10000110                isr_irq5
                0x10000110                isr_irq11
                0x10000110                isr_irq23
                0x10000110                isr_usagefault
                0x10000110                isr_irq48
                0x10000110                isr_irq35
                0x10000110                isr_irq18
                0x10000110                isr_irq50
                0x10000110                isr_irq9
                0x10000110                isr_irq30
                0x10000110                isr_irq16
                0x10000110                isr_irq44
                0x10000110                isr_irq29
                0x10000110                isr_irq26
                0x10000110                isr_irq33
                0x10000110                isr_irq3
                0x10000110                isr_irq12
                0x10000110                isr_securefault
                0x10000110                isr_irq40
                0x10000110                isr_irq28
                0x10000110                isr_irq19
                0x10000110                isr_irq36
                0x10000110                isr_irq41
                0x10000110                isr_irq0
                0x10000110                isr_irq6
                0x10000110                isr_memmanage
                0x10000110                isr_irq37
                0x10000110                isr_irq42
                0x10000110                isr_irq22
                0x10000110                isr_irq17
                0x10000110                isr_irq38
                0x10000110                isr_irq14
                0x10000110                __vectors_end
                0x10000110                __default_isrs_start
                0x10000110                isr_irq2
                0x10000110                isr_irq10
                0x10000110                isr_irq8
                0x10000110                isr_debugmonitor
                0x10000110                isr_irq24
                0x10000110                isr_irq46
                0x10000110                isr_irq1
                0x10000110                isr_irq47
                0x10000110                isr_irq51
                0x10000110                isr_irq7
                0x10000110                isr_irq21
                0x10000110                isr_irq39
                0x10000110                isr_irq20
                0x10000110                isr_irq15
                0x10000110                isr_irq25
                0x10000110                isr_irq34
                0x10000110                isr_irq4
                0x10000110                isr_busfault
                0x10000116                unhandled_user_irq_num_in_r0
                0x10000118                isr_invalid
                0x1000011a                isr_nmi
                0x1000011c                isr_hardfault
                0x1000011e                isr_svcall
                0x10000120                isr_pendsv
                0x10000122                isr_systick
                0x10000124                __default_isrs_end
 *(.binary_info_header)
 .binary_info_header
                0x10000124       0x14 CMakeFiles/vigia_pico_hello.dir/Users/ben/pico-sdk/src/rp2_common/pico_crt0/crt0.S.o
                0x10000138                        __binary_info_header_end = .
 *(.embedded_block)
 .embedded_block
                0x10000138       0x14 CMakeFiles/vigia_pico_hello.dir/Users/ben/pico-sdk/src/rp2_common/pico_crt0/crt0.S.o
                0x1000014c                        __embedded_block_end = .
 *(.reset)
 .reset         0x1000014c       0x98 CMakeFiles/vigia_pico_hello.dir/Users/ben/pico-sdk/src/rp2_common/pico_crt0/crt0.S.o
                0x1000014c                _entry_point
 *(.init)
 .init          0x100001e4        0x4 /Applications/ArmGNUToolchain/15.2.rel1/arm-none-eabi/bin/../lib/gcc/arm-none-eabi/15.2.1/thumb/v8-m.main+fp/softfp/crti.o
                0x100001e4                _init
 SORT_BY_NAME(REVERSE(*libgcc.a:cmse_nonsecure_call.o))()
 *(EXCLUDE_FILE(*libm.a: *libc.a:*lib_a-mem*.o *libgcc.a:) .text*)
 .text.register_tm_clones
                0x100001e8       0x28 /Applications/ArmGNUToolchain/15.2.rel1/arm-none-eabi/bin/../lib/gcc/arm-none-eabi/15.2.1/thumb/v8-m.main+fp/softfp/crtbegin.o
 .text.frame_dummy
                0x10000210       0x24 /Applications/ArmGNUToolchain/15.2.rel1/arm-none-eabi/bin/../lib/gcc/arm-none-eabi/15.2.1/thumb/v8-m.main+fp/softfp/crtbegin.o
 .text.startup.main
                0x10000234      0x1d0 CMakeFiles/vigia_pico_hello.dir/src/main.c.o
                0x10000234                main
 .text.nmea_to_degrees
                0x10000404       0x64 CMakeFiles/vigia_pico_hello.dir/src/neo_m8n_driver.c.o
 .text.neo_m8n_poll_uart.part.0
                0x10000468      0x880 CMakeFiles/vigia_pico_hello.dir/src/neo_m8n_driver.c.o
 .text.neo_m8n_init
                0x10000ce8      0x2b4 CMakeFiles/vigia_pico_hello.dir/src/neo_m8n_driver.c.o
                0x10000ce8                neo_m8n_init
 .text.neo_m8n_poll
                0x10000f9c       0x10 CMakeFiles/vigia_pico_hello.dir/src/neo_m8n_driver.c.o
                0x10000f9c                neo_m8n_poll
 .text.neo_m8n_uart_rx_bytes
                0x10000fac        0xc CMakeFiles/vigia_pico_hello.dir/src/neo_m8n_driver.c.o
                0x10000fac                neo_m8n_uart_rx_bytes
 .text.neo_m8n_baud_rate
                0x10000fb8        0xc CMakeFiles/vigia_pico_hello.dir/src/neo_m8n_driver.c.o
                0x10000fb8                neo_m8n_baud_rate
 .text.neo_m8n_source
                0x10000fc4        0xc CMakeFiles/vigia_pico_hello.dir/src/neo_m8n_driver.c.o
                0x10000fc4                neo_m8n_source
 .text.neo_m8n_get_report
                0x10000fd0       0x38 CMakeFiles/vigia_pico_hello.dir/src/neo_m8n_driver.c.o
                0x10000fd0                neo_m8n_get_report
 .text.gpio_set_function
                0x10001008       0x3c CMakeFiles/vigia_pico_hello.dir/Users/ben/pico-sdk/src/rp2_common/hardware_gpio/gpio.c.o
                0x10001008                gpio_set_function
 .text.gpio_set_pulls
                0x10001044       0x24 CMakeFiles/vigia_pico_hello.dir/Users/ben/pico-sdk/src/rp2_common/hardware_gpio/gpio.c.o
                0x10001044                gpio_set_pulls
 .text.gpio_init
                0x10001068       0x4c CMakeFiles/vigia_pico_hello.dir/Users/ben/pico-sdk/src/rp2_common/hardware_gpio/gpio.c.o
                0x10001068                gpio_init
 .text.panic    0x100010b4       0x30 CMakeFiles/vigia_pico_hello.dir/Users/ben/pico-sdk/src/rp2_common/pico_platform_panic/panic.c.o
                0x100010b4                panic
 .text.hw_claim_or_assert
                0x100010e4       0x58 CMakeFiles/vigia_pico_hello.dir/Users/ben/pico-sdk/src/common/hardware_claim/claim.c.o
                0x100010e4                hw_claim_or_assert
 .text.hw_claim_unused_from_range
                0x1000113c       0x84 CMakeFiles/vigia_pico_hello.dir/Users/ben/pico-sdk/src/common/hardware_claim/claim.c.o
                0x1000113c                hw_claim_unused_from_range
 .text.next_striped_spin_lock_num
                0x100011c0       0x18 CMakeFiles/vigia_pico_hello.dir/Users/ben/pico-sdk/src/rp2_common/hardware_sync/sync.c.o
                0x100011c0                next_striped_spin_lock_num
 .text.spin_lock_claim_unused
                0x100011d8       0x24 CMakeFiles/vigia_pico_hello.dir/Users/ben/pico-sdk/src/rp2_common/hardware_sync/sync.c.o
                0x100011d8                spin_lock_claim_unused
 .text.spinlock_set_extexclall
                0x100011fc       0x10 CMakeFiles/vigia_pico_hello.dir/Users/ben/pico-sdk/src/rp2_common/hardware_sync_spin_lock/sync_spin_lock.c.o
 .text.spin_locks_reset
                0x1000120c       0x18 CMakeFiles/vigia_pico_hello.dir/Users/ben/pico-sdk/src/rp2_common/hardware_sync_spin_lock/sync_spin_lock.c.o
                0x1000120c                spin_locks_reset
 .text.runtime_init_per_core_irq_priorities
                0x10001224       0x40 CMakeFiles/vigia_pico_hello.dir/Users/ben/pico-sdk/src/rp2_common/hardware_irq/irq.c.o
                0x10001224                runtime_init_per_core_irq_priorities
 .text.irq_set_enabled
                0x10001264       0x2c CMakeFiles/vigia_pico_hello.dir/Users/ben/pico-sdk/src/rp2_common/hardware_irq/irq.c.o
                0x10001264                irq_set_enabled
 .text.irq_is_enabled
                0x10001290       0x20 CMakeFiles/vigia_pico_hello.dir/Users/ben/pico-sdk/src/rp2_common/hardware_irq/irq.c.o
                0x10001290                irq_is_enabled
 .text.irq_set_pending
                0x100012b0       0x18 CMakeFiles/vigia_pico_hello.dir/Users/ben/pico-sdk/src/rp2_common/hardware_irq/irq.c.o
                0x100012b0                irq_set_pending
 .text.irq_has_shared_handler
                0x100012c8       0x20 CMakeFiles/vigia_pico_hello.dir/Users/ben/pico-sdk/src/rp2_common/hardware_irq/irq.c.o
                0x100012c8                irq_has_shared_handler
 .text.irq_set_exclusive_handler
                0x100012e8       0x70 CMakeFiles/vigia_pico_hello.dir/Users/ben/pico-sdk/src/rp2_common/hardware_irq/irq.c.o
                0x100012e8                irq_set_exclusive_handler
 .text.irq_add_shared_handler
                0x10001358      0x1f4 CMakeFiles/vigia_pico_hello.dir/Users/ben/pico-sdk/src/rp2_common/hardware_irq/irq.c.o
                0x10001358                irq_add_shared_handler
 .text.irq_add_tail_to_free_list
                0x1000154c       0xcc CMakeFiles/vigia_pico_hello.dir/Users/ben/pico-sdk/src/rp2_common/hardware_irq/irq.c.o
                0x1000154c                irq_add_tail_to_free_list
 .text.user_irq_claim_unused
                0x10001618       0x2c CMakeFiles/vigia_pico_hello.dir/Users/ben/pico-sdk/src/rp2_common/hardware_irq/irq.c.o
                0x10001618                user_irq_claim_unused
 .text.lock_init
                0x10001644        0xc CMakeFiles/vigia_pico_hello.dir/Users/ben/pico-sdk/src/common/pico_sync/lock_core.c.o
                0x10001644                lock_init
 .text.runtime_init_mutex
                0x10001650       0x4c CMakeFiles/vigia_pico_hello.dir/Users/ben/pico-sdk/src/common/pico_sync/mutex.c.o
                0x10001650                runtime_init_mutex
 .text.mutex_init
                0x1000169c       0x1c CMakeFiles/vigia_pico_hello.dir/Users/ben/pico-sdk/src/common/pico_sync/mutex.c.o
                0x1000169c                mutex_init
 .text.critical_section_init
                0x100016b8       0x1c CMakeFiles/vigia_pico_hello.dir/Users/ben/pico-sdk/src/common/pico_sync/critical_section.c.o
                0x100016b8                critical_section_init
 .text.critical_section_init_with_lock_num
                0x100016d4       0x10 CMakeFiles/vigia_pico_hello.dir/Users/ben/pico-sdk/src/common/pico_sync/critical_section.c.o
                0x100016d4                critical_section_init_with_lock_num
 .text.sleep_until_callback
                0x100016e4       0x3c CMakeFiles/vigia_pico_hello.dir/Users/ben/pico-sdk/src/common/pico_time/time.c.o
 .text.alarm_pool_irq_handler
                0x10001720      0x2ec CMakeFiles/vigia_pico_hello.dir/Users/ben/pico-sdk/src/common/pico_time/time.c.o
 .text.runtime_init_default_alarm_pool
                0x10001a0c      0x104 CMakeFiles/vigia_pico_hello.dir/Users/ben/pico-sdk/src/common/pico_time/time.c.o
                0x10001a0c                runtime_init_default_alarm_pool
 .text.alarm_pool_get_default
                0x10001b10        0x8 CMakeFiles/vigia_pico_hello.dir/Users/ben/pico-sdk/src/common/pico_time/time.c.o
                0x10001b10                alarm_pool_get_default
 .text.alarm_pool_add_alarm_at
                0x10001b18       0xe4 CMakeFiles/vigia_pico_hello.dir/Users/ben/pico-sdk/src/common/pico_time/time.c.o
                0x10001b18                alarm_pool_add_alarm_at
 .text.alarm_pool_add_alarm_at_force_in_context
                0x10001bfc       0xcc CMakeFiles/vigia_pico_hello.dir/Users/ben/pico-sdk/src/common/pico_time/time.c.o
                0x10001bfc                alarm_pool_add_alarm_at_force_in_context
 .text.alarm_pool_cancel_alarm
                0x10001cc8       0x84 CMakeFiles/vigia_pico_hello.dir/Users/ben/pico-sdk/src/common/pico_time/time.c.o
                0x10001cc8                alarm_pool_cancel_alarm
 .text.alarm_pool_core_num
                0x10001d4c        0x4 CMakeFiles/vigia_pico_hello.dir/Users/ben/pico-sdk/src/common/pico_time/time.c.o
                0x10001d4c                alarm_pool_core_num
 .text.sleep_ms
                0x10001d50       0xdc CMakeFiles/vigia_pico_hello.dir/Users/ben/pico-sdk/src/common/pico_time/time.c.o
                0x10001d50                sleep_ms
 .text.best_effort_wfe_or_timeout
                0x10001e2c       0xf8 CMakeFiles/vigia_pico_hello.dir/Users/ben/pico-sdk/src/common/pico_time/time.c.o
                0x10001e2c                best_effort_wfe_or_timeout
 .text.timer_hardware_alarm_claim
                0x10001f24       0x24 CMakeFiles/vigia_pico_hello.dir/Users/ben/pico-sdk/src/rp2_common/hardware_timer/timer.c.o
                0x10001f24                timer_hardware_alarm_claim
 .text.timer_time_us_64
                0x10001f48       0x10 CMakeFiles/vigia_pico_hello.dir/Users/ben/pico-sdk/src/rp2_common/hardware_timer/timer.c.o
                0x10001f48                timer_time_us_64
 .text.time_us_64
                0x10001f58       0x14 CMakeFiles/vigia_pico_hello.dir/Users/ben/pico-sdk/src/rp2_common/hardware_timer/timer.c.o
                0x10001f58                time_us_64
 .text.busy_wait_us
                0x10001f6c       0x60 CMakeFiles/vigia_pico_hello.dir/Users/ben/pico-sdk/src/rp2_common/hardware_timer/timer.c.o
                0x10001f6c                busy_wait_us
 .text.busy_wait_until
                0x10001fcc       0x24 CMakeFiles/vigia_pico_hello.dir/Users/ben/pico-sdk/src/rp2_common/hardware_timer/timer.c.o
                0x10001fcc                busy_wait_until
 .text.uart_init
                0x10001ff0      0x110 CMakeFiles/vigia_pico_hello.dir/Users/ben/pico-sdk/src/rp2_common/hardware_uart/uart.c.o
                0x10001ff0                uart_init
 .text.clock_configure_undivided
                0x10002100       0xdc CMakeFiles/vigia_pico_hello.dir/Users/ben/pico-sdk/src/rp2_common/hardware_clocks/clocks.c.o
                0x10002100                clock_configure_undivided
 .text.clock_get_hz
                0x100021dc        0xc CMakeFiles/vigia_pico_hello.dir/Users/ben/pico-sdk/src/rp2_common/hardware_clocks/clocks.c.o
                0x100021dc                clock_get_hz
 .text.pll_init
                0x100021e8       0x90 CMakeFiles/vigia_pico_hello.dir/Users/ben/pico-sdk/src/rp2_common/hardware_pll/pll.c.o
                0x100021e8                pll_init
 .text.watchdog_reboot
                0x10002278       0xac CMakeFiles/vigia_pico_hello.dir/Users/ben/pico-sdk/src/rp2_common/hardware_watchdog/watchdog.c.o
                0x10002278                watchdog_reboot
 .text.tick_start
                0x10002324       0x18 CMakeFiles/vigia_pico_hello.dir/Users/ben/pico-sdk/src/rp2_common/hardware_ticks/ticks.c.o
                0x10002324                tick_start
 .text.rom_reboot.constprop.0.isra.0
                0x1000233c       0x38 CMakeFiles/vigia_pico_hello.dir/Users/ben/pico-sdk/src/rp2_common/pico_bootrom/bootrom.c.o
 .text.rom_func_lookup
                0x10002374       0x18 CMakeFiles/vigia_pico_hello.dir/Users/ben/pico-sdk/src/rp2_common/pico_bootrom/bootrom.c.o
                0x10002374                rom_func_lookup
 .text.rom_reset_usb_boot_extra
                0x1000238c       0x1c CMakeFiles/vigia_pico_hello.dir/Users/ben/pico-sdk/src/rp2_common/pico_bootrom/bootrom.c.o
                0x1000238c                rom_reset_usb_boot_extra
 .text.runtime_init_bootrom_locking_enable
                0x100023a8       0x14 CMakeFiles/vigia_pico_hello.dir/Users/ben/pico-sdk/src/rp2_common/pico_bootrom/bootrom_lock.c.o
                0x100023a8                runtime_init_bootrom_locking_enable
 .text.runtime_init_boot_locks_reset
                0x100023bc       0x1c CMakeFiles/vigia_pico_hello.dir/Users/ben/pico-sdk/src/rp2_common/hardware_boot_lock/boot_lock.c.o
                0x100023bc                runtime_init_boot_locks_reset
 .text.xosc_init
                0x100023d8       0x2c CMakeFiles/vigia_pico_hello.dir/Users/ben/pico-sdk/src/rp2_common/hardware_xosc/xosc.c.o
                0x100023d8                xosc_init
 .text.first_per_core_initializer
                0x10002404        0x4 CMakeFiles/vigia_pico_hello.dir/Users/ben/pico-sdk/src/rp2_common/pico_runtime/runtime.c.o
 .text.hard_assertion_failure
                0x10002408        0xc CMakeFiles/vigia_pico_hello.dir/Users/ben/pico-sdk/src/rp2_common/pico_runtime/runtime.c.o
                0x10002408                hard_assertion_failure
 .text.runtime_run_initializers
                0x10002414       0x20 CMakeFiles/vigia_pico_hello.dir/Users/ben/pico-sdk/src/rp2_common/pico_runtime/runtime.c.o
                0x10002414                runtime_run_initializers
 .text.runtime_init_early_resets
                0x10002434       0x30 CMakeFiles/vigia_pico_hello.dir/Users/ben/pico-sdk/src/rp2_common/pico_runtime_init/runtime_init.c.o
                0x10002434                runtime_init_early_resets
 .text.runtime_init_usb_power_down
                0x10002464       0x1c CMakeFiles/vigia_pico_hello.dir/Users/ben/pico-sdk/src/rp2_common/pico_runtime_init/runtime_init.c.o
                0x10002464                runtime_init_usb_power_down
 .text.runtime_init_per_core_enable_coprocessors
                0x10002480       0x1c CMakeFiles/vigia_pico_hello.dir/Users/ben/pico-sdk/src/rp2_common/pico_runtime_init/runtime_init.c.o
                0x10002480                runtime_init_per_core_enable_coprocessors
 .text.runtime_init_post_clock_resets
                0x1000249c       0x20 CMakeFiles/vigia_pico_hello.dir/Users/ben/pico-sdk/src/rp2_common/pico_runtime_init/runtime_init.c.o
                0x1000249c                runtime_init_post_clock_resets
 .text.runtime_init_bootrom_reset
                0x100024bc       0x14 CMakeFiles/vigia_pico_hello.dir/Users/ben/pico-sdk/src/rp2_common/pico_runtime_init/runtime_init.c.o
                0x100024bc                runtime_init_bootrom_reset
 .text.runtime_init_per_core_bootrom_reset
                0x100024d0       0x14 CMakeFiles/vigia_pico_hello.dir/Users/ben/pico-sdk/src/rp2_common/pico_runtime_init/runtime_init.c.o
                0x100024d0                runtime_init_per_core_bootrom_reset
 .text.runtime_init_spin_locks_reset
                0x100024e4        0x4 CMakeFiles/vigia_pico_hello.dir/Users/ben/pico-sdk/src/rp2_common/pico_runtime_init/runtime_init.c.o
                0x100024e4                runtime_init_spin_locks_reset
 .text.runtime_init_install_ram_vector_table
                0x100024e8       0x68 CMakeFiles/vigia_pico_hello.dir/Users/ben/pico-sdk/src/rp2_common/pico_runtime_init/runtime_init.c.o
                0x100024e8                runtime_init_install_ram_vector_table
 .text.runtime_init_clocks
                0x10002550       0xdc CMakeFiles/vigia_pico_hello.dir/Users/ben/pico-sdk/src/rp2_common/pico_runtime_init/runtime_init_clocks.c.o
                0x10002550                runtime_init_clocks
 .text.__rp2350_dcp_engaged_state_save_restore
                0x1000262c       0x3a CMakeFiles/vigia_pico_hello.dir/Users/ben/pico-sdk/src/rp2_common/pico_double/double_aeabi_dcp.S.o
 *fill*         0x10002666        0x2 
 .text.__wrap___aeabi_dadd
                0x10002668       0x28 CMakeFiles/vigia_pico_hello.dir/Users/ben/pico-sdk/src/rp2_common/pico_double/double_aeabi_dcp.S.o
                0x10002670                __wrap___aeabi_dadd
 .text.__wrap___aeabi_dsub
                0x10002690       0x28 CMakeFiles/vigia_pico_hello.dir/Users/ben/pico-sdk/src/rp2_common/pico_double/double_aeabi_dcp.S.o
                0x10002698                __wrap___aeabi_dsub
 .text.__wrap___aeabi_dmul
                0x100026b8       0x4c CMakeFiles/vigia_pico_hello.dir/Users/ben/pico-sdk/src/rp2_common/pico_double/double_aeabi_dcp.S.o
                0x100026c0                __wrap___aeabi_dmul
 .text.__wrap___aeabi_ddiv
                0x10002704       0x9c CMakeFiles/vigia_pico_hello.dir/Users/ben/pico-sdk/src/rp2_common/pico_double/double_aeabi_dcp.S.o
                0x1000270c                __wrap___aeabi_ddiv
 .text.__wrap___aeabi_d2f
                0x100027a0       0x1c CMakeFiles/vigia_pico_hello.dir/Users/ben/pico-sdk/src/rp2_common/pico_double/double_aeabi_dcp.S.o
                0x100027a8                double2float
                0x100027a8                __wrap___aeabi_d2f
 .text.__wrap___aeabi_i2d
                0x100027bc       0x24 CMakeFiles/vigia_pico_hello.dir/Users/ben/pico-sdk/src/rp2_common/pico_double/double_aeabi_dcp.S.o
                0x100027c4                __wrap___aeabi_i2d
                0x100027c4                int2double
 .text.__wrap___aeabi_ui2d
                0x100027e0       0x24 CMakeFiles/vigia_pico_hello.dir/Users/ben/pico-sdk/src/rp2_common/pico_double/double_aeabi_dcp.S.o
                0x100027e8                __wrap___aeabi_ui2d
                0x100027e8                uint2double
 .text.__wrap___aeabi_d2iz
                0x10002804       0x24 CMakeFiles/vigia_pico_hello.dir/Users/ben/pico-sdk/src/rp2_common/pico_double/double_aeabi_dcp.S.o
                0x1000280c                __wrap___aeabi_d2iz
                0x1000280c                double2int_z
 .text.__wrap___aeabi_d2uiz
                0x10002828       0x24 CMakeFiles/vigia_pico_hello.dir/Users/ben/pico-sdk/src/rp2_common/pico_double/double_aeabi_dcp.S.o
                0x10002830                double2uint_z
                0x10002830                double2uint
                0x10002830                __wrap___aeabi_d2uiz
 .text.__wrap___aeabi_dcmpun
                0x1000284c       0x24 CMakeFiles/vigia_pico_hello.dir/Users/ben/pico-sdk/src/rp2_common/pico_double/double_aeabi_dcp.S.o
                0x10002854                __wrap___aeabi_dcmpun
 .text.__wrap___aeabi_dcmpeq
                0x10002870       0x24 CMakeFiles/vigia_pico_hello.dir/Users/ben/pico-sdk/src/rp2_common/pico_double/double_aeabi_dcp.S.o
                0x10002878                __wrap___aeabi_dcmpeq
 .text.__wrap___aeabi_dcmplt
                0x10002894       0x28 CMakeFiles/vigia_pico_hello.dir/Users/ben/pico-sdk/src/rp2_common/pico_double/double_aeabi_dcp.S.o
                0x1000289c                __wrap___aeabi_dcmplt
 .text.__wrap___aeabi_dcmple
                0x100028bc       0x28 CMakeFiles/vigia_pico_hello.dir/Users/ben/pico-sdk/src/rp2_common/pico_double/double_aeabi_dcp.S.o
                0x100028c4                __wrap___aeabi_dcmple
 .text.__wrap___aeabi_dcmpge
                0x100028e4       0x28 CMakeFiles/vigia_pico_hello.dir/Users/ben/pico-sdk/src/rp2_common/pico_double/double_aeabi_dcp.S.o
                0x100028ec                __wrap___aeabi_dcmpge
 .text.__wrap___aeabi_dcmpgt
                0x1000290c       0x28 CMakeFiles/vigia_pico_hello.dir/Users/ben/pico-sdk/src/rp2_common/pico_double/double_aeabi_dcp.S.o
                0x10002914                __wrap___aeabi_dcmpgt
 .text.__wrap_conv_tod
                0x10002934      0x20c CMakeFiles/vigia_pico_hello.dir/Users/ben/pico-sdk/src/rp2_common/pico_double/double_conv_m33.S.o
                0x10002934                __wrap___aeabi_l2d
                0x10002934                int642double
                0x10002936                fix642double
                0x100029da                __wrap___aeabi_ul2d
                0x100029da                uint642double
                0x100029dc                ufix642double
                0x10002a70                fix2double
                0x10002ae0                ufix2double
 .text.__wrap_conv_dtoi64_z
                0x10002b40       0xa0 CMakeFiles/vigia_pico_hello.dir/Users/ben/pico-sdk/src/rp2_common/pico_double/double_conv_m33.S.o
                0x10002b40                __wrap___aeabi_d2lz
                0x10002b40                double2int64_z
                0x10002b42                double2fix64_z
 .text._out_null
                0x10002be0        0x4 CMakeFiles/vigia_pico_hello.dir/Users/ben/pico-sdk/src/rp2_common/pico_printf/printf.c.o
 .text._out_rev
                0x10002be4       0xa8 CMakeFiles/vigia_pico_hello.dir/Users/ben/pico-sdk/src/rp2_common/pico_printf/printf.c.o
 .text._ntoa_format
                0x10002c8c      0x1dc CMakeFiles/vigia_pico_hello.dir/Users/ben/pico-sdk/src/rp2_common/pico_printf/printf.c.o
 .text._out_char
                0x10002e68        0x8 CMakeFiles/vigia_pico_hello.dir/Users/ben/pico-sdk/src/rp2_common/pico_printf/printf.c.o
 .text._out_fct
                0x10002e70        0xc CMakeFiles/vigia_pico_hello.dir/Users/ben/pico-sdk/src/rp2_common/pico_printf/printf.c.o
 *fill*         0x10002e7c        0x4 
 .text._ftoa    0x10002e80      0x494 CMakeFiles/vigia_pico_hello.dir/Users/ben/pico-sdk/src/rp2_common/pico_printf/printf.c.o
 *fill*         0x10003314        0x4 
 .text._etoa    0x10003318      0x584 CMakeFiles/vigia_pico_hello.dir/Users/ben/pico-sdk/src/rp2_common/pico_printf/printf.c.o
 .text._vsnprintf
                0x1000389c      0x9d8 CMakeFiles/vigia_pico_hello.dir/Users/ben/pico-sdk/src/rp2_common/pico_printf/printf.c.o
 .text.vfctprintf
                0x10004274       0x24 CMakeFiles/vigia_pico_hello.dir/Users/ben/pico-sdk/src/rp2_common/pico_printf/printf.c.o
                0x10004274                vfctprintf
 .text.weak_raw_printf
                0x10004298       0x48 CMakeFiles/vigia_pico_hello.dir/Users/ben/pico-sdk/src/rp2_common/pico_printf/printf.c.o
                0x10004298                weak_raw_printf
 .text.weak_raw_vprintf
                0x100042e0       0x30 CMakeFiles/vigia_pico_hello.dir/Users/ben/pico-sdk/src/rp2_common/pico_printf/printf.c.o
                0x100042e0                weak_raw_vprintf
 .text._exit    0x10004310        0x4 CMakeFiles/vigia_pico_hello.dir/Users/ben/pico-sdk/src/rp2_common/pico_clib_interface/newlib_interface.c.o
                0x10004310                _exit
 .text._sbrk    0x10004314       0x2c CMakeFiles/vigia_pico_hello.dir/Users/ben/pico-sdk/src/rp2_common/pico_clib_interface/newlib_interface.c.o
                0x10004314                _sbrk
 .text._read    0x10004340       0x1c CMakeFiles/vigia_pico_hello.dir/Users/ben/pico-sdk/src/rp2_common/pico_clib_interface/newlib_interface.c.o
                0x10004340                _read
 .text._write   0x1000435c       0x20 CMakeFiles/vigia_pico_hello.dir/Users/ben/pico-sdk/src/rp2_common/pico_clib_interface/newlib_interface.c.o
                0x1000435c                _write
 .text._close   0x1000437c        0x8 CMakeFiles/vigia_pico_hello.dir/Users/ben/pico-sdk/src/rp2_common/pico_clib_interface/newlib_interface.c.o
                0x1000437c                _close
 .text._lseek   0x10004384        0x8 CMakeFiles/vigia_pico_hello.dir/Users/ben/pico-sdk/src/rp2_common/pico_clib_interface/newlib_interface.c.o
                0x10004384                _lseek
 .text.exit     0x1000438c        0x8 CMakeFiles/vigia_pico_hello.dir/Users/ben/pico-sdk/src/rp2_common/pico_clib_interface/newlib_interface.c.o
                0x1000438c                exit
 .text.__assert_func
                0x10004394       0x3c CMakeFiles/vigia_pico_hello.dir/Users/ben/pico-sdk/src/rp2_common/pico_clib_interface/newlib_interface.c.o
                0x10004394                __assert_func
 .text.runtime_init
                0x100043d0       0x24 CMakeFiles/vigia_pico_hello.dir/Users/ben/pico-sdk/src/rp2_common/pico_clib_interface/newlib_interface.c.o
                0x100043d0                runtime_init
 .text.stdio_out_chars_no_crlf
                0x100043f4        0x8 CMakeFiles/vigia_pico_hello.dir/Users/ben/pico-sdk/src/rp2_common/pico_stdio/stdio.c.o
 .text.stdio_out_chars_crlf
                0x100043fc       0xc0 CMakeFiles/vigia_pico_hello.dir/Users/ben/pico-sdk/src/rp2_common/pico_stdio/stdio.c.o
 .text.stdio_buffered_printer
                0x100044bc       0x5c CMakeFiles/vigia_pico_hello.dir/Users/ben/pico-sdk/src/rp2_common/pico_stdio/stdio.c.o
 .text.stdio_put_string
                0x10004518       0xec CMakeFiles/vigia_pico_hello.dir/Users/ben/pico-sdk/src/rp2_common/pico_stdio/stdio.c.o
                0x10004518                stdio_put_string
 .text.stdio_get_until
                0x10004604       0x70 CMakeFiles/vigia_pico_hello.dir/Users/ben/pico-sdk/src/rp2_common/pico_stdio/stdio.c.o
                0x10004604                stdio_get_until
 .text.stdio_set_driver_enabled
                0x10004674       0x28 CMakeFiles/vigia_pico_hello.dir/Users/ben/pico-sdk/src/rp2_common/pico_stdio/stdio.c.o
                0x10004674                stdio_set_driver_enabled
 .text.stdio_init_all
                0x1000469c        0x4 CMakeFiles/vigia_pico_hello.dir/Users/ben/pico-sdk/src/rp2_common/pico_stdio/stdio.c.o
                0x1000469c                stdio_init_all
 .text.__wrap_putchar
                0x100046a0       0x84 CMakeFiles/vigia_pico_hello.dir/Users/ben/pico-sdk/src/rp2_common/pico_stdio/stdio.c.o
                0x100046a0                stdio_putchar
                0x100046a0                __wrap_putchar
 .text.__wrap_puts
                0x10004724       0x3c CMakeFiles/vigia_pico_hello.dir/Users/ben/pico-sdk/src/rp2_common/pico_stdio/stdio.c.o
                0x10004724                __wrap_puts
                0x10004724                stdio_puts
 .text.__wrap_vprintf
                0x10004760       0xc0 CMakeFiles/vigia_pico_hello.dir/Users/ben/pico-sdk/src/rp2_common/pico_stdio/stdio.c.o
                0x10004760                __wrap_vprintf
                0x10004760                stdio_vprintf
 .text.__wrap_printf
                0x10004820       0x1c CMakeFiles/vigia_pico_hello.dir/Users/ben/pico-sdk/src/rp2_common/pico_stdio/stdio.c.o
                0x10004820                stdio_printf
                0x10004820                __wrap_printf
 .text.resetd_init
                0x1000483c        0x4 CMakeFiles/vigia_pico_hello.dir/Users/ben/pico-sdk/src/rp2_common/pico_stdio_usb/reset_interface.c.o
 .text.resetd_reset
                0x10004840        0xc CMakeFiles/vigia_pico_hello.dir/Users/ben/pico-sdk/src/rp2_common/pico_stdio_usb/reset_interface.c.o
 .text.resetd_open
                0x1000484c       0x28 CMakeFiles/vigia_pico_hello.dir/Users/ben/pico-sdk/src/rp2_common/pico_stdio_usb/reset_interface.c.o
 .text.resetd_xfer_cb
                0x10004874        0x4 CMakeFiles/vigia_pico_hello.dir/Users/ben/pico-sdk/src/rp2_common/pico_stdio_usb/reset_interface.c.o
 .text.resetd_control_xfer_cb
                0x10004878       0x50 CMakeFiles/vigia_pico_hello.dir/Users/ben/pico-sdk/src/rp2_common/pico_stdio_usb/reset_interface.c.o
 .text.tud_descriptor_bos_cb
                0x100048c8        0x8 CMakeFiles/vigia_pico_hello.dir/Users/ben/pico-sdk/src/rp2_common/pico_stdio_usb/reset_interface.c.o
                0x100048c8                tud_descriptor_bos_cb
 .text.tud_vendor_control_xfer_cb
                0x100048d0       0x28 CMakeFiles/vigia_pico_hello.dir/Users/ben/pico-sdk/src/rp2_common/pico_stdio_usb/reset_interface.c.o
                0x100048d0                tud_vendor_control_xfer_cb
 .text.usbd_app_driver_get_cb
                0x100048f8       0x10 CMakeFiles/vigia_pico_hello.dir/Users/ben/pico-sdk/src/rp2_common/pico_stdio_usb/reset_interface.c.o
                0x100048f8                usbd_app_driver_get_cb
 .text.tud_cdc_line_coding_cb
                0x10004908       0x18 CMakeFiles/vigia_pico_hello.dir/Users/ben/pico-sdk/src/rp2_common/pico_stdio_usb/reset_interface.c.o
                0x10004908                tud_cdc_line_coding_cb
 .text.stdio_usb_set_chars_available_callback
                0x10004920       0x14 CMakeFiles/vigia_pico_hello.dir/Users/ben/pico-sdk/src/rp2_common/pico_stdio_usb/stdio_usb.c.o
                0x10004920                stdio_usb_set_chars_available_callback
 .text.timer_task
                0x10004934       0x70 CMakeFiles/vigia_pico_hello.dir/Users/ben/pico-sdk/src/rp2_common/pico_stdio_usb/stdio_usb.c.o
 .text.usb_irq  0x100049a4        0xc CMakeFiles/vigia_pico_hello.dir/Users/ben/pico-sdk/src/rp2_common/pico_stdio_usb/stdio_usb.c.o
 .text.stdio_usb_in_chars
                0x100049b0       0x88 CMakeFiles/vigia_pico_hello.dir/Users/ben/pico-sdk/src/rp2_common/pico_stdio_usb/stdio_usb.c.o
                0x100049b0                stdio_usb_in_chars
 .text.stdio_usb_out_flush
                0x10004a38       0x54 CMakeFiles/vigia_pico_hello.dir/Users/ben/pico-sdk/src/rp2_common/pico_stdio_usb/stdio_usb.c.o
 .text.stdio_usb_out_chars
                0x10004a8c       0xf0 CMakeFiles/vigia_pico_hello.dir/Users/ben/pico-sdk/src/rp2_common/pico_stdio_usb/stdio_usb.c.o
 .text.low_priority_worker_irq
                0x10004b7c       0xe8 CMakeFiles/vigia_pico_hello.dir/Users/ben/pico-sdk/src/rp2_common/pico_stdio_usb/stdio_usb.c.o
 .text.stdio_usb_init
                0x10004c64       0xf0 CMakeFiles/vigia_pico_hello.dir/Users/ben/pico-sdk/src/rp2_common/pico_stdio_usb/stdio_usb.c.o
                0x10004c64                stdio_usb_init
 .text.tud_descriptor_device_cb
                0x10004d54        0x8 CMakeFiles/vigia_pico_hello.dir/Users/ben/pico-sdk/src/rp2_common/pico_stdio_usb/stdio_usb_descriptors.c.o
                0x10004d54                tud_descriptor_device_cb
 .text.tud_descriptor_configuration_cb
                0x10004d5c        0x8 CMakeFiles/vigia_pico_hello.dir/Users/ben/pico-sdk/src/rp2_common/pico_stdio_usb/stdio_usb_descriptors.c.o
                0x10004d5c                tud_descriptor_configuration_cb
 .text.tud_descriptor_string_cb
                0x10004d64       0x80 CMakeFiles/vigia_pico_hello.dir/Users/ben/pico-sdk/src/rp2_common/pico_stdio_usb/stdio_usb_descriptors.c.o
                0x10004d64                tud_descriptor_string_cb
 .text.startup._retrieve_unique_id_on_boot
                0x10004de4       0x2c CMakeFiles/vigia_pico_hello.dir/Users/ben/pico-sdk/src/rp2_common/pico_unique_id/unique_id.c.o
 .text.pico_get_unique_board_id_string
                0x10004e10      0x190 CMakeFiles/vigia_pico_hello.dir/Users/ben/pico-sdk/src/rp2_common/pico_unique_id/unique_id.c.o
                0x10004e10                pico_get_unique_board_id_string
 .text.dcd_init
                0x10004fa0       0x9c CMakeFiles/vigia_pico_hello.dir/Users/ben/pico-sdk/lib/tinyusb/src/portable/raspberrypi/rp2040/dcd_rp2040.c.o
                0x10004fa0                dcd_init
 .text.dcd_int_enable
                0x1000503c        0x8 CMakeFiles/vigia_pico_hello.dir/Users/ben/pico-sdk/lib/tinyusb/src/portable/raspberrypi/rp2040/dcd_rp2040.c.o
                0x1000503c                dcd_int_enable
 .text.dcd_set_address
                0x10005044       0x10 CMakeFiles/vigia_pico_hello.dir/Users/ben/pico-sdk/lib/tinyusb/src/portable/raspberrypi/rp2040/dcd_rp2040.c.o
                0x10005044                dcd_set_address
 .text.dcd_sof_enable
                0x10005054       0x1c CMakeFiles/vigia_pico_hello.dir/Users/ben/pico-sdk/lib/tinyusb/src/portable/raspberrypi/rp2040/dcd_rp2040.c.o
                0x10005054                dcd_sof_enable
 .text.dcd_edpt0_status_complete
                0x10005070       0x1c CMakeFiles/vigia_pico_hello.dir/Users/ben/pico-sdk/lib/tinyusb/src/portable/raspberrypi/rp2040/dcd_rp2040.c.o
                0x10005070                dcd_edpt0_status_complete
 .text.dcd_edpt_open
                0x1000508c      0x10c CMakeFiles/vigia_pico_hello.dir/Users/ben/pico-sdk/lib/tinyusb/src/portable/raspberrypi/rp2040/dcd_rp2040.c.o
                0x1000508c                dcd_edpt_open
 .text.dcd_edpt_close_all
                0x10005198        0x4 CMakeFiles/vigia_pico_hello.dir/Users/ben/pico-sdk/lib/tinyusb/src/portable/raspberrypi/rp2040/dcd_rp2040.c.o
                0x10005198                dcd_edpt_close_all
 .text.dcd_edpt_xfer
                0x1000519c       0x28 CMakeFiles/vigia_pico_hello.dir/Users/ben/pico-sdk/lib/tinyusb/src/portable/raspberrypi/rp2040/dcd_rp2040.c.o
                0x1000519c                dcd_edpt_xfer
 .text.dcd_edpt_stall
                0x100051c4       0x30 CMakeFiles/vigia_pico_hello.dir/Users/ben/pico-sdk/lib/tinyusb/src/portable/raspberrypi/rp2040/dcd_rp2040.c.o
                0x100051c4                dcd_edpt_stall
 .text.dcd_edpt_clear_stall
                0x100051f4       0x24 CMakeFiles/vigia_pico_hello.dir/Users/ben/pico-sdk/lib/tinyusb/src/portable/raspberrypi/rp2040/dcd_rp2040.c.o
                0x100051f4                dcd_edpt_clear_stall
 .text.rp2040_usb_init
                0x10005218       0x40 CMakeFiles/vigia_pico_hello.dir/Users/ben/pico-sdk/lib/tinyusb/src/portable/raspberrypi/rp2040/rp2040_usb.c.o
                0x10005218                rp2040_usb_init
 .text.hw_endpoint_xfer_start
                0x10005258       0x40 CMakeFiles/vigia_pico_hello.dir/Users/ben/pico-sdk/lib/tinyusb/src/portable/raspberrypi/rp2040/rp2040_usb.c.o
                0x10005258                hw_endpoint_xfer_start
 .text.configuration_reset
                0x10005298       0x8c CMakeFiles/vigia_pico_hello.dir/Users/ben/pico-sdk/lib/tinyusb/src/device/usbd.c.o
 .text.tud_event_hook_cb
                0x10005324        0x4 CMakeFiles/vigia_pico_hello.dir/Users/ben/pico-sdk/lib/tinyusb/src/device/usbd.c.o
                0x10005324                tud_event_hook_cb
 .text.tud_sof_cb
                0x10005328        0x4 CMakeFiles/vigia_pico_hello.dir/Users/ben/pico-sdk/lib/tinyusb/src/device/usbd.c.o
                0x10005328                tud_sof_cb
 .text.tud_descriptor_device_qualifier_cb
                0x1000532c        0x4 CMakeFiles/vigia_pico_hello.dir/Users/ben/pico-sdk/lib/tinyusb/src/device/usbd.c.o
                0x1000532c                tud_descriptor_device_qualifier_cb
 .text.tud_descriptor_other_speed_configuration_cb
                0x10005330        0x4 CMakeFiles/vigia_pico_hello.dir/Users/ben/pico-sdk/lib/tinyusb/src/device/usbd.c.o
                0x10005330                tud_descriptor_other_speed_configuration_cb
 .text.tud_mount_cb
                0x10005334        0x4 CMakeFiles/vigia_pico_hello.dir/Users/ben/pico-sdk/lib/tinyusb/src/device/usbd.c.o
                0x10005334                tud_mount_cb
 .text.tud_umount_cb
                0x10005338        0x4 CMakeFiles/vigia_pico_hello.dir/Users/ben/pico-sdk/lib/tinyusb/src/device/usbd.c.o
                0x10005338                tud_umount_cb
 .text.tud_suspend_cb
                0x1000533c        0x4 CMakeFiles/vigia_pico_hello.dir/Users/ben/pico-sdk/lib/tinyusb/src/device/usbd.c.o
                0x1000533c                tud_suspend_cb
 .text.tud_resume_cb
                0x10005340        0x4 CMakeFiles/vigia_pico_hello.dir/Users/ben/pico-sdk/lib/tinyusb/src/device/usbd.c.o
                0x10005340                tud_resume_cb
 .text.tud_mounted
                0x10005344       0x10 CMakeFiles/vigia_pico_hello.dir/Users/ben/pico-sdk/lib/tinyusb/src/device/usbd.c.o
                0x10005344                tud_mounted
 .text.tud_suspended
                0x10005354       0x10 CMakeFiles/vigia_pico_hello.dir/Users/ben/pico-sdk/lib/tinyusb/src/device/usbd.c.o
                0x10005354                tud_suspended
 .text.tud_rhport_init
                0x10005364       0xf0 CMakeFiles/vigia_pico_hello.dir/Users/ben/pico-sdk/lib/tinyusb/src/device/usbd.c.o
                0x10005364                tud_rhport_init
 .text.tud_task_ext
                0x10005454      0x7cc CMakeFiles/vigia_pico_hello.dir/Users/ben/pico-sdk/lib/tinyusb/src/device/usbd.c.o
                0x10005454                tud_task_ext
 .text.usbd_open_edpt_pair
                0x10005c20       0xa0 CMakeFiles/vigia_pico_hello.dir/Users/ben/pico-sdk/lib/tinyusb/src/device/usbd.c.o
                0x10005c20                usbd_open_edpt_pair
 .text.usbd_edpt_open
                0x10005cc0       0x5c CMakeFiles/vigia_pico_hello.dir/Users/ben/pico-sdk/lib/tinyusb/src/device/usbd.c.o
                0x10005cc0                usbd_edpt_open
 .text.usbd_edpt_claim
                0x10005d1c       0x24 CMakeFiles/vigia_pico_hello.dir/Users/ben/pico-sdk/lib/tinyusb/src/device/usbd.c.o
                0x10005d1c                usbd_edpt_claim
 .text.usbd_edpt_release
                0x10005d40       0x24 CMakeFiles/vigia_pico_hello.dir/Users/ben/pico-sdk/lib/tinyusb/src/device/usbd.c.o
                0x10005d40                usbd_edpt_release
 .text.usbd_edpt_xfer
                0x10005d64       0x70 CMakeFiles/vigia_pico_hello.dir/Users/ben/pico-sdk/lib/tinyusb/src/device/usbd.c.o
                0x10005d64                usbd_edpt_xfer
 .text.tud_control_status
                0x10005dd4       0x38 CMakeFiles/vigia_pico_hello.dir/Users/ben/pico-sdk/lib/tinyusb/src/device/usbd_control.c.o
                0x10005dd4                tud_control_status
 .text.tud_control_xfer
                0x10005e0c       0xb4 CMakeFiles/vigia_pico_hello.dir/Users/ben/pico-sdk/lib/tinyusb/src/device/usbd_control.c.o
                0x10005e0c                tud_control_xfer
 .text.usbd_control_reset
                0x10005ec0       0x14 CMakeFiles/vigia_pico_hello.dir/Users/ben/pico-sdk/lib/tinyusb/src/device/usbd_control.c.o
                0x10005ec0                usbd_control_reset
 .text.usbd_control_set_complete_callback
                0x10005ed4        0xc CMakeFiles/vigia_pico_hello.dir/Users/ben/pico-sdk/lib/tinyusb/src/device/usbd_control.c.o
                0x10005ed4                usbd_control_set_complete_callback
 .text.usbd_control_set_request
                0x10005ee0       0x1c CMakeFiles/vigia_pico_hello.dir/Users/ben/pico-sdk/lib/tinyusb/src/device/usbd_control.c.o
                0x10005ee0                usbd_control_set_request
 .text.usbd_control_xfer_cb
                0x10005efc      0x104 CMakeFiles/vigia_pico_hello.dir/Users/ben/pico-sdk/lib/tinyusb/src/device/usbd_control.c.o
                0x10005efc                usbd_control_xfer_cb
 .text._prep_out_transaction.isra.0
                0x10006000       0x80 CMakeFiles/vigia_pico_hello.dir/Users/ben/pico-sdk/lib/tinyusb/src/class/cdc/cdc_device.c.o
 .text.tud_cdc_n_connected
                0x10006080       0x2c CMakeFiles/vigia_pico_hello.dir/Users/ben/pico-sdk/lib/tinyusb/src/class/cdc/cdc_device.c.o
                0x10006080                tud_cdc_n_connected
 .text.tud_cdc_n_available
                0x100060ac       0x14 CMakeFiles/vigia_pico_hello.dir/Users/ben/pico-sdk/lib/tinyusb/src/class/cdc/cdc_device.c.o
                0x100060ac                tud_cdc_n_available
 .text.tud_cdc_n_read
                0x100060c0       0x8c CMakeFiles/vigia_pico_hello.dir/Users/ben/pico-sdk/lib/tinyusb/src/class/cdc/cdc_device.c.o
                0x100060c0                tud_cdc_n_read
 .text.tud_cdc_n_write_flush
                0x1000614c       0x94 CMakeFiles/vigia_pico_hello.dir/Users/ben/pico-sdk/lib/tinyusb/src/class/cdc/cdc_device.c.o
                0x1000614c                tud_cdc_n_write_flush
 .text.tud_cdc_n_write
                0x100061e0       0x3c CMakeFiles/vigia_pico_hello.dir/Users/ben/pico-sdk/lib/tinyusb/src/class/cdc/cdc_device.c.o
                0x100061e0                tud_cdc_n_write
 .text.tud_cdc_n_write_available
                0x1000621c       0x14 CMakeFiles/vigia_pico_hello.dir/Users/ben/pico-sdk/lib/tinyusb/src/class/cdc/cdc_device.c.o
                0x1000621c                tud_cdc_n_write_available
 .text.cdcd_init
                0x10006230       0x74 CMakeFiles/vigia_pico_hello.dir/Users/ben/pico-sdk/lib/tinyusb/src/class/cdc/cdc_device.c.o
                0x10006230                cdcd_init
 .text.cdcd_deinit
                0x100062a4       0x30 CMakeFiles/vigia_pico_hello.dir/Users/ben/pico-sdk/lib/tinyusb/src/class/cdc/cdc_device.c.o
                0x100062a4                cdcd_deinit
 .text.cdcd_reset
                0x100062d4       0x50 CMakeFiles/vigia_pico_hello.dir/Users/ben/pico-sdk/lib/tinyusb/src/class/cdc/cdc_device.c.o
                0x100062d4                cdcd_reset
 .text.cdcd_open
                0x10006324       0xd0 CMakeFiles/vigia_pico_hello.dir/Users/ben/pico-sdk/lib/tinyusb/src/class/cdc/cdc_device.c.o
                0x10006324                cdcd_open
 .text.cdcd_control_xfer_cb
                0x100063f4       0xd0 CMakeFiles/vigia_pico_hello.dir/Users/ben/pico-sdk/lib/tinyusb/src/class/cdc/cdc_device.c.o
                0x100063f4                cdcd_control_xfer_cb
 .text.cdcd_xfer_cb
                0x100064c4       0xf8 CMakeFiles/vigia_pico_hello.dir/Users/ben/pico-sdk/lib/tinyusb/src/class/cdc/cdc_device.c.o
                0x100064c4                cdcd_xfer_cb
 .text.vendord_init
                0x100065bc       0x5c CMakeFiles/vigia_pico_hello.dir/Users/ben/pico-sdk/lib/tinyusb/src/class/vendor/vendor_device.c.o
                0x100065bc                vendord_init
 .text.vendord_deinit
                0x10006618       0x1c CMakeFiles/vigia_pico_hello.dir/Users/ben/pico-sdk/lib/tinyusb/src/class/vendor/vendor_device.c.o
                0x10006618                vendord_deinit
 .text.vendord_reset
                0x10006634       0x24 CMakeFiles/vigia_pico_hello.dir/Users/ben/pico-sdk/lib/tinyusb/src/class/vendor/vendor_device.c.o
                0x10006634                vendord_reset
 .text.vendord_open
                0x10006658       0xf4 CMakeFiles/vigia_pico_hello.dir/Users/ben/pico-sdk/lib/tinyusb/src/class/vendor/vendor_device.c.o
                0x10006658                vendord_open
 .text.vendord_xfer_cb
                0x1000674c       0x98 CMakeFiles/vigia_pico_hello.dir/Users/ben/pico-sdk/lib/tinyusb/src/class/vendor/vendor_device.c.o
                0x1000674c                vendord_xfer_cb
 .text.tusb_rhport_init
                0x100067e4       0x6c CMakeFiles/vigia_pico_hello.dir/Users/ben/pico-sdk/lib/tinyusb/src/tusb.c.o
                0x100067e4                tusb_rhport_init
 .text.tu_edpt_claim
                0x10006850       0x60 CMakeFiles/vigia_pico_hello.dir/Users/ben/pico-sdk/lib/tinyusb/src/tusb.c.o
                0x10006850                tu_edpt_claim
 .text.tu_edpt_release
                0x100068b0       0x38 CMakeFiles/vigia_pico_hello.dir/Users/ben/pico-sdk/lib/tinyusb/src/tusb.c.o
                0x100068b0                tu_edpt_release
 .text.tu_edpt_validate
                0x100068e8       0x60 CMakeFiles/vigia_pico_hello.dir/Users/ben/pico-sdk/lib/tinyusb/src/tusb.c.o
                0x100068e8                tu_edpt_validate
 .text.tu_edpt_bind_driver
                0x10006948       0x54 CMakeFiles/vigia_pico_hello.dir/Users/ben/pico-sdk/lib/tinyusb/src/tusb.c.o
                0x10006948                tu_edpt_bind_driver
 .text.tu_edpt_stream_init
                0x1000699c       0x58 CMakeFiles/vigia_pico_hello.dir/Users/ben/pico-sdk/lib/tinyusb/src/tusb.c.o
                0x1000699c                tu_edpt_stream_init
 .text.tu_edpt_stream_deinit
                0x100069f4        0x4 CMakeFiles/vigia_pico_hello.dir/Users/ben/pico-sdk/lib/tinyusb/src/tusb.c.o
                0x100069f4                tu_edpt_stream_deinit
 .text.tu_edpt_stream_write_zlp_if_needed
                0x100069f8       0x6c CMakeFiles/vigia_pico_hello.dir/Users/ben/pico-sdk/lib/tinyusb/src/tusb.c.o
                0x100069f8                tu_edpt_stream_write_zlp_if_needed
 .text.tu_edpt_stream_write_xfer
                0x10006a64       0x74 CMakeFiles/vigia_pico_hello.dir/Users/ben/pico-sdk/lib/tinyusb/src/tusb.c.o
                0x10006a64                tu_edpt_stream_write_xfer
 .text.tu_edpt_stream_read_xfer
                0x10006ad8       0xd0 CMakeFiles/vigia_pico_hello.dir/Users/ben/pico-sdk/lib/tinyusb/src/tusb.c.o
                0x10006ad8                tu_edpt_stream_read_xfer
 .text.tu_fifo_config
                0x10006ba8       0x60 CMakeFiles/vigia_pico_hello.dir/Users/ben/pico-sdk/lib/tinyusb/src/common/tusb_fifo.c.o
                0x10006ba8                tu_fifo_config
 .text.tu_fifo_count
                0x10006c08       0x20 CMakeFiles/vigia_pico_hello.dir/Users/ben/pico-sdk/lib/tinyusb/src/common/tusb_fifo.c.o
                0x10006c08                tu_fifo_count
 .text.tu_fifo_empty
                0x10006c28       0x14 CMakeFiles/vigia_pico_hello.dir/Users/ben/pico-sdk/lib/tinyusb/src/common/tusb_fifo.c.o
                0x10006c28                tu_fifo_empty
 .text.tu_fifo_remaining
                0x10006c3c       0x24 CMakeFiles/vigia_pico_hello.dir/Users/ben/pico-sdk/lib/tinyusb/src/common/tusb_fifo.c.o
                0x10006c3c                tu_fifo_remaining
 .text.tu_fifo_read
                0x10006c60       0x9c CMakeFiles/vigia_pico_hello.dir/Users/ben/pico-sdk/lib/tinyusb/src/common/tusb_fifo.c.o
                0x10006c60                tu_fifo_read
 .text.tu_fifo_read_n
                0x10006cfc       0xe0 CMakeFiles/vigia_pico_hello.dir/Users/ben/pico-sdk/lib/tinyusb/src/common/tusb_fifo.c.o
                0x10006cfc                tu_fifo_read_n
 .text.tu_fifo_write
                0x10006ddc       0xa8 CMakeFiles/vigia_pico_hello.dir/Users/ben/pico-sdk/lib/tinyusb/src/common/tusb_fifo.c.o
                0x10006ddc                tu_fifo_write
 .text.tu_fifo_write_n
                0x10006e84      0x150 CMakeFiles/vigia_pico_hello.dir/Users/ben/pico-sdk/lib/tinyusb/src/common/tusb_fifo.c.o
                0x10006e84                tu_fifo_write_n
 .text.tu_fifo_clear
                0x10006fd4       0x38 CMakeFiles/vigia_pico_hello.dir/Users/ben/pico-sdk/lib/tinyusb/src/common/tusb_fifo.c.o
                0x10006fd4                tu_fifo_clear
 .text.tu_fifo_set_overwritable
                0x1000700c       0x3c CMakeFiles/vigia_pico_hello.dir/Users/ben/pico-sdk/lib/tinyusb/src/common/tusb_fifo.c.o
                0x1000700c                tu_fifo_set_overwritable
 .text._calloc_r
                0x10007048       0x7c /Applications/ArmGNUToolchain/15.2.rel1/arm-none-eabi/bin/../lib/gcc/arm-none-eabi/15.2.1/../../../../arm-none-eabi/lib/thumb/v8-m.main+fp/softfp/libg.a(libc_a-callocr.o)
                0x10007048                _calloc_r
 .text._malloc_r
                0x100070c4      0x5a8 /Applications/ArmGNUToolchain/15.2.rel1/arm-none-eabi/bin/../lib/gcc/arm-none-eabi/15.2.1/../../../../arm-none-eabi/lib/thumb/v8-m.main+fp/softfp/libg.a(libc_a-mallocr.o)
                0x100070c4                _malloc_r
 .text.__malloc_lock
                0x1000766c        0xc /Applications/ArmGNUToolchain/15.2.rel1/arm-none-eabi/bin/../lib/gcc/arm-none-eabi/15.2.1/../../../../arm-none-eabi/lib/thumb/v8-m.main+fp/softfp/libg.a(libc_a-mlock.o)
                0x1000766c                __malloc_lock
 .text.__malloc_unlock
                0x10007678        0xc /Applications/ArmGNUToolchain/15.2.rel1/arm-none-eabi/bin/../lib/gcc/arm-none-eabi/15.2.1/../../../../arm-none-eabi/lib/thumb/v8-m.main+fp/softfp/libg.a(libc_a-mlock.o)
                0x10007678                __malloc_unlock
 *fill*         0x10007684        0x4 
 .text._strtod_l
                0x10007688     0x10fc /Applications/ArmGNUToolchain/15.2.rel1/arm-none-eabi/bin/../lib/gcc/arm-none-eabi/15.2.1/../../../../arm-none-eabi/lib/thumb/v8-m.main+fp/softfp/libg.a(libc_a-strtod.o)
                0x10007688                _strtod_l
 .text.strtod   0x10008784       0x1c /Applications/ArmGNUToolchain/15.2.rel1/arm-none-eabi/bin/../lib/gcc/arm-none-eabi/15.2.1/../../../../arm-none-eabi/lib/thumb/v8-m.main+fp/softfp/libg.a(libc_a-strtod.o)
                0x10008784                strtod
 .text._strtol_l.part.0
                0x100087a0      0x1d8 /Applications/ArmGNUToolchain/15.2.rel1/arm-none-eabi/bin/../lib/gcc/arm-none-eabi/15.2.1/../../../../arm-none-eabi/lib/thumb/v8-m.main+fp/softfp/libg.a(libc_a-strtol.o)
 .text.strtol   0x10008978       0x2c /Applications/ArmGNUToolchain/15.2.rel1/arm-none-eabi/bin/../lib/gcc/arm-none-eabi/15.2.1/../../../../arm-none-eabi/lib/thumb/v8-m.main+fp/softfp/libg.a(libc_a-strtol.o)
                0x10008978                strtol
 .text._strtoul_l.isra.0
                0x100089a4      0x12c /Applications/ArmGNUToolchain/15.2.rel1/arm-none-eabi/bin/../lib/gcc/arm-none-eabi/15.2.1/../../../../arm-none-eabi/lib/thumb/v8-m.main+fp/softfp/libg.a(libc_a-strtoul.o)
 .text.strtoul  0x10008ad0       0x18 /Applications/ArmGNUToolchain/15.2.rel1/arm-none-eabi/bin/../lib/gcc/arm-none-eabi/15.2.1/../../../../arm-none-eabi/lib/thumb/v8-m.main+fp/softfp/libg.a(libc_a-strtoul.o)
                0x10008ad0                strtoul
 .text.__sflush_r
                0x10008ae8      0x134 /Applications/ArmGNUToolchain/15.2.rel1/arm-none-eabi/bin/../lib/gcc/arm-none-eabi/15.2.1/../../../../arm-none-eabi/lib/thumb/v8-m.main+fp/softfp/libg.a(libc_a-fflush.o)
                0x10008ae8                __sflush_r
 .text._fflush_r
                0x10008c1c       0x70 /Applications/ArmGNUToolchain/15.2.rel1/arm-none-eabi/bin/../lib/gcc/arm-none-eabi/15.2.1/../../../../arm-none-eabi/lib/thumb/v8-m.main+fp/softfp/libg.a(libc_a-fflush.o)
                0x10008c1c                _fflush_r
 .text.fflush   0x10008c8c       0x90 /Applications/ArmGNUToolchain/15.2.rel1/arm-none-eabi/bin/../lib/gcc/arm-none-eabi/15.2.1/../../../../arm-none-eabi/lib/thumb/v8-m.main+fp/softfp/libg.a(libc_a-fflush.o)
                0x10008c8c                fflush
 .text.stdio_exit_handler
                0x10008d1c       0x18 /Applications/ArmGNUToolchain/15.2.rel1/arm-none-eabi/bin/../lib/gcc/arm-none-eabi/15.2.1/../../../../arm-none-eabi/lib/thumb/v8-m.main+fp/softfp/libg.a(libc_a-findfp.o)
 .text.cleanup_stdio
                0x10008d34       0x40 /Applications/ArmGNUToolchain/15.2.rel1/arm-none-eabi/bin/../lib/gcc/arm-none-eabi/15.2.1/../../../../arm-none-eabi/lib/thumb/v8-m.main+fp/softfp/libg.a(libc_a-findfp.o)
 .text.global_stdio_init.part.0
                0x10008d74       0xf0 /Applications/ArmGNUToolchain/15.2.rel1/arm-none-eabi/bin/../lib/gcc/arm-none-eabi/15.2.1/../../../../arm-none-eabi/lib/thumb/v8-m.main+fp/softfp/libg.a(libc_a-findfp.o)
 .text.__sinit  0x10008e64       0x3c /Applications/ArmGNUToolchain/15.2.rel1/arm-none-eabi/bin/../lib/gcc/arm-none-eabi/15.2.1/../../../../arm-none-eabi/lib/thumb/v8-m.main+fp/softfp/libg.a(libc_a-findfp.o)
                0x10008e64                __sinit
 .text.__sfp_lock_acquire
                0x10008ea0        0xc /Applications/ArmGNUToolchain/15.2.rel1/arm-none-eabi/bin/../lib/gcc/arm-none-eabi/15.2.1/../../../../arm-none-eabi/lib/thumb/v8-m.main+fp/softfp/libg.a(libc_a-findfp.o)
                0x10008ea0                __sfp_lock_acquire
 .text.__sfp_lock_release
                0x10008eac        0xc /Applications/ArmGNUToolchain/15.2.rel1/arm-none-eabi/bin/../lib/gcc/arm-none-eabi/15.2.1/../../../../arm-none-eabi/lib/thumb/v8-m.main+fp/softfp/libg.a(libc_a-findfp.o)
                0x10008eac                __sfp_lock_release
 .text.memcmp   0x10008eb8       0x80 /Applications/ArmGNUToolchain/15.2.rel1/arm-none-eabi/bin/../lib/gcc/arm-none-eabi/15.2.1/../../../../arm-none-eabi/lib/thumb/v8-m.main+fp/softfp/libg.a(libc_a-memcmp.o)
                0x10008eb8                memcmp
 .text.memset   0x10008f38       0x88 /Applications/ArmGNUToolchain/15.2.rel1/arm-none-eabi/bin/../lib/gcc/arm-none-eabi/15.2.1/../../../../arm-none-eabi/lib/thumb/v8-m.main+fp/softfp/libg.a(libc_a-memset.o)
                0x10008f38                memset
 .text.strncmp  0x10008fc0       0x74 /Applications/ArmGNUToolchain/15.2.rel1/arm-none-eabi/bin/../lib/gcc/arm-none-eabi/15.2.1/../../../../arm-none-eabi/lib/thumb/v8-m.main+fp/softfp/libg.a(libc_a-strncmp.o)
                0x10008fc0                strncmp
 .text.critical_factorization
                0x10009034       0xcc /Applications/ArmGNUToolchain/15.2.rel1/arm-none-eabi/bin/../lib/gcc/arm-none-eabi/15.2.1/../../../../arm-none-eabi/lib/thumb/v8-m.main+fp/softfp/libg.a(libc_a-strstr.o)
 .text.two_way_long_needle
                0x10009100      0x214 /Applications/ArmGNUToolchain/15.2.rel1/arm-none-eabi/bin/../lib/gcc/arm-none-eabi/15.2.1/../../../../arm-none-eabi/lib/thumb/v8-m.main+fp/softfp/libg.a(libc_a-strstr.o)
 .text.strstr   0x10009314      0x164 /Applications/ArmGNUToolchain/15.2.rel1/arm-none-eabi/bin/../lib/gcc/arm-none-eabi/15.2.1/../../../../arm-none-eabi/lib/thumb/v8-m.main+fp/softfp/libg.a(libc_a-strstr.o)
                0x10009314                strstr
 .text._sbrk_r  0x10009478       0x24 /Applications/ArmGNUToolchain/15.2.rel1/arm-none-eabi/bin/../lib/gcc/arm-none-eabi/15.2.1/../../../../arm-none-eabi/lib/thumb/v8-m.main+fp/softfp/libg.a(libc_a-sbrkr.o)
                0x10009478                _sbrk_r
 .text.__errno  0x1000949c        0xc /Applications/ArmGNUToolchain/15.2.rel1/arm-none-eabi/bin/../lib/gcc/arm-none-eabi/15.2.1/../../../../arm-none-eabi/lib/thumb/v8-m.main+fp/softfp/libg.a(libc_a-errno.o)
                0x1000949c                __errno
 .text.sysconf  0x100094a8       0x1c /Applications/ArmGNUToolchain/15.2.rel1/arm-none-eabi/bin/../lib/gcc/arm-none-eabi/15.2.1/../../../../arm-none-eabi/lib/thumb/v8-m.main+fp/softfp/libg.a(libc_a-sysconf.o)
                0x100094a8                sysconf
 .text.__retarget_lock_init_recursive
                0x100094c4        0x4 /Applications/ArmGNUToolchain/15.2.rel1/arm-none-eabi/bin/../lib/gcc/arm-none-eabi/15.2.1/../../../../arm-none-eabi/lib/thumb/v8-m.main+fp/softfp/libg.a(libc_a-lock.o)
                0x100094c4                __retarget_lock_init_recursive
 .text.__retarget_lock_close_recursive
                0x100094c8        0x4 /Applications/ArmGNUToolchain/15.2.rel1/arm-none-eabi/bin/../lib/gcc/arm-none-eabi/15.2.1/../../../../arm-none-eabi/lib/thumb/v8-m.main+fp/softfp/libg.a(libc_a-lock.o)
                0x100094c8                __retarget_lock_close_recursive
 .text.__retarget_lock_acquire_recursive
                0x100094cc        0x4 /Applications/ArmGNUToolchain/15.2.rel1/arm-none-eabi/bin/../lib/gcc/arm-none-eabi/15.2.1/../../../../arm-none-eabi/lib/thumb/v8-m.main+fp/softfp/libg.a(libc_a-lock.o)
                0x100094cc                __retarget_lock_acquire_recursive
 .text.__retarget_lock_release_recursive
                0x100094d0        0x4 /Applications/ArmGNUToolchain/15.2.rel1/arm-none-eabi/bin/../lib/gcc/arm-none-eabi/15.2.1/../../../../arm-none-eabi/lib/thumb/v8-m.main+fp/softfp/libg.a(libc_a-lock.o)
                0x100094d0                __retarget_lock_release_recursive
 .text          0x100094d4       0xec /Applications/ArmGNUToolchain/15.2.rel1/arm-none-eabi/bin/../lib/gcc/arm-none-eabi/15.2.1/../../../../arm-none-eabi/lib/thumb/v8-m.main+fp/softfp/libg.a(libc_a-memcpy.o)
                0x100094d4                memcpy
 .text.strlen   0x100095c0       0x5c /Applications/ArmGNUToolchain/15.2.rel1/arm-none-eabi/bin/../lib/gcc/arm-none-eabi/15.2.1/../../../../arm-none-eabi/lib/thumb/v8-m.main+fp/softfp/libg.a(libc_a-strlen-stub.o)
                0x100095c0                strlen
 .text.nan      0x1000961c        0xc /Applications/ArmGNUToolchain/15.2.rel1/arm-none-eabi/bin/../lib/gcc/arm-none-eabi/15.2.1/../../../../arm-none-eabi/lib/thumb/v8-m.main+fp/softfp/libg.a(libm_a-s_nan.o)
                0x1000961c                nan
 .text._malloc_trim_r
                0x10009628       0xac /Applications/ArmGNUToolchain/15.2.rel1/arm-none-eabi/bin/../lib/gcc/arm-none-eabi/15.2.1/../../../../arm-none-eabi/lib/thumb/v8-m.main+fp/softfp/libg.a(libc_a-freer.o)
                0x10009628                _malloc_trim_r
 .text._free_r  0x100096d4      0x208 /Applications/ArmGNUToolchain/15.2.rel1/arm-none-eabi/bin/../lib/gcc/arm-none-eabi/15.2.1/../../../../arm-none-eabi/lib/thumb/v8-m.main+fp/softfp/libg.a(libc_a-freer.o)
                0x100096d4                _free_r
 .text.rshift   0x100098dc       0xb8 /Applications/ArmGNUToolchain/15.2.rel1/arm-none-eabi/bin/../lib/gcc/arm-none-eabi/15.2.1/../../../../arm-none-eabi/lib/thumb/v8-m.main+fp/softfp/libg.a(libc_a-gdtoa-gethex.o)
 .text.__gethex
                0x10009994      0x5e0 /Applications/ArmGNUToolchain/15.2.rel1/arm-none-eabi/bin/../lib/gcc/arm-none-eabi/15.2.1/../../../../arm-none-eabi/lib/thumb/v8-m.main+fp/softfp/libg.a(libc_a-gdtoa-gethex.o)
                0x10009994                __gethex
 .text.__match  0x10009f74       0x48 /Applications/ArmGNUToolchain/15.2.rel1/arm-none-eabi/bin/../lib/gcc/arm-none-eabi/15.2.1/../../../../arm-none-eabi/lib/thumb/v8-m.main+fp/softfp/libg.a(libc_a-gdtoa-hexnan.o)
                0x10009f74                __match
 .text.__hexnan
                0x10009fbc      0x1cc /Applications/ArmGNUToolchain/15.2.rel1/arm-none-eabi/bin/../lib/gcc/arm-none-eabi/15.2.1/../../../../arm-none-eabi/lib/thumb/v8-m.main+fp/softfp/libg.a(libc_a-gdtoa-hexnan.o)
                0x10009fbc                __hexnan
 .text.__ascii_mbtowc
                0x1000a188       0x2c /Applications/ArmGNUToolchain/15.2.rel1/arm-none-eabi/bin/../lib/gcc/arm-none-eabi/15.2.1/../../../../arm-none-eabi/lib/thumb/v8-m.main+fp/softfp/libg.a(libc_a-mbtowc_r.o)
                0x1000a188                __ascii_mbtowc
 .text._Balloc  0x1000a1b4       0x4c /Applications/ArmGNUToolchain/15.2.rel1/arm-none-eabi/bin/../lib/gcc/arm-none-eabi/15.2.1/../../../../arm-none-eabi/lib/thumb/v8-m.main+fp/softfp/libg.a(libc_a-mprec.o)
                0x1000a1b4                _Balloc
 .text._Bfree   0x1000a200       0x14 /Applications/ArmGNUToolchain/15.2.rel1/arm-none-eabi/bin/../lib/gcc/arm-none-eabi/15.2.1/../../../../arm-none-eabi/lib/thumb/v8-m.main+fp/softfp/libg.a(libc_a-mprec.o)
                0x1000a200                _Bfree
 .text.__multadd
                0x1000a214       0xa8 /Applications/ArmGNUToolchain/15.2.rel1/arm-none-eabi/bin/../lib/gcc/arm-none-eabi/15.2.1/../../../../arm-none-eabi/lib/thumb/v8-m.main+fp/softfp/libg.a(libc_a-mprec.o)
                0x1000a214                __multadd
 .text.__s2b    0x1000a2bc       0xa8 /Applications/ArmGNUToolchain/15.2.rel1/arm-none-eabi/bin/../lib/gcc/arm-none-eabi/15.2.1/../../../../arm-none-eabi/lib/thumb/v8-m.main+fp/softfp/libg.a(libc_a-mprec.o)
                0x1000a2bc                __s2b
 .text.__hi0bits
                0x1000a364       0x54 /Applications/ArmGNUToolchain/15.2.rel1/arm-none-eabi/bin/../lib/gcc/arm-none-eabi/15.2.1/../../../../arm-none-eabi/lib/thumb/v8-m.main+fp/softfp/libg.a(libc_a-mprec.o)
                0x1000a364                __hi0bits
 .text.__lo0bits
                0x1000a3b8       0x80 /Applications/ArmGNUToolchain/15.2.rel1/arm-none-eabi/bin/../lib/gcc/arm-none-eabi/15.2.1/../../../../arm-none-eabi/lib/thumb/v8-m.main+fp/softfp/libg.a(libc_a-mprec.o)
                0x1000a3b8                __lo0bits
 .text.__i2b    0x1000a438       0x5c /Applications/ArmGNUToolchain/15.2.rel1/arm-none-eabi/bin/../lib/gcc/arm-none-eabi/15.2.1/../../../../arm-none-eabi/lib/thumb/v8-m.main+fp/softfp/libg.a(libc_a-mprec.o)
                0x1000a438                __i2b
 .text.__multiply
                0x1000a494      0x188 /Applications/ArmGNUToolchain/15.2.rel1/arm-none-eabi/bin/../lib/gcc/arm-none-eabi/15.2.1/../../../../arm-none-eabi/lib/thumb/v8-m.main+fp/softfp/libg.a(libc_a-mprec.o)
                0x1000a494                __multiply
 .text.__pow5mult
                0x1000a61c       0xb8 /Applications/ArmGNUToolchain/15.2.rel1/arm-none-eabi/bin/../lib/gcc/arm-none-eabi/15.2.1/../../../../arm-none-eabi/lib/thumb/v8-m.main+fp/softfp/libg.a(libc_a-mprec.o)
                0x1000a61c                __pow5mult
 .text.__lshift
                0x1000a6d4       0xe4 /Applications/ArmGNUToolchain/15.2.rel1/arm-none-eabi/bin/../lib/gcc/arm-none-eabi/15.2.1/../../../../arm-none-eabi/lib/thumb/v8-m.main+fp/softfp/libg.a(libc_a-mprec.o)
                0x1000a6d4                __lshift
 .text.__mcmp   0x1000a7b8       0x40 /Applications/ArmGNUToolchain/15.2.rel1/arm-none-eabi/bin/../lib/gcc/arm-none-eabi/15.2.1/../../../../arm-none-eabi/lib/thumb/v8-m.main+fp/softfp/libg.a(libc_a-mprec.o)
                0x1000a7b8                __mcmp
 .text.__mdiff  0x1000a7f8      0x188 /Applications/ArmGNUToolchain/15.2.rel1/arm-none-eabi/bin/../lib/gcc/arm-none-eabi/15.2.1/../../../../arm-none-eabi/lib/thumb/v8-m.main+fp/softfp/libg.a(libc_a-mprec.o)
                0x1000a7f8                __mdiff
 .text.__ulp    0x1000a980       0x4c /Applications/ArmGNUToolchain/15.2.rel1/arm-none-eabi/bin/../lib/gcc/arm-none-eabi/15.2.1/../../../../arm-none-eabi/lib/thumb/v8-m.main+fp/softfp/libg.a(libc_a-mprec.o)
                0x1000a980                __ulp
 .text.__b2d    0x1000a9cc       0xac /Applications/ArmGNUToolchain/15.2.rel1/arm-none-eabi/bin/../lib/gcc/arm-none-eabi/15.2.1/../../../../arm-none-eabi/lib/thumb/v8-m.main+fp/softfp/libg.a(libc_a-mprec.o)
                0x1000a9cc                __b2d
 .text.__d2b    0x1000aa78       0xb8 /Applications/ArmGNUToolchain/15.2.rel1/arm-none-eabi/bin/../lib/gcc/arm-none-eabi/15.2.1/../../../../arm-none-eabi/lib/thumb/v8-m.main+fp/softfp/libg.a(libc_a-mprec.o)
                0x1000aa78                __d2b
 .text.__ratio  0x1000ab30       0x5c /Applications/ArmGNUToolchain/15.2.rel1/arm-none-eabi/bin/../lib/gcc/arm-none-eabi/15.2.1/../../../../arm-none-eabi/lib/thumb/v8-m.main+fp/softfp/libg.a(libc_a-mprec.o)
                0x1000ab30                __ratio
 .text.__copybits
                0x1000ab8c       0x4c /Applications/ArmGNUToolchain/15.2.rel1/arm-none-eabi/bin/../lib/gcc/arm-none-eabi/15.2.1/../../../../arm-none-eabi/lib/thumb/v8-m.main+fp/softfp/libg.a(libc_a-mprec.o)
                0x1000ab8c                __copybits
 .text.__any_on
                0x1000abd8       0x3c /Applications/ArmGNUToolchain/15.2.rel1/arm-none-eabi/bin/../lib/gcc/arm-none-eabi/15.2.1/../../../../arm-none-eabi/lib/thumb/v8-m.main+fp/softfp/libg.a(libc_a-mprec.o)
                0x1000abd8                __any_on
 .text._fwalk_sglue
                0x1000ac14       0x44 /Applications/ArmGNUToolchain/15.2.rel1/arm-none-eabi/bin/../lib/gcc/arm-none-eabi/15.2.1/../../../../arm-none-eabi/lib/thumb/v8-m.main+fp/softfp/libg.a(libc_a-fwalk.o)
                0x1000ac14                _fwalk_sglue
 .text.__ascii_wctomb
                0x1000ac58       0x20 /Applications/ArmGNUToolchain/15.2.rel1/arm-none-eabi/bin/../lib/gcc/arm-none-eabi/15.2.1/../../../../arm-none-eabi/lib/thumb/v8-m.main+fp/softfp/libg.a(libc_a-wctomb_r.o)
                0x1000ac58                __ascii_wctomb
 .text._fclose_r
                0x1000ac78       0xc4 /Applications/ArmGNUToolchain/15.2.rel1/arm-none-eabi/bin/../lib/gcc/arm-none-eabi/15.2.1/../../../../arm-none-eabi/lib/thumb/v8-m.main+fp/softfp/libg.a(libc_a-fclose.o)
                0x1000ac78                _fclose_r
 .text.__sread  0x1000ad3c       0x24 /Applications/ArmGNUToolchain/15.2.rel1/arm-none-eabi/bin/../lib/gcc/arm-none-eabi/15.2.1/../../../../arm-none-eabi/lib/thumb/v8-m.main+fp/softfp/libg.a(libc_a-stdio.o)
                0x1000ad3c                __sread
 .text.__swrite
                0x1000ad60       0x40 /Applications/ArmGNUToolchain/15.2.rel1/arm-none-eabi/bin/../lib/gcc/arm-none-eabi/15.2.1/../../../../arm-none-eabi/lib/thumb/v8-m.main+fp/softfp/libg.a(libc_a-stdio.o)
                0x1000ad60                __swrite
 .text.__sseek  0x1000ada0       0x28 /Applications/ArmGNUToolchain/15.2.rel1/arm-none-eabi/bin/../lib/gcc/arm-none-eabi/15.2.1/../../../../arm-none-eabi/lib/thumb/v8-m.main+fp/softfp/libg.a(libc_a-stdio.o)
                0x1000ada0                __sseek
 .text.__sclose
                0x1000adc8        0x8 /Applications/ArmGNUToolchain/15.2.rel1/arm-none-eabi/bin/../lib/gcc/arm-none-eabi/15.2.1/../../../../arm-none-eabi/lib/thumb/v8-m.main+fp/softfp/libg.a(libc_a-stdio.o)
                0x1000adc8                __sclose
 .text.strchr   0x1000add0       0xd0 /Applications/ArmGNUToolchain/15.2.rel1/arm-none-eabi/bin/../lib/gcc/arm-none-eabi/15.2.1/../../../../arm-none-eabi/lib/thumb/v8-m.main+fp/softfp/libg.a(libc_a-strchr.o)
                0x1000add0                strchr
 .text.strnlen  0x1000aea0       0x20 /Applications/ArmGNUToolchain/15.2.rel1/arm-none-eabi/bin/../lib/gcc/arm-none-eabi/15.2.1/../../../../arm-none-eabi/lib/thumb/v8-m.main+fp/softfp/libg.a(libc_a-strnlen.o)
                0x1000aea0                strnlen
 .text._close_r
                0x1000aec0       0x24 /Applications/ArmGNUToolchain/15.2.rel1/arm-none-eabi/bin/../lib/gcc/arm-none-eabi/15.2.1/../../../../arm-none-eabi/lib/thumb/v8-m.main+fp/softfp/libg.a(libc_a-closer.o)
                0x1000aec0                _close_r
 .text._lseek_r
                0x1000aee4       0x28 /Applications/ArmGNUToolchain/15.2.rel1/arm-none-eabi/bin/../lib/gcc/arm-none-eabi/15.2.1/../../../../arm-none-eabi/lib/thumb/v8-m.main+fp/softfp/libg.a(libc_a-lseekr.o)
                0x1000aee4                _lseek_r
 .text._read_r  0x1000af0c       0x28 /Applications/ArmGNUToolchain/15.2.rel1/arm-none-eabi/bin/../lib/gcc/arm-none-eabi/15.2.1/../../../../arm-none-eabi/lib/thumb/v8-m.main+fp/softfp/libg.a(libc_a-readr.o)
                0x1000af0c                _read_r
 .text._write_r
                0x1000af34       0x28 /Applications/ArmGNUToolchain/15.2.rel1/arm-none-eabi/bin/../lib/gcc/arm-none-eabi/15.2.1/../../../../arm-none-eabi/lib/thumb/v8-m.main+fp/softfp/libg.a(libc_a-writer.o)
                0x1000af34                _write_r
 *(.fini)
 .fini          0x1000af5c        0x4 /Applications/ArmGNUToolchain/15.2.rel1/arm-none-eabi/bin/../lib/gcc/arm-none-eabi/15.2.1/thumb/v8-m.main+fp/softfp/crti.o
                0x1000af5c                _fini
 .fini.__stub   0x1000af60       0x58 linker stubs
 *crtbegin.o(.ctors)
 *crtbegin?.o(.ctors)
 *(EXCLUDE_FILE(*crtend.o *crtend?.o) .ctors)
 *(SORT_BY_NAME(.ctors.*))
 *(.ctors)
 *crtbegin.o(.dtors)
 *crtbegin?.o(.dtors)
 *(EXCLUDE_FILE(*crtend.o *crtend?.o) .dtors)
 *(SORT_BY_NAME(.dtors.*))
 *(.dtors)
                0x1000afb8                        . = ALIGN (0x4)
                0x1000afb8                        PROVIDE (__preinit_array_start = .)
 *(SORT_BY_NAME(.preinit_array.*))
 .preinit_array.00050
                0x1000afb8        0x4 CMakeFiles/vigia_pico_hello.dir/Users/ben/pico-sdk/src/rp2_common/pico_runtime_init/runtime_init.c.o
                0x1000afb8                __pre_init_runtime_init_bootrom_reset
 .preinit_array.00100
                0x1000afbc        0x4 CMakeFiles/vigia_pico_hello.dir/Users/ben/pico-sdk/src/rp2_common/pico_runtime_init/runtime_init.c.o
                0x1000afbc                __pre_init_runtime_init_early_resets
 .preinit_array.00101
                0x1000afc0        0x4 CMakeFiles/vigia_pico_hello.dir/Users/ben/pico-sdk/src/rp2_common/pico_runtime_init/runtime_init.c.o
                0x1000afc0                __pre_init_runtime_init_usb_power_down
 .preinit_array.00500
                0x1000afc4        0x4 CMakeFiles/vigia_pico_hello.dir/Users/ben/pico-sdk/src/rp2_common/pico_runtime_init/runtime_init.c.o
                0x1000afc4                __pre_init_runtime_init_clocks
 .preinit_array.00600
                0x1000afc8        0x4 CMakeFiles/vigia_pico_hello.dir/Users/ben/pico-sdk/src/rp2_common/pico_runtime_init/runtime_init.c.o
                0x1000afc8                __pre_init_runtime_init_post_clock_resets
 .preinit_array.01000
                0x1000afcc        0x4 CMakeFiles/vigia_pico_hello.dir/Users/ben/pico-sdk/src/rp2_common/hardware_boot_lock/boot_lock.c.o
                0x1000afcc                __pre_init_runtime_init_boot_locks_reset
 .preinit_array.01000
                0x1000afd0        0x4 CMakeFiles/vigia_pico_hello.dir/Users/ben/pico-sdk/src/rp2_common/pico_runtime_init/runtime_init.c.o
                0x1000afd0                __pre_init_runtime_init_spin_locks_reset
 .preinit_array.01010
                0x1000afd4        0x4 CMakeFiles/vigia_pico_hello.dir/Users/ben/pico-sdk/src/rp2_common/pico_bootrom/bootrom_lock.c.o
                0x1000afd4                __pre_init_runtime_init_bootrom_locking_enable
 .preinit_array.01100
                0x1000afd8        0x4 CMakeFiles/vigia_pico_hello.dir/Users/ben/pico-sdk/src/common/pico_sync/mutex.c.o
                0x1000afd8                __pre_init_runtime_init_mutex
 .preinit_array.10080
                0x1000afdc        0x4 CMakeFiles/vigia_pico_hello.dir/Users/ben/pico-sdk/src/rp2_common/pico_runtime_init/runtime_init.c.o
                0x1000afdc                __pre_init_runtime_init_install_ram_vector_table
 .preinit_array.11000
                0x1000afe0        0x4 CMakeFiles/vigia_pico_hello.dir/Users/ben/pico-sdk/src/common/pico_time/time.c.o
                0x1000afe0                __pre_init_runtime_init_default_alarm_pool
 .preinit_array.YYYYY
                0x1000afe4        0x4 CMakeFiles/vigia_pico_hello.dir/Users/ben/pico-sdk/src/rp2_common/pico_runtime/runtime.c.o
                0x1000afe4                __pre_init_first_per_core_initializer
 .preinit_array.ZZZZZ.00051
                0x1000afe8        0x4 CMakeFiles/vigia_pico_hello.dir/Users/ben/pico-sdk/src/rp2_common/pico_runtime_init/runtime_init.c.o
                0x1000afe8                __pre_init_runtime_init_per_core_bootrom_reset
 .preinit_array.ZZZZZ.00200
                0x1000afec        0x4 CMakeFiles/vigia_pico_hello.dir/Users/ben/pico-sdk/src/rp2_common/pico_runtime_init/runtime_init.c.o
                0x1000afec                __pre_init_runtime_init_per_core_enable_coprocessors
 .preinit_array.ZZZZZ.01000
                0x1000aff0        0x4 CMakeFiles/vigia_pico_hello.dir/Users/ben/pico-sdk/src/rp2_common/hardware_sync_spin_lock/sync_spin_lock.c.o
                0x1000aff0                __pre_init_spinlock_set_extexclall
 .preinit_array.ZZZZZ.01200
                0x1000aff4        0x4 CMakeFiles/vigia_pico_hello.dir/Users/ben/pico-sdk/src/rp2_common/hardware_irq/irq.c.o
                0x1000aff4                __pre_init_runtime_init_per_core_irq_priorities
 *(.preinit_array)
                0x1000aff8                        PROVIDE (__preinit_array_end = .)
                0x1000aff8                        . = ALIGN (0x4)
                0x1000aff8                        PROVIDE (__init_array_start = .)
 *(SORT_BY_NAME(.init_array.*))
 .init_array.01000
                0x1000aff8        0x4 CMakeFiles/vigia_pico_hello.dir/Users/ben/pico-sdk/src/rp2_common/pico_unique_id/unique_id.c.o
 *(.init_array)
 .init_array    0x1000affc        0x4 /Applications/ArmGNUToolchain/15.2.rel1/arm-none-eabi/bin/../lib/gcc/arm-none-eabi/15.2.1/thumb/v8-m.main+fp/softfp/crtbegin.o
                0x1000b000                        PROVIDE (__init_array_end = .)
                0x1000b000                        . = ALIGN (0x4)
                [!provide]                        PROVIDE (__fini_array_start = .)
 *(SORT_BY_NAME(.fini_array.*))
 *(.fini_array)
                [!provide]                        PROVIDE (__fini_array_end = .)
 *(.eh_frame*)
 .eh_frame      0x1000b000        0x0 /Applications/ArmGNUToolchain/15.2.rel1/arm-none-eabi/bin/../lib/gcc/arm-none-eabi/15.2.1/thumb/v8-m.main+fp/softfp/crtbegin.o
                0x1000b000                        . = ALIGN (0x4)

.glue_7         0x1000b000        0x0
 .glue_7        0x1000b000        0x0 linker stubs

.glue_7t        0x1000b000        0x0
 .glue_7t       0x1000b000        0x0 linker stubs

.vfp11_veneer   0x1000b000        0x0
 .vfp11_veneer  0x1000b000        0x0 linker stubs

.v4_bx          0x1000b000        0x0
 .v4_bx         0x1000b000        0x0 linker stubs

.iplt           0x1000b000        0x0
 .iplt          0x1000b000        0x0 /Applications/ArmGNUToolchain/15.2.rel1/arm-none-eabi/bin/../lib/gcc/arm-none-eabi/15.2.1/thumb/v8-m.main+fp/softfp/crtbegin.o

.boot2          0x1000b000        0x0
                0x1000b000                        __boot2_start__ = .
 *(.boot2)
                0x1000b000                        __boot2_end__ = .
                0x00000001                        ASSERT (((__boot2_end__ - __boot2_start__) <= 0x100), ERROR: Pico second stage bootloader must be no more than 256 bytes in size)

.rodata         0x1000b000      0x990
 *(EXCLUDE_FILE(*libm.a: *libc.a:*lib_a-mem*.o *libgcc.a:) .rodata*)
 .rodata.main.str1.4
                0x1000b000      0x3c2 CMakeFiles/vigia_pico_hello.dir/src/main.c.o
                                 0xc7 (size before relaxing)
 .rodata.neo_m8n_poll_uart.part.0.str1.4
                0x1000b3c2        0x0 CMakeFiles/vigia_pico_hello.dir/src/neo_m8n_driver.c.o
                                  0x8 (size before relaxing)
 *fill*         0x1000b3c2        0x2 
 .rodata.candidates.0
                0x1000b3c4        0xc CMakeFiles/vigia_pico_hello.dir/src/neo_m8n_driver.c.o
 .rodata.panic.str1.4
                0x1000b3d0        0x0 CMakeFiles/vigia_pico_hello.dir/Users/ben/pico-sdk/src/rp2_common/pico_platform_panic/panic.c.o
                                 0x12 (size before relaxing)
 .rodata.spin_lock_claim_unused.str1.4
                0x1000b3d0        0x0 CMakeFiles/vigia_pico_hello.dir/Users/ben/pico-sdk/src/rp2_common/hardware_sync/sync.c.o
                                 0x1b (size before relaxing)
 .rodata.user_irq_claim_unused.str1.4
                0x1000b3d0        0x0 CMakeFiles/vigia_pico_hello.dir/Users/ben/pico-sdk/src/rp2_common/hardware_irq/irq.c.o
                                 0x1b (size before relaxing)
 .rodata.at_the_end_of_time
                0x1000b3d0        0x8 CMakeFiles/vigia_pico_hello.dir/Users/ben/pico-sdk/src/common/pico_time/time.c.o
                0x1000b3d0                at_the_end_of_time
 .rodata.timer_hardware_alarm_claim.str1.4
                0x1000b3d8        0x0 CMakeFiles/vigia_pico_hello.dir/Users/ben/pico-sdk/src/rp2_common/hardware_timer/timer.c.o
                                 0x22 (size before relaxing)
 .rodata.hard_assertion_failure.str1.4
                0x1000b3d8        0x0 CMakeFiles/vigia_pico_hello.dir/Users/ben/pico-sdk/src/rp2_common/pico_runtime/runtime.c.o
                                  0xc (size before relaxing)
 .rodata.str1.4
                0x1000b3d8        0x0 CMakeFiles/vigia_pico_hello.dir/Users/ben/pico-sdk/src/rp2_common/pico_standard_binary_info/standard_binary_info.c.o
                                 0x48 (size before relaxing)
 .rodata.__bi_84
                0x1000b3d8        0xc CMakeFiles/vigia_pico_hello.dir/Users/ben/pico-sdk/src/rp2_common/pico_standard_binary_info/standard_binary_info.c.o
 .rodata.__bi_78
                0x1000b3e4        0xc CMakeFiles/vigia_pico_hello.dir/Users/ben/pico-sdk/src/rp2_common/pico_standard_binary_info/standard_binary_info.c.o
 .rodata.__bi_54
                0x1000b3f0        0xc CMakeFiles/vigia_pico_hello.dir/Users/ben/pico-sdk/src/rp2_common/pico_standard_binary_info/standard_binary_info.c.o
 .rodata.__bi_48
                0x1000b3fc        0xc CMakeFiles/vigia_pico_hello.dir/Users/ben/pico-sdk/src/rp2_common/pico_standard_binary_info/standard_binary_info.c.o
 .rodata.__bi_42
                0x1000b408        0xc CMakeFiles/vigia_pico_hello.dir/Users/ben/pico-sdk/src/rp2_common/pico_standard_binary_info/standard_binary_info.c.o
 .rodata.__bi_34
                0x1000b414        0xc CMakeFiles/vigia_pico_hello.dir/Users/ben/pico-sdk/src/rp2_common/pico_standard_binary_info/standard_binary_info.c.o
 .rodata.__bi_26
                0x1000b420        0xc CMakeFiles/vigia_pico_hello.dir/Users/ben/pico-sdk/src/rp2_common/pico_standard_binary_info/standard_binary_info.c.o
 .rodata._ftoa.str1.4
                0x1000b42c        0x0 CMakeFiles/vigia_pico_hello.dir/Users/ben/pico-sdk/src/rp2_common/pico_printf/printf.c.o
                                 0x15 (size before relaxing)
 *fill*         0x1000b42c        0x4 
 .rodata.pow10.0
                0x1000b430       0x50 CMakeFiles/vigia_pico_hello.dir/Users/ben/pico-sdk/src/rp2_common/pico_printf/printf.c.o
 .rodata.__assert_func.str1.4
                0x1000b480        0x0 CMakeFiles/vigia_pico_hello.dir/Users/ben/pico-sdk/src/rp2_common/pico_clib_interface/newlib_interface.c.o
                                 0x43 (size before relaxing)
 .rodata.crlf_str.0
                0x1000b480        0x2 CMakeFiles/vigia_pico_hello.dir/Users/ben/pico-sdk/src/rp2_common/pico_stdio/stdio.c.o
 *fill*         0x1000b482        0x2 
 .rodata._resetd_driver
                0x1000b484       0x20 CMakeFiles/vigia_pico_hello.dir/Users/ben/pico-sdk/src/rp2_common/pico_stdio_usb/reset_interface.c.o
 .rodata.desc_ms_os_20
                0x1000b4a4       0xa6 CMakeFiles/vigia_pico_hello.dir/Users/ben/pico-sdk/src/rp2_common/pico_stdio_usb/reset_interface.c.o
 *fill*         0x1000b54a        0x2 
 .rodata.desc_bos
                0x1000b54c       0x21 CMakeFiles/vigia_pico_hello.dir/Users/ben/pico-sdk/src/rp2_common/pico_stdio_usb/reset_interface.c.o
                0x1000b54c                desc_bos
 .rodata.str1.4
                0x1000b56d        0x0 CMakeFiles/vigia_pico_hello.dir/Users/ben/pico-sdk/src/rp2_common/pico_stdio_usb/stdio_usb.c.o
                                 0x13 (size before relaxing)
 *fill*         0x1000b56d        0x3 
 .rodata.__bi_202.0
                0x1000b570        0xc CMakeFiles/vigia_pico_hello.dir/Users/ben/pico-sdk/src/rp2_common/pico_stdio_usb/stdio_usb.c.o
 .rodata.str1.4
                0x1000b57c        0x0 CMakeFiles/vigia_pico_hello.dir/Users/ben/pico-sdk/src/rp2_common/pico_stdio_usb/stdio_usb_descriptors.c.o
                                 0x2a (size before relaxing)
 .rodata.usbd_desc_str
                0x1000b57c       0x18 CMakeFiles/vigia_pico_hello.dir/Users/ben/pico-sdk/src/rp2_common/pico_stdio_usb/stdio_usb_descriptors.c.o
 .rodata.usbd_desc_cfg
                0x1000b594       0x54 CMakeFiles/vigia_pico_hello.dir/Users/ben/pico-sdk/src/rp2_common/pico_stdio_usb/stdio_usb_descriptors.c.o
 .rodata.usbd_desc_device
                0x1000b5e8       0x12 CMakeFiles/vigia_pico_hello.dir/Users/ben/pico-sdk/src/rp2_common/pico_stdio_usb/stdio_usb_descriptors.c.o
 .rodata.str1.4
                0x1000b5fa        0x0 CMakeFiles/vigia_pico_hello.dir/Users/ben/pico-sdk/lib/tinyusb/src/portable/raspberrypi/rp2040/dcd_rp2040.c.o
                                 0x14 (size before relaxing)
 .rodata.str1.4
                0x1000b5fa        0x0 CMakeFiles/vigia_pico_hello.dir/Users/ben/pico-sdk/lib/tinyusb/src/portable/raspberrypi/rp2040/rp2040_usb.c.o
                                 0x48 (size before relaxing)
 *fill*         0x1000b5fa        0x2 
 .rodata._usbd_driver
                0x1000b5fc       0x40 CMakeFiles/vigia_pico_hello.dir/Users/ben/pico-sdk/lib/tinyusb/src/device/usbd.c.o
 .rodata._strtod_l.str1.4
                0x1000b63c        0x0 /Applications/ArmGNUToolchain/15.2.rel1/arm-none-eabi/bin/../lib/gcc/arm-none-eabi/15.2.1/../../../../arm-none-eabi/lib/thumb/v8-m.main+fp/softfp/libg.a(libc_a-strtod.o)
                                 0x15 (size before relaxing)
 .rodata.fpinan.0
                0x1000b63c       0x14 /Applications/ArmGNUToolchain/15.2.rel1/arm-none-eabi/bin/../lib/gcc/arm-none-eabi/15.2.1/../../../../arm-none-eabi/lib/thumb/v8-m.main+fp/softfp/libg.a(libc_a-strtod.o)
 .rodata.fpi.1  0x1000b650       0x14 /Applications/ArmGNUToolchain/15.2.rel1/arm-none-eabi/bin/../lib/gcc/arm-none-eabi/15.2.1/../../../../arm-none-eabi/lib/thumb/v8-m.main+fp/softfp/libg.a(libc_a-strtod.o)
 *fill*         0x1000b664        0x4 
 .rodata.tinytens
                0x1000b668       0x28 /Applications/ArmGNUToolchain/15.2.rel1/arm-none-eabi/bin/../lib/gcc/arm-none-eabi/15.2.1/../../../../arm-none-eabi/lib/thumb/v8-m.main+fp/softfp/libg.a(libc_a-strtod.o)
 .rodata.str1.4
                0x1000b690        0x0 /Applications/ArmGNUToolchain/15.2.rel1/arm-none-eabi/bin/../lib/gcc/arm-none-eabi/15.2.1/../../../../arm-none-eabi/lib/thumb/v8-m.main+fp/softfp/libg.a(libc_a-locale.o)
                                 0x4c (size before relaxing)
 .rodata._ctype_
                0x1000b690      0x101 /Applications/ArmGNUToolchain/15.2.rel1/arm-none-eabi/bin/../lib/gcc/arm-none-eabi/15.2.1/../../../../arm-none-eabi/lib/thumb/v8-m.main+fp/softfp/libg.a(libc_a-ctype_.o)
                0x1000b690                _ctype_
 .rodata.__gethex.str1.4
                0x1000b791        0x0 /Applications/ArmGNUToolchain/15.2.rel1/arm-none-eabi/bin/../lib/gcc/arm-none-eabi/15.2.1/../../../../arm-none-eabi/lib/thumb/v8-m.main+fp/softfp/libg.a(libc_a-gdtoa-gethex.o)
                                 0x81 (size before relaxing)
 *fill*         0x1000b791        0x3 
 .rodata.__hexdig
                0x1000b794      0x100 /Applications/ArmGNUToolchain/15.2.rel1/arm-none-eabi/bin/../lib/gcc/arm-none-eabi/15.2.1/../../../../arm-none-eabi/lib/thumb/v8-m.main+fp/softfp/libg.a(libc_a-gdtoa-gethex.o)
                0x1000b794                __hexdig
 .rodata.__multadd.str1.4
                0x1000b894        0x0 /Applications/ArmGNUToolchain/15.2.rel1/arm-none-eabi/bin/../lib/gcc/arm-none-eabi/15.2.1/../../../../arm-none-eabi/lib/thumb/v8-m.main+fp/softfp/libg.a(libc_a-mprec.o)
                                 0x76 (size before relaxing)
 .rodata.p05.0  0x1000b894        0xc /Applications/ArmGNUToolchain/15.2.rel1/arm-none-eabi/bin/../lib/gcc/arm-none-eabi/15.2.1/../../../../arm-none-eabi/lib/thumb/v8-m.main+fp/softfp/libg.a(libc_a-mprec.o)
 .rodata.__mprec_bigtens
                0x1000b8a0       0x28 /Applications/ArmGNUToolchain/15.2.rel1/arm-none-eabi/bin/../lib/gcc/arm-none-eabi/15.2.1/../../../../arm-none-eabi/lib/thumb/v8-m.main+fp/softfp/libg.a(libc_a-mprec.o)
                0x1000b8a0                __mprec_bigtens
 .rodata.__mprec_tens
                0x1000b8c8       0xc8 /Applications/ArmGNUToolchain/15.2.rel1/arm-none-eabi/bin/../lib/gcc/arm-none-eabi/15.2.1/../../../../arm-none-eabi/lib/thumb/v8-m.main+fp/softfp/libg.a(libc_a-mprec.o)
                0x1000b8c8                __mprec_tens
 *(.srodata*)
                0x1000b990                        . = ALIGN (0x4)
 *(SORT_BY_ALIGNMENT(SORT_BY_NAME(.flashdata*)))
                0x1000b990                        . = ALIGN (0x4)

.ARM.extab
 *(.ARM.extab* .gnu.linkonce.armextab.*)
                0x1000b990                        __exidx_start = .

.ARM.exidx      0x1000b990        0x8
 *(.ARM.exidx* .gnu.linkonce.armexidx.*)
 .ARM.exidx     0x1000b990        0x8 /Applications/ArmGNUToolchain/15.2.rel1/arm-none-eabi/bin/../lib/gcc/arm-none-eabi/15.2.1/../../../../arm-none-eabi/lib/thumb/v8-m.main+fp/softfp/libg.a(libc_a-memcpy.o)
 .ARM.exidx.text.__udivmoddi4
                0x1000b998        0x0 /Applications/ArmGNUToolchain/15.2.rel1/arm-none-eabi/bin/../lib/gcc/arm-none-eabi/15.2.1/thumb/v8-m.main+fp/softfp/libgcc.a(_udivmoddi4.o)
                                  0x8 (size before relaxing)
                0x1000b998                        __exidx_end = .
                0x1000b998                        . = ALIGN (0x4)
                0x1000b998                        __binary_info_start = .

.binary_info    0x1000b998       0x20
 *(.binary_info.keep.*)
 .binary_info.keep.__bi_ptr84
                0x1000b998        0x4 CMakeFiles/vigia_pico_hello.dir/Users/ben/pico-sdk/src/rp2_common/pico_standard_binary_info/standard_binary_info.c.o
 .binary_info.keep.__bi_ptr78
                0x1000b99c        0x4 CMakeFiles/vigia_pico_hello.dir/Users/ben/pico-sdk/src/rp2_common/pico_standard_binary_info/standard_binary_info.c.o
 .binary_info.keep.__bi_ptr54
                0x1000b9a0        0x4 CMakeFiles/vigia_pico_hello.dir/Users/ben/pico-sdk/src/rp2_common/pico_standard_binary_info/standard_binary_info.c.o
 .binary_info.keep.__bi_ptr48
                0x1000b9a4        0x4 CMakeFiles/vigia_pico_hello.dir/Users/ben/pico-sdk/src/rp2_common/pico_standard_binary_info/standard_binary_info.c.o
 .binary_info.keep.__bi_ptr42
                0x1000b9a8        0x4 CMakeFiles/vigia_pico_hello.dir/Users/ben/pico-sdk/src/rp2_common/pico_standard_binary_info/standard_binary_info.c.o
 .binary_info.keep.__bi_ptr34
                0x1000b9ac        0x4 CMakeFiles/vigia_pico_hello.dir/Users/ben/pico-sdk/src/rp2_common/pico_standard_binary_info/standard_binary_info.c.o
 .binary_info.keep.__bi_ptr26
                0x1000b9b0        0x4 CMakeFiles/vigia_pico_hello.dir/Users/ben/pico-sdk/src/rp2_common/pico_standard_binary_info/standard_binary_info.c.o
 *(.binary_info.*)
 .binary_info.__bi_ptr202
                0x1000b9b4        0x4 CMakeFiles/vigia_pico_hello.dir/Users/ben/pico-sdk/src/rp2_common/pico_stdio_usb/stdio_usb.c.o
                0x1000b9b8                        __binary_info_end = .
                0x1000b9b8                        . = ALIGN (0x4)

.ram_vector_table
                0x20000000      0x110
 *(.ram_vector_table)
 .ram_vector_table
                0x20000000      0x110 CMakeFiles/vigia_pico_hello.dir/Users/ben/pico-sdk/src/rp2_common/pico_runtime_init/runtime_init.c.o
                0x20000000                ram_vector_table

.uninitialized_data
                0x20000110        0x0
                0x20000110                        . = ALIGN (0x4)
 *(.uninitialized_data*)

.data           0x20000110     0x1ce0 load address 0x1000b9b8
                0x20000110                        __data_start__ = .
 *(vtable)
 *(.time_critical*)
 .time_critical.mutex_try_enter
                0x20000110       0x50 CMakeFiles/vigia_pico_hello.dir/Users/ben/pico-sdk/src/common/pico_sync/mutex.c.o
                0x20000110                mutex_try_enter
 .time_critical.mutex_enter_block_until
                0x20000160       0x6c CMakeFiles/vigia_pico_hello.dir/Users/ben/pico-sdk/src/common/pico_sync/mutex.c.o
                0x20000160                mutex_enter_block_until
 .time_critical.mutex_try_enter_block_until
                0x200001cc       0x68 CMakeFiles/vigia_pico_hello.dir/Users/ben/pico-sdk/src/common/pico_sync/mutex.c.o
                0x200001cc                mutex_try_enter_block_until
 .time_critical.mutex_enter_timeout_ms
                0x20000234       0x38 CMakeFiles/vigia_pico_hello.dir/Users/ben/pico-sdk/src/common/pico_sync/mutex.c.o
                0x20000234                mutex_enter_timeout_ms
 .time_critical.mutex_exit
                0x2000026c       0x3c CMakeFiles/vigia_pico_hello.dir/Users/ben/pico-sdk/src/common/pico_sync/mutex.c.o
                0x2000026c                mutex_exit
 .time_critical.reset_non_control_endpoints
                0x200002a8       0x64 CMakeFiles/vigia_pico_hello.dir/Users/ben/pico-sdk/lib/tinyusb/src/portable/raspberrypi/rp2040/dcd_rp2040.c.o
 .time_critical.hw_handle_buff_status
                0x2000030c       0x8c CMakeFiles/vigia_pico_hello.dir/Users/ben/pico-sdk/lib/tinyusb/src/portable/raspberrypi/rp2040/dcd_rp2040.c.o
 .time_critical.dcd_rp2040_irq
                0x20000398      0x514 CMakeFiles/vigia_pico_hello.dir/Users/ben/pico-sdk/lib/tinyusb/src/portable/raspberrypi/rp2040/dcd_rp2040.c.o
 .time_critical.prepare_ep_buffer
                0x200008ac       0xc4 CMakeFiles/vigia_pico_hello.dir/Users/ben/pico-sdk/lib/tinyusb/src/portable/raspberrypi/rp2040/rp2040_usb.c.o
 .time_critical.sync_ep_buffer
                0x20000970       0xb8 CMakeFiles/vigia_pico_hello.dir/Users/ben/pico-sdk/lib/tinyusb/src/portable/raspberrypi/rp2040/rp2040_usb.c.o
 .time_critical._hw_endpoint_xfer_sync
                0x20000a28       0x2c CMakeFiles/vigia_pico_hello.dir/Users/ben/pico-sdk/lib/tinyusb/src/portable/raspberrypi/rp2040/rp2040_usb.c.o
 .time_critical.e15_is_bulkin_ep
                0x20000a54       0x28 CMakeFiles/vigia_pico_hello.dir/Users/ben/pico-sdk/lib/tinyusb/src/portable/raspberrypi/rp2040/rp2040_usb.c.o
 .time_critical.e15_is_critical_frame_period
                0x20000a7c       0x28 CMakeFiles/vigia_pico_hello.dir/Users/ben/pico-sdk/lib/tinyusb/src/portable/raspberrypi/rp2040/rp2040_usb.c.o
 .time_critical.hw_endpoint_reset_transfer
                0x20000aa4        0xc CMakeFiles/vigia_pico_hello.dir/Users/ben/pico-sdk/lib/tinyusb/src/portable/raspberrypi/rp2040/rp2040_usb.c.o
                0x20000aa4                hw_endpoint_reset_transfer
 .time_critical._hw_endpoint_buffer_control_update32
                0x20000ab0       0x48 CMakeFiles/vigia_pico_hello.dir/Users/ben/pico-sdk/lib/tinyusb/src/portable/raspberrypi/rp2040/rp2040_usb.c.o
                0x20000ab0                _hw_endpoint_buffer_control_update32
 .time_critical.hw_endpoint_start_next_buffer
                0x20000af8       0x64 CMakeFiles/vigia_pico_hello.dir/Users/ben/pico-sdk/lib/tinyusb/src/portable/raspberrypi/rp2040/rp2040_usb.c.o