Archive member included to satisfy reference by file (symbol)

/Applications/ArmGNUToolchain/15.2.rel1/arm-none-eabi/bin/../lib/gcc/arm-none-eabi/15.2.1/../../../../arm-none-eabi/lib/thumb/v8-m.main+fp/softfp/libm.a(libm_a-wf_sqrt.o)
                              CMakeFiles/vigia_pico_hello.dir/Users/ben/pico-sdk/src/rp2_common/pico_float/float_math.c.o (sqrtf)
/Applications/ArmGNUToolchain/15.2.rel1/arm-none-eabi/bin/../lib/gcc/arm-none-eabi/15.2.1/../../../../arm-none-eabi/lib/thumb/v8-m.main+fp/softfp/libm.a(libm_a-ef_sqrt.o)
                              /Applications/ArmGNUToolchain/15.2.rel1/arm-none-eabi/bin/../lib/gcc/arm-none-eabi/15.2.1/../../../../arm-none-eabi/lib/thumb/v8-m.main+fp/softfp/libm.a(libm_a-wf_sqrt.o) (__ieee754_sqrtf)
/Applications/ArmGNUToolchain/15.2.rel1/arm-none-eabi/bin/../lib/gcc/arm-none-eabi/15.2.1/thumb/v8-m.main+fp/softfp/libgcc.a(_arm_addsubdf3.o)
                              CMakeFiles/vigia_pico_hello.dir/src/main.c.o (__aeabi_f2d)
/Applications/ArmGNUToolchain/15.2.rel1/arm-none-eabi/bin/../lib/gcc/arm-none-eabi/15.2.1/thumb/v8-m.main+fp/softfp/libgcc.a(_aeabi_ldivmod.o)
                              CMakeFiles/vigia_pico_hello.dir/Users/ben/pico-sdk/src/common/pico_time/time.c.o (__aeabi_ldivmod)
/Applications/ArmGNUToolchain/15.2.rel1/arm-none-eabi/bin/../lib/gcc/arm-none-eabi/15.2.1/thumb/v8-m.main+fp/softfp/libgcc.a(_aeabi_uldivmod.o)
                              CMakeFiles/vigia_pico_hello.dir/src/main.c.o (__aeabi_uldivmod)
/Applications/ArmGNUToolchain/15.2.rel1/arm-none-eabi/bin/../lib/gcc/arm-none-eabi/15.2.1/thumb/v8-m.main+fp/softfp/libgcc.a(_udivmoddi4.o)
                              /Applications/ArmGNUToolchain/15.2.rel1/arm-none-eabi/bin/../lib/gcc/arm-none-eabi/15.2.1/thumb/v8-m.main+fp/softfp/libgcc.a(_aeabi_ldivmod.o) (__udivmoddi4)
/Applications/ArmGNUToolchain/15.2.rel1/arm-none-eabi/bin/../lib/gcc/arm-none-eabi/15.2.1/thumb/v8-m.main+fp/softfp/libgcc.a(_dvmd_tls.o)
                              /Applications/ArmGNUToolchain/15.2.rel1/arm-none-eabi/bin/../lib/gcc/arm-none-eabi/15.2.1/thumb/v8-m.main+fp/softfp/libgcc.a(_aeabi_ldivmod.o) (__aeabi_ldiv0)
/Applications/ArmGNUToolchain/15.2.rel1/arm-none-eabi/bin/../lib/gcc/arm-none-eabi/15.2.1/../../../../arm-none-eabi/lib/thumb/v8-m.main+fp/softfp/libg.a(libc_a-calloc.o)
                              CMakeFiles/vigia_pico_hello.dir/Users/ben/pico-sdk/src/rp2_common/pico_malloc/malloc.c.o (calloc)
/Applications/ArmGNUToolchain/15.2.rel1/arm-none-eabi/bin/../lib/gcc/arm-none-eabi/15.2.1/../../../../arm-none-eabi/lib/thumb/v8-m.main+fp/softfp/libg.a(libc_a-callocr.o)
                              /Applications/ArmGNUToolchain/15.2.rel1/arm-none-eabi/bin/../lib/gcc/arm-none-eabi/15.2.1/../../../../arm-none-eabi/lib/thumb/v8-m.main+fp/softfp/libg.a(libc_a-calloc.o) (_calloc_r)
/Applications/ArmGNUToolchain/15.2.rel1/arm-none-eabi/bin/../lib/gcc/arm-none-eabi/15.2.1/../../../../arm-none-eabi/lib/thumb/v8-m.main+fp/softfp/libg.a(libc_a-malloc.o)
                              CMakeFiles/vigia_pico_hello.dir/Users/ben/pico-sdk/src/rp2_common/pico_malloc/malloc.c.o (malloc)
/Applications/ArmGNUToolchain/15.2.rel1/arm-none-eabi/bin/../lib/gcc/arm-none-eabi/15.2.1/../../../../arm-none-eabi/lib/thumb/v8-m.main+fp/softfp/libg.a(libc_a-mallocr.o)
                              /Applications/ArmGNUToolchain/15.2.rel1/arm-none-eabi/bin/../lib/gcc/arm-none-eabi/15.2.1/../../../../arm-none-eabi/lib/thumb/v8-m.main+fp/softfp/libg.a(libc_a-callocr.o) (_malloc_r)
/Applications/ArmGNUToolchain/15.2.rel1/arm-none-eabi/bin/../lib/gcc/arm-none-eabi/15.2.1/../../../../arm-none-eabi/lib/thumb/v8-m.main+fp/softfp/libg.a(libc_a-mlock.o)
                              /Applications/ArmGNUToolchain/15.2.rel1/arm-none-eabi/bin/../lib/gcc/arm-none-eabi/15.2.1/../../../../arm-none-eabi/lib/thumb/v8-m.main+fp/softfp/libg.a(libc_a-mallocr.o) (__malloc_lock)
/Applications/ArmGNUToolchain/15.2.rel1/arm-none-eabi/bin/../lib/gcc/arm-none-eabi/15.2.1/../../../../arm-none-eabi/lib/thumb/v8-m.main+fp/softfp/libg.a(libc_a-realloc.o)
                              CMakeFiles/vigia_pico_hello.dir/Users/ben/pico-sdk/src/rp2_common/pico_malloc/malloc.c.o (realloc)
/Applications/ArmGNUToolchain/15.2.rel1/arm-none-eabi/bin/../lib/gcc/arm-none-eabi/15.2.1/../../../../arm-none-eabi/lib/thumb/v8-m.main+fp/softfp/libg.a(libc_a-reallocr.o)
                              /Applications/ArmGNUToolchain/15.2.rel1/arm-none-eabi/bin/../lib/gcc/arm-none-eabi/15.2.1/../../../../arm-none-eabi/lib/thumb/v8-m.main+fp/softfp/libg.a(libc_a-realloc.o) (_realloc_r)
/Applications/ArmGNUToolchain/15.2.rel1/arm-none-eabi/bin/../lib/gcc/arm-none-eabi/15.2.1/../../../../arm-none-eabi/lib/thumb/v8-m.main+fp/softfp/libg.a(libc_a-strtod.o)
                              CMakeFiles/vigia_pico_hello.dir/src/neo_m8n_driver.c.o (strtod)
[...]
Memory Configuration

Name             Origin             Length             Attributes
FLASH            0x10000000         0x00400000         xr
RAM              0x20000000         0x00080000         xrw
SCRATCH_X        0x20080000         0x00001000         xrw
SCRATCH_Y        0x20081000         0x00001000         xrw
*default*        0x00000000         0xffffffff

Linker script and memory map

LOAD /Applications/ArmGNUToolchain/15.2.rel1/arm-none-eabi/bin/../lib/gcc/arm-none-eabi/15.2.1/thumb/v8-m.main+fp/softfp/crti.o
LOAD /Applications/ArmGNUToolchain/15.2.rel1/arm-none-eabi/bin/../lib/gcc/arm-none-eabi/15.2.1/thumb/v8-m.main+fp/softfp/crtbegin.o
LOAD /Applications/ArmGNUToolchain/15.2.rel1/arm-none-eabi/bin/../lib/gcc/arm-none-eabi/15.2.1/../../../../arm-none-eabi/lib/thumb/v8-m.main+fp/softfp/crt0.o

.flash_begin    0x10000000        0x0
                0x10000000                        __flash_binary_start = .

.text           0x10000000     0xc068
                0x10000000                        __logical_binary_start = .
 *(.vectors)
 .vectors       0x10000000      0x124 CMakeFiles/vigia_pico_hello.dir/Users/ben/pico-sdk/src/rp2_common/pico_crt0/crt0.S.o
                0x10000000                __VECTOR_TABLE
                0x10000000                __vectors
                0x10000110                __unhandled_user_irq
                0x10000110                isr_irq49
                0x10000110                isr_irq13
                0x10000110                isr_irq43
                0x10000110                isr_irq45
                0x10000110                isr_irq27
                0x10000110                isr_irq32
                0x10000110                isr_irq31
                0x10000110                isr_irq5
                0x10000110                isr_irq11
                0x10000110                isr_irq23
                0x10000110                isr_usagefault
                0x10000110                isr_irq48
                0x10000110                isr_irq35
                0x10000110                isr_irq18
                0x10000110                isr_irq50
                0x10000110                isr_irq9
                0x10000110                isr_irq30
                0x10000110                isr_irq16
                0x10000110                isr_irq44
                0x10000110                isr_irq29
                0x10000110                isr_irq26
                0x10000110                isr_irq33
                0x10000110                isr_irq3
                0x10000110                isr_irq12
                0x10000110                isr_securefault
                0x10000110                isr_irq40
                0x10000110                isr_irq28
                0x10000110                isr_irq19
                0x10000110                isr_irq36
                0x10000110                isr_irq41
                0x10000110                isr_irq0
                0x10000110                isr_irq6
                0x10000110                isr_memmanage
                0x10000110                isr_irq37
                0x10000110                isr_irq42
                0x10000110                isr_irq22
                0x10000110                isr_irq17
                0x10000110                isr_irq38
                0x10000110                isr_irq14
                0x10000110                __vectors_end
                0x10000110                __default_isrs_start
                0x10000110                isr_irq2
                0x10000110                isr_irq10
                0x10000110                isr_irq8
                0x10000110                isr_debugmonitor
                0x10000110                isr_irq24
                0x10000110                isr_irq46
                0x10000110                isr_irq1
                0x10000110                isr_irq47
                0x10000110                isr_irq51
                0x10000110                isr_irq7
                0x10000110                isr_irq21
                0x10000110                isr_irq39
                0x10000110                isr_irq20
                0x10000110                isr_irq15
                0x10000110                isr_irq25
                0x10000110                isr_irq34
                0x10000110                isr_irq4
                0x10000110                isr_busfault
                0x10000116                unhandled_user_irq_num_in_r0
                0x10000118                isr_invalid
                0x1000011a                isr_nmi
                0x1000011c                isr_hardfault
                0x1000011e                isr_svcall
                0x10000120                isr_pendsv
                0x10000122                isr_systick
                0x10000124                __default_isrs_end
 *(.binary_info_header)
 .binary_info_header
                0x10000124       0x14 CMakeFiles/vigia_pico_hello.dir/Users/ben/pico-sdk/src/rp2_common/pico_crt0/crt0.S.o
                0x10000138                        __binary_info_header_end = .
 *(.embedded_block)
 .embedded_block
                0x10000138       0x14 CMakeFiles/vigia_pico_hello.dir/Users/ben/pico-sdk/src/rp2_common/pico_crt0/crt0.S.o
                0x1000014c                        __embedded_block_end = .
 *(.reset)
 .reset         0x1000014c       0x98 CMakeFiles/vigia_pico_hello.dir/Users/ben/pico-sdk/src/rp2_common/pico_crt0/crt0.S.o
                0x1000014c                _entry_point
 *(.init)
 .init          0x100001e4        0x4 /Applications/ArmGNUToolchain/15.2.rel1/arm-none-eabi/bin/../lib/gcc/arm-none-eabi/15.2.1/thumb/v8-m.main+fp/softfp/crti.o
                0x100001e4                _init
 SORT_BY_NAME(REVERSE(*libgcc.a:cmse_nonsecure_call.o))()
 *(EXCLUDE_FILE(*libm.a: *libc.a:*lib_a-mem*.o *libgcc.a:) .text*)
 .text.register_tm_clones
                0x100001e8       0x28 /Applications/ArmGNUToolchain/15.2.rel1/arm-none-eabi/bin/../lib/gcc/arm-none-eabi/15.2.1/thumb/v8-m.main+fp/softfp/crtbegin.o
 .text.frame_dummy
                0x10000210       0x24 /Applications/ArmGNUToolchain/15.2.rel1/arm-none-eabi/bin/../lib/gcc/arm-none-eabi/15.2.1/thumb/v8-m.main+fp/softfp/crtbegin.o
 .text.startup.main
                0x10000234      0x37c CMakeFiles/vigia_pico_hello.dir/src/main.c.o
                0x10000234                main
 .text.nmea_to_degrees
                0x100005b0       0x64 CMakeFiles/vigia_pico_hello.dir/src/neo_m8n_driver.c.o
 *fill*         0x10000614        0x4 
 .text.neo_m8n_poll_uart.part.0
                0x10000618      0x880 CMakeFiles/vigia_pico_hello.dir/src/neo_m8n_driver.c.o
 .text.autodetect_baud
                0x10000e98      0x100 CMakeFiles/vigia_pico_hello.dir/src/neo_m8n_driver.c.o
 .text.configure_gps
                0x10000f98      0x118 CMakeFiles/vigia_pico_hello.dir/src/neo_m8n_driver.c.o
 .text.neo_m8n_init
                0x100010b0       0xb8 CMakeFiles/vigia_pico_hello.dir/src/neo_m8n_driver.c.o
                0x100010b0                neo_m8n_init
 .text.neo_m8n_poll
                0x10001168       0xa4 CMakeFiles/vigia_pico_hello.dir/src/neo_m8n_driver.c.o
                0x10001168                neo_m8n_poll
 .text.neo_m8n_uart_rx_bytes
                0x1000120c        0xc CMakeFiles/vigia_pico_hello.dir/src/neo_m8n_driver.c.o
                0x1000120c                neo_m8n_uart_rx_bytes
 .text.neo_m8n_baud_rate
                0x10001218        0xc CMakeFiles/vigia_pico_hello.dir/src/neo_m8n_driver.c.o
                0x10001218                neo_m8n_baud_rate
 .text.neo_m8n_source
                0x10001224        0xc CMakeFiles/vigia_pico_hello.dir/src/neo_m8n_driver.c.o
                0x10001224                neo_m8n_source
 .text.neo_m8n_get_report
                0x10001230       0x38 CMakeFiles/vigia_pico_hello.dir/src/neo_m8n_driver.c.o
                0x10001230                neo_m8n_get_report
 .text.process_packet
                0x10001268      0x19c CMakeFiles/vigia_pico_hello.dir/src/bno085_driver.c.o
 .text.enable_report.constprop.0
                0x10001404      0x11c CMakeFiles/vigia_pico_hello.dir/src/bno085_driver.c.o
 .text.shtp_read_packet_ms
                0x10001520      0x150 CMakeFiles/vigia_pico_hello.dir/src/bno085_driver.c.o
 .text.shtp_read_packet_ms.constprop.0
                0x10001670      0x14c CMakeFiles/vigia_pico_hello.dir/src/bno085_driver.c.o
 .text.bno085_init
                0x100017bc      0x404 CMakeFiles/vigia_pico_hello.dir/src/bno085_driver.c.o
                0x100017bc                bno085_init
 .text.bno085_poll
                0x10001bc0      0x214 CMakeFiles/vigia_pico_hello.dir/src/bno085_driver.c.o
                0x10001bc0                bno085_poll
 .text.bno085_get_report
                0x10001dd4       0x38 CMakeFiles/vigia_pico_hello.dir/src/bno085_driver.c.o
                0x10001dd4                bno085_get_report
 .text.bno085_get_probe
                0x10001e0c       0x20 CMakeFiles/vigia_pico_hello.dir/src/bno085_driver.c.o
                0x10001e0c                bno085_get_probe
 .text.bno085_ready
                0x10001e2c        0xc CMakeFiles/vigia_pico_hello.dir/src/bno085_driver.c.o
                0x10001e2c                bno085_ready
 .text.bno085_sample_count
                0x10001e38        0xc CMakeFiles/vigia_pico_hello.dir/src/bno085_driver.c.o
                0x10001e38                bno085_sample_count
 .text.bno085_init_stage
                0x10001e44        0xc CMakeFiles/vigia_pico_hello.dir/src/bno085_driver.c.o
                0x10001e44                bno085_init_stage
 .text.bno085_shtp_rx_count
                0x10001e50        0xc CMakeFiles/vigia_pico_hello.dir/src/bno085_driver.c.o
                0x10001e50                bno085_shtp_rx_count
 .text.bno085_last_report_id
                0x10001e5c        0xc CMakeFiles/vigia_pico_hello.dir/src/bno085_driver.c.o
                0x10001e5c                bno085_last_report_id
 .text.bno085_ch3_rx_count
                0x10001e68        0xc CMakeFiles/vigia_pico_hello.dir/src/bno085_driver.c.o
                0x10001e68                bno085_ch3_rx_count
 .text.bno085_last_channel
                0x10001e74        0xc CMakeFiles/vigia_pico_hello.dir/src/bno085_driver.c.o
                0x10001e74                bno085_last_channel
 .text.bno085_last_payload0
                0x10001e80        0xc CMakeFiles/vigia_pico_hello.dir/src/bno085_driver.c.o
                0x10001e80                bno085_last_payload0
 .text.gpio_set_function
                0x10001e8c       0x3c CMakeFiles/vigia_pico_hello.dir/Users/ben/pico-sdk/src/rp2_common/hardware_gpio/gpio.c.o
                0x10001e8c                gpio_set_function
 .text.gpio_set_pulls
                0x10001ec8       0x24 CMakeFiles/vigia_pico_hello.dir/Users/ben/pico-sdk/src/rp2_common/hardware_gpio/gpio.c.o
                0x10001ec8                gpio_set_pulls
 .text.gpio_init
                0x10001eec       0x4c CMakeFiles/vigia_pico_hello.dir/Users/ben/pico-sdk/src/rp2_common/hardware_gpio/gpio.c.o
                0x10001eec                gpio_init
 .text.panic    0x10001f38       0x30 CMakeFiles/vigia_pico_hello.dir/Users/ben/pico-sdk/src/rp2_common/pico_platform_panic/panic.c.o
                0x10001f38                panic
 .text.hw_claim_or_assert
                0x10001f68       0x58 CMakeFiles/vigia_pico_hello.dir/Users/ben/pico-sdk/src/common/hardware_claim/claim.c.o
                0x10001f68                hw_claim_or_assert
 .text.hw_claim_unused_from_range
                0x10001fc0       0x84 CMakeFiles/vigia_pico_hello.dir/Users/ben/pico-sdk/src/common/hardware_claim/claim.c.o
                0x10001fc0                hw_claim_unused_from_range
 .text.next_striped_spin_lock_num
                0x10002044       0x18 CMakeFiles/vigia_pico_hello.dir/Users/ben/pico-sdk/src/rp2_common/hardware_sync/sync.c.o
                0x10002044                next_striped_spin_lock_num
 .text.spin_lock_claim_unused
                0x1000205c       0x24 CMakeFiles/vigia_pico_hello.dir/Users/ben/pico-sdk/src/rp2_common/hardware_sync/sync.c.o
                0x1000205c                spin_lock_claim_unused
 .text.spinlock_set_extexclall
                0x10002080       0x10 CMakeFiles/vigia_pico_hello.dir/Users/ben/pico-sdk/src/rp2_common/hardware_sync_spin_lock/sync_spin_lock.c.o
 .text.spin_locks_reset
                0x10002090       0x18 CMakeFiles/vigia_pico_hello.dir/Users/ben/pico-sdk/src/rp2_common/hardware_sync_spin_lock/sync_spin_lock.c.o
                0x10002090                spin_locks_reset
 .text.runtime_init_per_core_irq_priorities
                0x100020a8       0x40 CMakeFiles/vigia_pico_hello.dir/Users/ben/pico-sdk/src/rp2_common/hardware_irq/irq.c.o
                0x100020a8                runtime_init_per_core_irq_priorities
 .text.irq_set_enabled
                0x100020e8       0x2c CMakeFiles/vigia_pico_hello.dir/Users/ben/pico-sdk/src/rp2_common/hardware_irq/irq.c.o
                0x100020e8                irq_set_enabled
 .text.irq_is_enabled
                0x10002114       0x20 CMakeFiles/vigia_pico_hello.dir/Users/ben/pico-sdk/src/rp2_common/hardware_irq/irq.c.o
                0x10002114                irq_is_enabled
 .text.irq_set_pending
                0x10002134       0x18 CMakeFiles/vigia_pico_hello.dir/Users/ben/pico-sdk/src/rp2_common/hardware_irq/irq.c.o
                0x10002134                irq_set_pending
 .text.irq_has_shared_handler
                0x1000214c       0x20 CMakeFiles/vigia_pico_hello.dir/Users/ben/pico-sdk/src/rp2_common/hardware_irq/irq.c.o
                0x1000214c                irq_has_shared_handler
 .text.irq_set_exclusive_handler
                0x1000216c       0x70 CMakeFiles/vigia_pico_hello.dir/Users/ben/pico-sdk/src/rp2_common/hardware_irq/irq.c.o
                0x1000216c                irq_set_exclusive_handler
 .text.irq_add_shared_handler
                0x100021dc      0x1f4 CMakeFiles/vigia_pico_hello.dir/Users/ben/pico-sdk/src/rp2_common/hardware_irq/irq.c.o
                0x100021dc                irq_add_shared_handler
 .text.irq_add_tail_to_free_list
                0x100023d0       0xcc CMakeFiles/vigia_pico_hello.dir/Users/ben/pico-sdk/src/rp2_common/hardware_irq/irq.c.o
                0x100023d0                irq_add_tail_to_free_list
 .text.user_irq_claim_unused
                0x1000249c       0x2c CMakeFiles/vigia_pico_hello.dir/Users/ben/pico-sdk/src/rp2_common/hardware_irq/irq.c.o
                0x1000249c                user_irq_claim_unused
 .text.lock_init
                0x100024c8        0xc CMakeFiles/vigia_pico_hello.dir/Users/ben/pico-sdk/src/common/pico_sync/lock_core.c.o
                0x100024c8                lock_init
 .text.runtime_init_mutex
                0x100024d4       0x4c CMakeFiles/vigia_pico_hello.dir/Users/ben/pico-sdk/src/common/pico_sync/mutex.c.o
                0x100024d4                runtime_init_mutex
 .text.mutex_init
                0x10002520       0x1c CMakeFiles/vigia_pico_hello.dir/Users/ben/pico-sdk/src/common/pico_sync/mutex.c.o
                0x10002520                mutex_init
 .text.critical_section_init
                0x1000253c       0x1c CMakeFiles/vigia_pico_hello.dir/Users/ben/pico-sdk/src/common/pico_sync/critical_section.c.o
                0x1000253c                critical_section_init
 .text.critical_section_init_with_lock_num
                0x10002558       0x10 CMakeFiles/vigia_pico_hello.dir/Users/ben/pico-sdk/src/common/pico_sync/critical_section.c.o
                0x10002558                critical_section_init_with_lock_num
 .text.sleep_until_callback
                0x10002568       0x3c CMakeFiles/vigia_pico_hello.dir/Users/ben/pico-sdk/src/common/pico_time/time.c.o
 *fill*         0x100025a4        0x4 
 .text.alarm_pool_irq_handler
                0x100025a8      0x2ec CMakeFiles/vigia_pico_hello.dir/Users/ben/pico-sdk/src/common/pico_time/time.c.o
 .text.runtime_init_default_alarm_pool
                0x10002894      0x104 CMakeFiles/vigia_pico_hello.dir/Users/ben/pico-sdk/src/common/pico_time/time.c.o
                0x10002894                runtime_init_default_alarm_pool
 .text.alarm_pool_get_default
                0x10002998        0x8 CMakeFiles/vigia_pico_hello.dir/Users/ben/pico-sdk/src/common/pico_time/time.c.o
                0x10002998                alarm_pool_get_default
 .text.alarm_pool_add_alarm_at
                0x100029a0       0xe4 CMakeFiles/vigia_pico_hello.dir/Users/ben/pico-sdk/src/common/pico_time/time.c.o
                0x100029a0                alarm_pool_add_alarm_at
 .text.alarm_pool_add_alarm_at_force_in_context
                0x10002a84       0xcc CMakeFiles/vigia_pico_hello.dir/Users/ben/pico-sdk/src/common/pico_time/time.c.o
                0x10002a84                alarm_pool_add_alarm_at_force_in_context
 .text.alarm_pool_cancel_alarm
                0x10002b50       0x84 CMakeFiles/vigia_pico_hello.dir/Users/ben/pico-sdk/src/common/pico_time/time.c.o
                0x10002b50                alarm_pool_cancel_alarm
 .text.alarm_pool_core_num
                0x10002bd4        0x4 CMakeFiles/vigia_pico_hello.dir/Users/ben/pico-sdk/src/common/pico_time/time.c.o
                0x10002bd4                alarm_pool_core_num
 .text.sleep_us
                0x10002bd8       0xd8 CMakeFiles/vigia_pico_hello.dir/Users/ben/pico-sdk/src/common/pico_time/time.c.o
                0x10002bd8                sleep_us
 .text.sleep_ms
                0x10002cb0       0xdc CMakeFiles/vigia_pico_hello.dir/Users/ben/pico-sdk/src/common/pico_time/time.c.o
                0x10002cb0                sleep_ms
 .text.best_effort_wfe_or_timeout
                0x10002d8c       0xf8 CMakeFiles/vigia_pico_hello.dir/Users/ben/pico-sdk/src/common/pico_time/time.c.o
                0x10002d8c                best_effort_wfe_or_timeout
 .text.timer_hardware_alarm_claim
                0x10002e84       0x24 CMakeFiles/vigia_pico_hello.dir/Users/ben/pico-sdk/src/rp2_common/hardware_timer/timer.c.o
                0x10002e84                timer_hardware_alarm_claim
 .text.timer_time_us_64
                0x10002ea8       0x10 CMakeFiles/vigia_pico_hello.dir/Users/ben/pico-sdk/src/rp2_common/hardware_timer/timer.c.o
                0x10002ea8                timer_time_us_64
 .text.time_us_64
                0x10002eb8       0x14 CMakeFiles/vigia_pico_hello.dir/Users/ben/pico-sdk/src/rp2_common/hardware_timer/timer.c.o
                0x10002eb8                time_us_64
 .text.busy_wait_us
                0x10002ecc       0x60 CMakeFiles/vigia_pico_hello.dir/Users/ben/pico-sdk/src/rp2_common/hardware_timer/timer.c.o
                0x10002ecc                busy_wait_us
 .text.busy_wait_until
                0x10002f2c       0x24 CMakeFiles/vigia_pico_hello.dir/Users/ben/pico-sdk/src/rp2_common/hardware_timer/timer.c.o
                0x10002f2c                busy_wait_until
 .text.uart_init
                0x10002f50      0x110 CMakeFiles/vigia_pico_hello.dir/Users/ben/pico-sdk/src/rp2_common/hardware_uart/uart.c.o
                0x10002f50                uart_init
 .text.clock_configure_undivided
                0x10003060       0xdc CMakeFiles/vigia_pico_hello.dir/Users/ben/pico-sdk/src/rp2_common/hardware_clocks/clocks.c.o
                0x10003060                clock_configure_undivided
 .text.clock_get_hz
                0x1000313c        0xc CMakeFiles/vigia_pico_hello.dir/Users/ben/pico-sdk/src/rp2_common/hardware_clocks/clocks.c.o
                0x1000313c                clock_get_hz
 .text.pll_init
                0x10003148       0x90 CMakeFiles/vigia_pico_hello.dir/Users/ben/pico-sdk/src/rp2_common/hardware_pll/pll.c.o
                0x10003148                pll_init
 .text.watchdog_reboot
                0x100031d8       0xac CMakeFiles/vigia_pico_hello.dir/Users/ben/pico-sdk/src/rp2_common/hardware_watchdog/watchdog.c.o
                0x100031d8                watchdog_reboot
 .text.tick_start
                0x10003284       0x18 CMakeFiles/vigia_pico_hello.dir/Users/ben/pico-sdk/src/rp2_common/hardware_ticks/ticks.c.o
                0x10003284                tick_start
 .text.rom_reboot.constprop.0.isra.0
                0x1000329c       0x38 CMakeFiles/vigia_pico_hello.dir/Users/ben/pico-sdk/src/rp2_common/pico_bootrom/bootrom.c.o
 .text.rom_func_lookup
                0x100032d4       0x18 CMakeFiles/vigia_pico_hello.dir/Users/ben/pico-sdk/src/rp2_common/pico_bootrom/bootrom.c.o
                0x100032d4                rom_func_lookup
 .text.rom_reset_usb_boot_extra
                0x100032ec       0x1c CMakeFiles/vigia_pico_hello.dir/Users/ben/pico-sdk/src/rp2_common/pico_bootrom/bootrom.c.o
                0x100032ec                rom_reset_usb_boot_extra
 .text.runtime_init_bootrom_locking_enable
                0x10003308       0x14 CMakeFiles/vigia_pico_hello.dir/Users/ben/pico-sdk/src/rp2_common/pico_bootrom/bootrom_lock.c.o
                0x10003308                runtime_init_bootrom_locking_enable
 .text.runtime_init_boot_locks_reset
                0x1000331c       0x1c CMakeFiles/vigia_pico_hello.dir/Users/ben/pico-sdk/src/rp2_common/hardware_boot_lock/boot_lock.c.o
                0x1000331c                runtime_init_boot_locks_reset
 .text.xosc_init
                0x10003338       0x2c CMakeFiles/vigia_pico_hello.dir/Users/ben/pico-sdk/src/rp2_common/hardware_xosc/xosc.c.o
                0x10003338                xosc_init
 .text.first_per_core_initializer
                0x10003364        0x4 CMakeFiles/vigia_pico_hello.dir/Users/ben/pico-sdk/src/rp2_common/pico_runtime/runtime.c.o
 .text.hard_assertion_failure
                0x10003368        0xc CMakeFiles/vigia_pico_hello.dir/Users/ben/pico-sdk/src/rp2_common/pico_runtime/runtime.c.o
                0x10003368                hard_assertion_failure
 .text.runtime_run_initializers
                0x10003374       0x20 CMakeFiles/vigia_pico_hello.dir/Users/ben/pico-sdk/src/rp2_common/pico_runtime/runtime.c.o
                0x10003374                runtime_run_initializers
 .text.runtime_init_early_resets
                0x10003394       0x30 CMakeFiles/vigia_pico_hello.dir/Users/ben/pico-sdk/src/rp2_common/pico_runtime_init/runtime_init.c.o
                0x10003394                runtime_init_early_resets
 .text.runtime_init_usb_power_down
                0x100033c4       0x1c CMakeFiles/vigia_pico_hello.dir/Users/ben/pico-sdk/src/rp2_common/pico_runtime_init/runtime_init.c.o
                0x100033c4                runtime_init_usb_power_down
 .text.runtime_init_per_core_enable_coprocessors
                0x100033e0       0x1c CMakeFiles/vigia_pico_hello.dir/Users/ben/pico-sdk/src/rp2_common/pico_runtime_init/runtime_init.c.o
                0x100033e0                runtime_init_per_core_enable_coprocessors
 .text.runtime_init_post_clock_resets
                0x100033fc       0x20 CMakeFiles/vigia_pico_hello.dir/Users/ben/pico-sdk/src/rp2_common/pico_runtime_init/runtime_init.c.o
                0x100033fc                runtime_init_post_clock_resets
 .text.runtime_init_bootrom_reset
                0x1000341c       0x14 CMakeFiles/vigia_pico_hello.dir/Users/ben/pico-sdk/src/rp2_common/pico_runtime_init/runtime_init.c.o
                0x1000341c                runtime_init_bootrom_reset
 .text.runtime_init_per_core_bootrom_reset
                0x10003430       0x14 CMakeFiles/vigia_pico_hello.dir/Users/ben/pico-sdk/src/rp2_common/pico_runtime_init/runtime_init.c.o
                0x10003430                runtime_init_per_core_bootrom_reset
 .text.runtime_init_spin_locks_reset
                0x10003444        0x4 CMakeFiles/vigia_pico_hello.dir/Users/ben/pico-sdk/src/rp2_common/pico_runtime_init/runtime_init.c.o
                0x10003444                runtime_init_spin_locks_reset
 .text.runtime_init_install_ram_vector_table
                0x10003448       0x68 CMakeFiles/vigia_pico_hello.dir/Users/ben/pico-sdk/src/rp2_common/pico_runtime_init/runtime_init.c.o
                0x10003448                runtime_init_install_ram_vector_table
 .text.runtime_init_clocks
                0x100034b0       0xdc CMakeFiles/vigia_pico_hello.dir/Users/ben/pico-sdk/src/rp2_common/pico_runtime_init/runtime_init_clocks.c.o
                0x100034b0                runtime_init_clocks
 .text.__rp2350_dcp_engaged_state_save_restore
                0x1000358c       0x3a CMakeFiles/vigia_pico_hello.dir/Users/ben/pico-sdk/src/rp2_common/pico_double/double_aeabi_dcp.S.o
 *fill*         0x100035c6        0x2 
 .text.__wrap___aeabi_dadd
                0x100035c8       0x28 CMakeFiles/vigia_pico_hello.dir/Users/ben/pico-sdk/src/rp2_common/pico_double/double_aeabi_dcp.S.o
                0x100035d0                __wrap___aeabi_dadd
 .text.__wrap___aeabi_dsub
                0x100035f0       0x28 CMakeFiles/vigia_pico_hello.dir/Users/ben/pico-sdk/src/rp2_common/pico_double/double_aeabi_dcp.S.o
                0x100035f8                __wrap___aeabi_dsub
 .text.__wrap___aeabi_dmul
                0x10003618       0x4c CMakeFiles/vigia_pico_hello.dir/Users/ben/pico-sdk/src/rp2_common/pico_double/double_aeabi_dcp.S.o
                0x10003620                __wrap___aeabi_dmul
 .text.__wrap___aeabi_ddiv
                0x10003664       0x9c CMakeFiles/vigia_pico_hello.dir/Users/ben/pico-sdk/src/rp2_common/pico_double/double_aeabi_dcp.S.o
                0x1000366c                __wrap___aeabi_ddiv
 .text.__wrap___aeabi_d2f
                0x10003700       0x1c CMakeFiles/vigia_pico_hello.dir/Users/ben/pico-sdk/src/rp2_common/pico_double/double_aeabi_dcp.S.o
                0x10003708                double2float
                0x10003708                __wrap___aeabi_d2f
 .text.__wrap___aeabi_i2d
                0x1000371c       0x24 CMakeFiles/vigia_pico_hello.dir/Users/ben/pico-sdk/src/rp2_common/pico_double/double_aeabi_dcp.S.o
                0x10003724                __wrap___aeabi_i2d
                0x10003724                int2double
 .text.__wrap___aeabi_ui2d
                0x10003740       0x24 CMakeFiles/vigia_pico_hello.dir/Users/ben/pico-sdk/src/rp2_common/pico_double/double_aeabi_dcp.S.o
                0x10003748                __wrap___aeabi_ui2d
                0x10003748                uint2double
 .text.__wrap___aeabi_d2iz
                0x10003764       0x24 CMakeFiles/vigia_pico_hello.dir/Users/ben/pico-sdk/src/rp2_common/pico_double/double_aeabi_dcp.S.o
                0x1000376c                __wrap___aeabi_d2iz
                0x1000376c                double2int_z
 .text.__wrap___aeabi_d2uiz
                0x10003788       0x24 CMakeFiles/vigia_pico_hello.dir/Users/ben/pico-sdk/src/rp2_common/pico_double/double_aeabi_dcp.S.o
                0x10003790                double2uint_z
                0x10003790                double2uint
                0x10003790                __wrap___aeabi_d2uiz
 .text.__wrap___aeabi_dcmpun
                0x100037ac       0x24 CMakeFiles/vigia_pico_hello.dir/Users/ben/pico-sdk/src/rp2_common/pico_double/double_aeabi_dcp.S.o
                0x100037b4                __wrap___aeabi_dcmpun
 .text.__wrap___aeabi_dcmpeq
                0x100037d0       0x24 CMakeFiles/vigia_pico_hello.dir/Users/ben/pico-sdk/src/rp2_common/pico_double/double_aeabi_dcp.S.o
                0x100037d8                __wrap___aeabi_dcmpeq
 .text.__wrap___aeabi_dcmplt
                0x100037f4       0x28 CMakeFiles/vigia_pico_hello.dir/Users/ben/pico-sdk/src/rp2_common/pico_double/double_aeabi_dcp.S.o
                0x100037fc                __wrap___aeabi_dcmplt
 .text.__wrap___aeabi_dcmple
                0x1000381c       0x28 CMakeFiles/vigia_pico_hello.dir/Users/ben/pico-sdk/src/rp2_common/pico_double/double_aeabi_dcp.S.o
                0x10003824                __wrap___aeabi_dcmple
 .text.__wrap___aeabi_dcmpge
                0x10003844       0x28 CMakeFiles/vigia_pico_hello.dir/Users/ben/pico-sdk/src/rp2_common/pico_double/double_aeabi_dcp.S.o
                0x1000384c                __wrap___aeabi_dcmpge
 .text.__wrap___aeabi_dcmpgt
                0x1000386c       0x28 CMakeFiles/vigia_pico_hello.dir/Users/ben/pico-sdk/src/rp2_common/pico_double/double_aeabi_dcp.S.o
                0x10003874                __wrap___aeabi_dcmpgt
 .text.__wrap_conv_tod
                0x10003894      0x20c CMakeFiles/vigia_pico_hello.dir/Users/ben/pico-sdk/src/rp2_common/pico_double/double_conv_m33.S.o
                0x10003894                __wrap___aeabi_l2d
                0x10003894                int642double
                0x10003896                fix642double
                0x1000393a                __wrap___aeabi_ul2d
                0x1000393a                uint642double
                0x1000393c                ufix642double
                0x100039d0                fix2double
                0x10003a40                ufix2double
 .text.__wrap_conv_dtoi64_z
                0x10003aa0       0xa0 CMakeFiles/vigia_pico_hello.dir/Users/ben/pico-sdk/src/rp2_common/pico_double/double_conv_m33.S.o
                0x10003aa0                __wrap___aeabi_d2lz
                0x10003aa0                double2int64_z
                0x10003aa2                double2fix64_z
 .text._out_null
                0x10003b40        0x4 CMakeFiles/vigia_pico_hello.dir/Users/ben/pico-sdk/src/rp2_common/pico_printf/printf.c.o
 .text._out_rev
                0x10003b44       0xa8 CMakeFiles/vigia_pico_hello.dir/Users/ben/pico-sdk/src/rp2_common/pico_printf/printf.c.o
 .text._ntoa_format
                0x10003bec      0x1dc CMakeFiles/vigia_pico_hello.dir/Users/ben/pico-sdk/src/rp2_common/pico_printf/printf.c.o
 .text._out_char
                0x10003dc8        0x8 CMakeFiles/vigia_pico_hello.dir/Users/ben/pico-sdk/src/rp2_common/pico_printf/printf.c.o
 .text._out_fct
                0x10003dd0        0xc CMakeFiles/vigia_pico_hello.dir/Users/ben/pico-sdk/src/rp2_common/pico_printf/printf.c.o
 *fill*         0x10003ddc        0x4 
 .text._ftoa    0x10003de0      0x494 CMakeFiles/vigia_pico_hello.dir/Users/ben/pico-sdk/src/rp2_common/pico_printf/printf.c.o
 *fill*         0x10004274        0x4 
 .text._etoa    0x10004278      0x584 CMakeFiles/vigia_pico_hello.dir/Users/ben/pico-sdk/src/rp2_common/pico_printf/printf.c.o
 .text._vsnprintf
                0x100047fc      0x9d8 CMakeFiles/vigia_pico_hello.dir/Users/ben/pico-sdk/src/rp2_common/pico_printf/printf.c.o
 .text.vfctprintf
                0x100051d4       0x24 CMakeFiles/vigia_pico_hello.dir/Users/ben/pico-sdk/src/rp2_common/pico_printf/printf.c.o
                0x100051d4                vfctprintf
 .text.weak_raw_printf
                0x100051f8       0x48 CMakeFiles/vigia_pico_hello.dir/Users/ben/pico-sdk/src/rp2_common/pico_printf/printf.c.o
                0x100051f8                weak_raw_printf
 .text.weak_raw_vprintf
                0x10005240       0x30 CMakeFiles/vigia_pico_hello.dir/Users/ben/pico-sdk/src/rp2_common/pico_printf/printf.c.o
                0x10005240                weak_raw_vprintf
 .text._exit    0x10005270        0x4 CMakeFiles/vigia_pico_hello.dir/Users/ben/pico-sdk/src/rp2_common/pico_clib_interface/newlib_interface.c.o
                0x10005270                _exit
 .text._sbrk    0x10005274       0x2c CMakeFiles/vigia_pico_hello.dir/Users/ben/pico-sdk/src/rp2_common/pico_clib_interface/newlib_interface.c.o
                0x10005274                _sbrk
 .text._read    0x100052a0       0x1c CMakeFiles/vigia_pico_hello.dir/Users/ben/pico-sdk/src/rp2_common/pico_clib_interface/newlib_interface.c.o
                0x100052a0                _read
 .text._write   0x100052bc       0x20 CMakeFiles/vigia_pico_hello.dir/Users/ben/pico-sdk/src/rp2_common/pico_clib_interface/newlib_interface.c.o
                0x100052bc                _write
 .text._close   0x100052dc        0x8 CMakeFiles/vigia_pico_hello.dir/Users/ben/pico-sdk/src/rp2_common/pico_clib_interface/newlib_interface.c.o
                0x100052dc                _close
 .text._lseek   0x100052e4        0x8 CMakeFiles/vigia_pico_hello.dir/Users/ben/pico-sdk/src/rp2_common/pico_clib_interface/newlib_interface.c.o
                0x100052e4                _lseek
 .text.exit     0x100052ec        0x8 CMakeFiles/vigia_pico_hello.dir/Users/ben/pico-sdk/src/rp2_common/pico_clib_interface/newlib_interface.c.o
                0x100052ec                exit
 .text.__assert_func
                0x100052f4       0x3c CMakeFiles/vigia_pico_hello.dir/Users/ben/pico-sdk/src/rp2_common/pico_clib_interface/newlib_interface.c.o
                0x100052f4                __assert_func
 .text.runtime_init
                0x10005330       0x24 CMakeFiles/vigia_pico_hello.dir/Users/ben/pico-sdk/src/rp2_common/pico_clib_interface/newlib_interface.c.o
                0x10005330                runtime_init
 .text.stdio_out_chars_no_crlf
                0x10005354        0x8 CMakeFiles/vigia_pico_hello.dir/Users/ben/pico-sdk/src/rp2_common/pico_stdio/stdio.c.o
 .text.stdio_out_chars_crlf
                0x1000535c       0xc0 CMakeFiles/vigia_pico_hello.dir/Users/ben/pico-sdk/src/rp2_common/pico_stdio/stdio.c.o
 .text.stdio_buffered_printer
                0x1000541c       0x5c CMakeFiles/vigia_pico_hello.dir/Users/ben/pico-sdk/src/rp2_common/pico_stdio/stdio.c.o
 .text.stdio_put_string
                0x10005478       0xec CMakeFiles/vigia_pico_hello.dir/Users/ben/pico-sdk/src/rp2_common/pico_stdio/stdio.c.o
                0x10005478                stdio_put_string
 .text.stdio_get_until
                0x10005564       0x70 CMakeFiles/vigia_pico_hello.dir/Users/ben/pico-sdk/src/rp2_common/pico_stdio/stdio.c.o
                0x10005564                stdio_get_until
 .text.stdio_set_driver_enabled
                0x100055d4       0x28 CMakeFiles/vigia_pico_hello.dir/Users/ben/pico-sdk/src/rp2_common/pico_stdio/stdio.c.o
                0x100055d4                stdio_set_driver_enabled
 .text.stdio_init_all
                0x100055fc        0x4 CMakeFiles/vigia_pico_hello.dir/Users/ben/pico-sdk/src/rp2_common/pico_stdio/stdio.c.o
                0x100055fc                stdio_init_all
 .text.__wrap_putchar
                0x10005600       0x84 CMakeFiles/vigia_pico_hello.dir/Users/ben/pico-sdk/src/rp2_common/pico_stdio/stdio.c.o
                0x10005600                stdio_putchar
                0x10005600                __wrap_putchar
 .text.__wrap_puts
                0x10005684       0x3c CMakeFiles/vigia_pico_hello.dir/Users/ben/pico-sdk/src/rp2_common/pico_stdio/stdio.c.o
                0x10005684                __wrap_puts
                0x10005684                stdio_puts
 .text.__wrap_vprintf
                0x100056c0       0xc0 CMakeFiles/vigia_pico_hello.dir/Users/ben/pico-sdk/src/rp2_common/pico_stdio/stdio.c.o
                0x100056c0                __wrap_vprintf
                0x100056c0                stdio_vprintf
 .text.__wrap_printf
                0x10005780       0x1c CMakeFiles/vigia_pico_hello.dir/Users/ben/pico-sdk/src/rp2_common/pico_stdio/stdio.c.o
                0x10005780                stdio_printf
                0x10005780                __wrap_printf
 .text.resetd_init
                0x1000579c        0x4 CMakeFiles/vigia_pico_hello.dir/Users/ben/pico-sdk/src/rp2_common/pico_stdio_usb/reset_interface.c.o
 .text.resetd_reset
                0x100057a0        0xc CMakeFiles/vigia_pico_hello.dir/Users/ben/pico-sdk/src/rp2_common/pico_stdio_usb/reset_interface.c.o
 .text.resetd_open
                0x100057ac       0x28 CMakeFiles/vigia_pico_hello.dir/Users/ben/pico-sdk/src/rp2_common/pico_stdio_usb/reset_interface.c.o
 .text.resetd_xfer_cb
                0x100057d4        0x4 CMakeFiles/vigia_pico_hello.dir/Users/ben/pico-sdk/src/rp2_common/pico_stdio_usb/reset_interface.c.o
 .text.resetd_control_xfer_cb
                0x100057d8       0x50 CMakeFiles/vigia_pico_hello.dir/Users/ben/pico-sdk/src/rp2_common/pico_stdio_usb/reset_interface.c.o
 .text.tud_descriptor_bos_cb
                0x10005828        0x8 CMakeFiles/vigia_pico_hello.dir/Users/ben/pico-sdk/src/rp2_common/pico_stdio_usb/reset_interface.c.o
                0x10005828                tud_descriptor_bos_cb
 .text.tud_vendor_control_xfer_cb
                0x10005830       0x28 CMakeFiles/vigia_pico_hello.dir/Users/ben/pico-sdk/src/rp2_common/pico_stdio_usb/reset_interface.c.o
                0x10005830                tud_vendor_control_xfer_cb
 .text.usbd_app_driver_get_cb
                0x10005858       0x10 CMakeFiles/vigia_pico_hello.dir/Users/ben/pico-sdk/src/rp2_common/pico_stdio_usb/reset_interface.c.o
                0x10005858                usbd_app_driver_get_cb
 .text.tud_cdc_line_coding_cb
                0x10005868       0x18 CMakeFiles/vigia_pico_hello.dir/Users/ben/pico-sdk/src/rp2_common/pico_stdio_usb/reset_interface.c.o
                0x10005868                tud_cdc_line_coding_cb
 .text.stdio_usb_set_chars_available_callback
                0x10005880       0x14 CMakeFiles/vigia_pico_hello.dir/Users/ben/pico-sdk/src/rp2_common/pico_stdio_usb/stdio_usb.c.o
                0x10005880                stdio_usb_set_chars_available_callback
 .text.timer_task
                0x10005894       0x70 CMakeFiles/vigia_pico_hello.dir/Users/ben/pico-sdk/src/rp2_common/pico_stdio_usb/stdio_usb.c.o
 .text.usb_irq  0x10005904        0xc CMakeFiles/vigia_pico_hello.dir/Users/ben/pico-sdk/src/rp2_common/pico_stdio_usb/stdio_usb.c.o
 .text.stdio_usb_in_chars
                0x10005910       0x88 CMakeFiles/vigia_pico_hello.dir/Users/ben/pico-sdk/src/rp2_common/pico_stdio_usb/stdio_usb.c.o
                0x10005910                stdio_usb_in_chars
 .text.stdio_usb_out_flush
                0x10005998       0x54 CMakeFiles/vigia_pico_hello.dir/Users/ben/pico-sdk/src/rp2_common/pico_stdio_usb/stdio_usb.c.o
 .text.stdio_usb_out_chars
                0x100059ec       0xf0 CMakeFiles/vigia_pico_hello.dir/Users/ben/pico-sdk/src/rp2_common/pico_stdio_usb/stdio_usb.c.o
 .text.low_priority_worker_irq
                0x10005adc       0xe8 CMakeFiles/vigia_pico_hello.dir/Users/ben/pico-sdk/src/rp2_common/pico_stdio_usb/stdio_usb.c.o
 .text.stdio_usb_init
                0x10005bc4       0xf0 CMakeFiles/vigia_pico_hello.dir/Users/ben/pico-sdk/src/rp2_common/pico_stdio_usb/stdio_usb.c.o
                0x10005bc4                stdio_usb_init
 .text.tud_descriptor_device_cb
                0x10005cb4        0x8 CMakeFiles/vigia_pico_hello.dir/Users/ben/pico-sdk/src/rp2_common/pico_stdio_usb/stdio_usb_descriptors.c.o
                0x10005cb4                tud_descriptor_device_cb
 .text.tud_descriptor_configuration_cb
                0x10005cbc        0x8 CMakeFiles/vigia_pico_hello.dir/Users/ben/pico-sdk/src/rp2_common/pico_stdio_usb/stdio_usb_descriptors.c.o
                0x10005cbc                tud_descriptor_configuration_cb
 .text.tud_descriptor_string_cb
                0x10005cc4       0x80 CMakeFiles/vigia_pico_hello.dir/Users/ben/pico-sdk/src/rp2_common/pico_stdio_usb/stdio_usb_descriptors.c.o
                0x10005cc4                tud_descriptor_string_cb
 .text.startup._retrieve_unique_id_on_boot
                0x10005d44       0x2c CMakeFiles/vigia_pico_hello.dir/Users/ben/pico-sdk/src/rp2_common/pico_unique_id/unique_id.c.o
 .text.pico_get_unique_board_id_string
                0x10005d70      0x190 CMakeFiles/vigia_pico_hello.dir/Users/ben/pico-sdk/src/rp2_common/pico_unique_id/unique_id.c.o
                0x10005d70                pico_get_unique_board_id_string
 .text.dcd_init
                0x10005f00       0x9c CMakeFiles/vigia_pico_hello.dir/Users/ben/pico-sdk/lib/tinyusb/src/portable/raspberrypi/rp2040/dcd_rp2040.c.o
                0x10005f00                dcd_init
 .text.dcd_int_enable
                0x10005f9c        0x8 CMakeFiles/vigia_pico_hello.dir/Users/ben/pico-sdk/lib/tinyusb/src/portable/raspberrypi/rp2040/dcd_rp2040.c.o
                0x10005f9c                dcd_int_enable
 .text.dcd_set_address
                0x10005fa4       0x10 CMakeFiles/vigia_pico_hello.dir/Users/ben/pico-sdk/lib/tinyusb/src/portable/raspberrypi/rp2040/dcd_rp2040.c.o
                0x10005fa4                dcd_set_address
 .text.dcd_sof_enable
                0x10005fb4       0x1c CMakeFiles/vigia_pico_hello.dir/Users/ben/pico-sdk/lib/tinyusb/src/portable/raspberrypi/rp2040/dcd_rp2040.c.o
                0x10005fb4                dcd_sof_enable
 .text.dcd_edpt0_status_complete
                0x10005fd0       0x1c CMakeFiles/vigia_pico_hello.dir/Users/ben/pico-sdk/lib/tinyusb/src/portable/raspberrypi/rp2040/dcd_rp2040.c.o
                0x10005fd0                dcd_edpt0_status_complete
 .text.dcd_edpt_open
                0x10005fec      0x10c CMakeFiles/vigia_pico_hello.dir/Users/ben/pico-sdk/lib/tinyusb/src/portable/raspberrypi/rp2040/dcd_rp2040.c.o
                0x10005fec                dcd_edpt_open
 .text.dcd_edpt_close_all
                0x100060f8        0x4 CMakeFiles/vigia_pico_hello.dir/Users/ben/pico-sdk/lib/tinyusb/src/portable/raspberrypi/rp2040/dcd_rp2040.c.o
                0x100060f8                dcd_edpt_close_all
 .text.dcd_edpt_xfer
                0x100060fc       0x28 CMakeFiles/vigia_pico_hello.dir/Users/ben/pico-sdk/lib/tinyusb/src/portable/raspberrypi/rp2040/dcd_rp2040.c.o
                0x100060fc                dcd_edpt_xfer
 .text.dcd_edpt_stall
                0x10006124       0x30 CMakeFiles/vigia_pico_hello.dir/Users/ben/pico-sdk/lib/tinyusb/src/portable/raspberrypi/rp2040/dcd_rp2040.c.o
                0x10006124                dcd_edpt_stall
 .text.dcd_edpt_clear_stall
                0x10006154       0x24 CMakeFiles/vigia_pico_hello.dir/Users/ben/pico-sdk/lib/tinyusb/src/portable/raspberrypi/rp2040/dcd_rp2040.c.o
                0x10006154                dcd_edpt_clear_stall
 .text.rp2040_usb_init
                0x10006178       0x40 CMakeFiles/vigia_pico_hello.dir/Users/ben/pico-sdk/lib/tinyusb/src/portable/raspberrypi/rp2040/rp2040_usb.c.o
                0x10006178                rp2040_usb_init
 .text.hw_endpoint_xfer_start
                0x100061b8       0x40 CMakeFiles/vigia_pico_hello.dir/Users/ben/pico-sdk/lib/tinyusb/src/portable/raspberrypi/rp2040/rp2040_usb.c.o
                0x100061b8                hw_endpoint_xfer_start
 .text.configuration_reset
                0x100061f8       0x8c CMakeFiles/vigia_pico_hello.dir/Users/ben/pico-sdk/lib/tinyusb/src/device/usbd.c.o
 .text.tud_event_hook_cb
                0x10006284        0x4 CMakeFiles/vigia_pico_hello.dir/Users/ben/pico-sdk/lib/tinyusb/src/device/usbd.c.o
                0x10006284                tud_event_hook_cb
 .text.tud_sof_cb
                0x10006288        0x4 CMakeFiles/vigia_pico_hello.dir/Users/ben/pico-sdk/lib/tinyusb/src/device/usbd.c.o
                0x10006288                tud_sof_cb
 .text.tud_descriptor_device_qualifier_cb
                0x1000628c        0x4 CMakeFiles/vigia_pico_hello.dir/Users/ben/pico-sdk/lib/tinyusb/src/device/usbd.c.o
                0x1000628c                tud_descriptor_device_qualifier_cb
 .text.tud_descriptor_other_speed_configuration_cb
                0x10006290        0x4 CMakeFiles/vigia_pico_hello.dir/Users/ben/pico-sdk/lib/tinyusb/src/device/usbd.c.o
                0x10006290                tud_descriptor_other_speed_configuration_cb
 .text.tud_mount_cb
                0x10006294        0x4 CMakeFiles/vigia_pico_hello.dir/Users/ben/pico-sdk/lib/tinyusb/src/device/usbd.c.o
                0x10006294                tud_mount_cb
 .text.tud_umount_cb
                0x10006298        0x4 CMakeFiles/vigia_pico_hello.dir/Users/ben/pico-sdk/lib/tinyusb/src/device/usbd.c.o
                0x10006298                tud_umount_cb
 .text.tud_suspend_cb
                0x1000629c        0x4 CMakeFiles/vigia_pico_hello.dir/Users/ben/pico-sdk/lib/tinyusb/src/device/usbd.c.o
                0x1000629c                tud_suspend_cb
 .text.tud_resume_cb
                0x100062a0        0x4 CMakeFiles/vigia_pico_hello.dir/Users/ben/pico-sdk/lib/tinyusb/src/device/usbd.c.o
                0x100062a0                tud_resume_cb
 .text.tud_mounted
                0x100062a4       0x10 CMakeFiles/vigia_pico_hello.dir/Users/ben/pico-sdk/lib/tinyusb/src/device/usbd.c.o
                0x100062a4                tud_mounted
 .text.tud_suspended
                0x100062b4       0x10 CMakeFiles/vigia_pico_hello.dir/Users/ben/pico-sdk/lib/tinyusb/src/device/usbd.c.o
                0x100062b4                tud_suspended
 .text.tud_rhport_init
                0x100062c4       0xf0 CMakeFiles/vigia_pico_hello.dir/Users/ben/pico-sdk/lib/tinyusb/src/device/usbd.c.o
                0x100062c4                tud_rhport_init
 .text.tud_task_ext
                0x100063b4      0x7cc CMakeFiles/vigia_pico_hello.dir/Users/ben/pico-sdk/lib/tinyusb/src/device/usbd.c.o
                0x100063b4                tud_task_ext
 .text.usbd_open_edpt_pair
                0x10006b80       0xa0 CMakeFiles/vigia_pico_hello.dir/Users/ben/pico-sdk/lib/tinyusb/src/device/usbd.c.o
                0x10006b80                usbd_open_edpt_pair
 .text.usbd_edpt_open
                0x10006c20       0x5c CMakeFiles/vigia_pico_hello.dir/Users/ben/pico-sdk/lib/tinyusb/src/device/usbd.c.o
                0x10006c20                usbd_edpt_open
 .text.usbd_edpt_claim
                0x10006c7c       0x24 CMakeFiles/vigia_pico_hello.dir/Users/ben/pico-sdk/lib/tinyusb/src/device/usbd.c.o
                0x10006c7c                usbd_edpt_claim
 .text.usbd_edpt_release
                0x10006ca0       0x24 CMakeFiles/vigia_pico_hello.dir/Users/ben/pico-sdk/lib/tinyusb/src/device/usbd.c.o
                0x10006ca0                usbd_edpt_release
 .text.usbd_edpt_xfer
                0x10006cc4       0x70 CMakeFiles/vigia_pico_hello.dir/Users/ben/pico-sdk/lib/tinyusb/src/device/usbd.c.o
                0x10006cc4                usbd_edpt_xfer
 .text.tud_control_status
                0x10006d34       0x38 CMakeFiles/vigia_pico_hello.dir/Users/ben/pico-sdk/lib/tinyusb/src/device/usbd_control.c.o
                0x10006d34                tud_control_status
 .text.tud_control_xfer
                0x10006d6c       0xb4 CMakeFiles/vigia_pico_hello.dir/Users/ben/pico-sdk/lib/tinyusb/src/device/usbd_control.c.o
                0x10006d6c                tud_control_xfer
 .text.usbd_control_reset
                0x10006e20       0x14 CMakeFiles/vigia_pico_hello.dir/Users/ben/pico-sdk/lib/tinyusb/src/device/usbd_control.c.o
                0x10006e20                usbd_control_reset
 .text.usbd_control_set_complete_callback
                0x10006e34        0xc CMakeFiles/vigia_pico_hello.dir/Users/ben/pico-sdk/lib/tinyusb/src/device/usbd_control.c.o
                0x10006e34                usbd_control_set_complete_callback
 .text.usbd_control_set_request
                0x10006e40       0x1c CMakeFiles/vigia_pico_hello.dir/Users/ben/pico-sdk/lib/tinyusb/src/device/usbd_control.c.o
                0x10006e40                usbd_control_set_request
 .text.usbd_control_xfer_cb
                0x10006e5c      0x104 CMakeFiles/vigia_pico_hello.dir/Users/ben/pico-sdk/lib/tinyusb/src/device/usbd_control.c.o
                0x10006e5c                usbd_control_xfer_cb
 .text._prep_out_transaction.isra.0
                0x10006f60       0x80 CMakeFiles/vigia_pico_hello.dir/Users/ben/pico-sdk/lib/tinyusb/src/class/cdc/cdc_device.c.o
 .text.tud_cdc_n_connected
                0x10006fe0       0x2c CMakeFiles/vigia_pico_hello.dir/Users/ben/pico-sdk/lib/tinyusb/src/class/cdc/cdc_device.c.o
                0x10006fe0                tud_cdc_n_connected
 .text.tud_cdc_n_available
                0x1000700c       0x14 CMakeFiles/vigia_pico_hello.dir/Users/ben/pico-sdk/lib/tinyusb/src/class/cdc/cdc_device.c.o
                0x1000700c                tud_cdc_n_available
 .text.tud_cdc_n_read
                0x10007020       0x8c CMakeFiles/vigia_pico_hello.dir/Users/ben/pico-sdk/lib/tinyusb/src/class/cdc/cdc_device.c.o
                0x10007020                tud_cdc_n_read
 .text.tud_cdc_n_write_flush
                0x100070ac       0x94 CMakeFiles/vigia_pico_hello.dir/Users/ben/pico-sdk/lib/tinyusb/src/class/cdc/cdc_device.c.o
                0x100070ac                tud_cdc_n_write_flush
 .text.tud_cdc_n_write
                0x10007140       0x3c CMakeFiles/vigia_pico_hello.dir/Users/ben/pico-sdk/lib/tinyusb/src/class/cdc/cdc_device.c.o
                0x10007140                tud_cdc_n_write
 .text.tud_cdc_n_write_available
                0x1000717c       0x14 CMakeFiles/vigia_pico_hello.dir/Users/ben/pico-sdk/lib/tinyusb/src/class/cdc/cdc_device.c.o
                0x1000717c                tud_cdc_n_write_available
 .text.cdcd_init
                0x10007190       0x74 CMakeFiles/vigia_pico_hello.dir/Users/ben/pico-sdk/lib/tinyusb/src/class/cdc/cdc_device.c.o
                0x10007190                cdcd_init
 .text.cdcd_deinit
                0x10007204       0x30 CMakeFiles/vigia_pico_hello.dir/Users/ben/pico-sdk/lib/tinyusb/src/class/cdc/cdc_device.c.o
                0x10007204                cdcd_deinit
 .text.cdcd_reset
                0x10007234       0x50 CMakeFiles/vigia_pico_hello.dir/Users/ben/pico-sdk/lib/tinyusb/src/class/cdc/cdc_device.c.o
                0x10007234                cdcd_reset
 .text.cdcd_open
                0x10007284       0xd0 CMakeFiles/vigia_pico_hello.dir/Users/ben/pico-sdk/lib/tinyusb/src/class/cdc/cdc_device.c.o
                0x10007284                cdcd_open
 .text.cdcd_control_xfer_cb
                0x10007354       0xd0 CMakeFiles/vigia_pico_hello.dir/Users/ben/pico-sdk/lib/tinyusb/src/class/cdc/cdc_device.c.o
                0x10007354                cdcd_control_xfer_cb
 .text.cdcd_xfer_cb
                0x10007424       0xf8 CMakeFiles/vigia_pico_hello.dir/Users/ben/pico-sdk/lib/tinyusb/src/class/cdc/cdc_device.c.o
                0x10007424                cdcd_xfer_cb
 .text.vendord_init
                0x1000751c       0x5c CMakeFiles/vigia_pico_hello.dir/Users/ben/pico-sdk/lib/tinyusb/src/class/vendor/vendor_device.c.o
                0x1000751c                vendord_init
 .text.vendord_deinit
                0x10007578       0x1c CMakeFiles/vigia_pico_hello.dir/Users/ben/pico-sdk/lib/tinyusb/src/class/vendor/vendor_device.c.o
                0x10007578                vendord_deinit
 .text.vendord_reset
                0x10007594       0x24 CMakeFiles/vigia_pico_hello.dir/Users/ben/pico-sdk/lib/tinyusb/src/class/vendor/vendor_device.c.o
                0x10007594                vendord_reset
 .text.vendord_open
                0x100075b8       0xf4 CMakeFiles/vigia_pico_hello.dir/Users/ben/pico-sdk/lib/tinyusb/src/class/vendor/vendor_device.c.o
                0x100075b8                vendord_open
 .text.vendord_xfer_cb
                0x100076ac       0x98 CMakeFiles/vigia_pico_hello.dir/Users/ben/pico-sdk/lib/tinyusb/src/class/vendor/vendor_device.c.o
                0x100076ac                vendord_xfer_cb
 .text.tusb_rhport_init
                0x10007744       0x6c CMakeFiles/vigia_pico_hello.dir/Users/ben/pico-sdk/lib/tinyusb/src/tusb.c.o
                0x10007744                tusb_rhport_init
 .text.tu_edpt_claim
                0x100077b0       0x60 CMakeFiles/vigia_pico_hello.dir/Users/ben/pico-sdk/lib/tinyusb/src/tusb.c.o
                0x100077b0                tu_edpt_claim
 .text.tu_edpt_release
                0x10007810       0x38 CMakeFiles/vigia_pico_hello.dir/Users/ben/pico-sdk/lib/tinyusb/src/tusb.c.o
                0x10007810                tu_edpt_release
 .text.tu_edpt_validate
                0x10007848       0x60 CMakeFiles/vigia_pico_hello.dir/Users/ben/pico-sdk/lib/tinyusb/src/tusb.c.o
                0x10007848                tu_edpt_validate
 .text.tu_edpt_bind_driver
                0x100078a8       0x54 CMakeFiles/vigia_pico_hello.dir/Users/ben/pico-sdk/lib/tinyusb/src/tusb.c.o
                0x100078a8                tu_edpt_bind_driver
 .text.tu_edpt_stream_init
                0x100078fc       0x58 CMakeFiles/vigia_pico_hello.dir/Users/ben/pico-sdk/lib/tinyusb/src/tusb.c.o
                0x100078fc                tu_edpt_stream_init
 .text.tu_edpt_stream_deinit
                0x10007954        0x4 CMakeFiles/vigia_pico_hello.dir/Users/ben/pico-sdk/lib/tinyusb/src/tusb.c.o
                0x10007954                tu_edpt_stream_deinit
 .text.tu_edpt_stream_write_zlp_if_needed
                0x10007958       0x6c CMakeFiles/vigia_pico_hello.dir/Users/ben/pico-sdk/lib/tinyusb/src/tusb.c.o
                0x10007958                tu_edpt_stream_write_zlp_if_needed
 .text.tu_edpt_stream_write_xfer
                0x100079c4       0x74 CMakeFiles/vigia_pico_hello.dir/Users/ben/pico-sdk/lib/tinyusb/src/tusb.c.o
                0x100079c4                tu_edpt_stream_write_xfer
 .text.tu_edpt_stream_read_xfer
                0x10007a38       0xd0 CMakeFiles/vigia_pico_hello.dir/Users/ben/pico-sdk/lib/tinyusb/src/tusb.c.o
                0x10007a38                tu_edpt_stream_read_xfer
 .text.tu_fifo_config
                0x10007b08       0x60 CMakeFiles/vigia_pico_hello.dir/Users/ben/pico-sdk/lib/tinyusb/src/common/tusb_fifo.c.o
                0x10007b08                tu_fifo_config
 .text.tu_fifo_count
                0x10007b68       0x20 CMakeFiles/vigia_pico_hello.dir/Users/ben/pico-sdk/lib/tinyusb/src/common/tusb_fifo.c.o
                0x10007b68                tu_fifo_count
 .text.tu_fifo_empty
                0x10007b88       0x14 CMakeFiles/vigia_pico_hello.dir/Users/ben/pico-sdk/lib/tinyusb/src/common/tusb_fifo.c.o
                0x10007b88                tu_fifo_empty
 .text.tu_fifo_remaining
                0x10007b9c       0x24 CMakeFiles/vigia_pico_hello.dir/Users/ben/pico-sdk/lib/tinyusb/src/common/tusb_fifo.c.o
                0x10007b9c                tu_fifo_remaining
 .text.tu_fifo_read
                0x10007bc0       0x9c CMakeFiles/vigia_pico_hello.dir/Users/ben/pico-sdk/lib/tinyusb/src/common/tusb_fifo.c.o
                0x10007bc0                tu_fifo_read
 .text.tu_fifo_read_n
                0x10007c5c       0xe0 CMakeFiles/vigia_pico_hello.dir/Users/ben/pico-sdk/lib/tinyusb/src/common/tusb_fifo.c.o
                0x10007c5c                tu_fifo_read_n
 .text.tu_fifo_write
                0x10007d3c       0xa8 CMakeFiles/vigia_pico_hello.dir/Users/ben/pico-sdk/lib/tinyusb/src/common/tusb_fifo.c.o
                0x10007d3c                tu_fifo_write
 .text.tu_fifo_write_n
                0x10007de4      0x150 CMakeFiles/vigia_pico_hello.dir/Users/ben/pico-sdk/lib/tinyusb/src/common/tusb_fifo.c.o
                0x10007de4                tu_fifo_write_n
 .text.tu_fifo_clear
                0x10007f34       0x38 CMakeFiles/vigia_pico_hello.dir/Users/ben/pico-sdk/lib/tinyusb/src/common/tusb_fifo.c.o
                0x10007f34                tu_fifo_clear
 .text.tu_fifo_set_overwritable
                0x10007f6c       0x3c CMakeFiles/vigia_pico_hello.dir/Users/ben/pico-sdk/lib/tinyusb/src/common/tusb_fifo.c.o
                0x10007f6c                tu_fifo_set_overwritable
 .text.spi_init
                0x10007fa8       0xfc CMakeFiles/vigia_pico_hello.dir/Users/ben/pico-sdk/src/rp2_common/hardware_spi/spi.c.o
                0x10007fa8                spi_init
 .text._calloc_r
                0x100080a4       0x7c /Applications/ArmGNUToolchain/15.2.rel1/arm-none-eabi/bin/../lib/gcc/arm-none-eabi/15.2.1/../../../../arm-none-eabi/lib/thumb/v8-m.main+fp/softfp/libg.a(libc_a-callocr.o)
                0x100080a4                _calloc_r
 .text._malloc_r
                0x10008120      0x5a8 /Applications/ArmGNUToolchain/15.2.rel1/arm-none-eabi/bin/../lib/gcc/arm-none-eabi/15.2.1/../../../../arm-none-eabi/lib/thumb/v8-m.main+fp/softfp/libg.a(libc_a-mallocr.o)
                0x10008120                _malloc_r
 .text.__malloc_lock
                0x100086c8        0xc /Applications/ArmGNUToolchain/15.2.rel1/arm-none-eabi/bin/../lib/gcc/arm-none-eabi/15.2.1/../../../../arm-none-eabi/lib/thumb/v8-m.main+fp/softfp/libg.a(libc_a-mlock.o)
                0x100086c8                __malloc_lock
 .text.__malloc_unlock
                0x100086d4        0xc /Applications/ArmGNUToolchain/15.2.rel1/arm-none-eabi/bin/../lib/gcc/arm-none-eabi/15.2.1/../../../../arm-none-eabi/lib/thumb/v8-m.main+fp/softfp/libg.a(libc_a-mlock.o)
                0x100086d4                __malloc_unlock
 .text._strtod_l
                0x100086e0     0x10fc /Applications/ArmGNUToolchain/15.2.rel1/arm-none-eabi/bin/../lib/gcc/arm-none-eabi/15.2.1/../../../../arm-none-eabi/lib/thumb/v8-m.main+fp/softfp/libg.a(libc_a-strtod.o)
                0x100086e0                _strtod_l
 .text.strtod   0x100097dc       0x1c /Applications/ArmGNUToolchain/15.2.rel1/arm-none-eabi/bin/../lib/gcc/arm-none-eabi/15.2.1/../../../../arm-none-eabi/lib/thumb/v8-m.main+fp/softfp/libg.a(libc_a-strtod.o)
                0x100097dc                strtod
 .text._strtol_l.part.0
                0x100097f8      0x1d8 /Applications/ArmGNUToolchain/15.2.rel1/arm-none-eabi/bin/../lib/gcc/arm-none-eabi/15.2.1/../../../../arm-none-eabi/lib/thumb/v8-m.main+fp/softfp/libg.a(libc_a-strtol.o)
 .text.strtol   0x100099d0       0x2c /Applications/ArmGNUToolchain/15.2.rel1/arm-none-eabi/bin/../lib/gcc/arm-none-eabi/15.2.1/../../../../arm-none-eabi/lib/thumb/v8-m.main+fp/softfp/libg.a(libc_a-strtol.o)
                0x100099d0                strtol
 .text._strtoul_l.isra.0
                0x100099fc      0x12c /Applications/ArmGNUToolchain/15.2.rel1/arm-none-eabi/bin/../lib/gcc/arm-none-eabi/15.2.1/../../../../arm-none-eabi/lib/thumb/v8-m.main+fp/softfp/libg.a(libc_a-strtoul.o)
 .text.strtoul  0x10009b28       0x18 /Applications/ArmGNUToolchain/15.2.rel1/arm-none-eabi/bin/../lib/gcc/arm-none-eabi/15.2.1/../../../../arm-none-eabi/lib/thumb/v8-m.main+fp/softfp/libg.a(libc_a-strtoul.o)
                0x10009b28                strtoul
 .text.__sflush_r
                0x10009b40      0x134 /Applications/ArmGNUToolchain/15.2.rel1/arm-none-eabi/bin/../lib/gcc/arm-none-eabi/15.2.1/../../../../arm-none-eabi/lib/thumb/v8-m.main+fp/softfp/libg.a(libc_a-fflush.o)
                0x10009b40                __sflush_r
 .text._fflush_r
                0x10009c74       0x70 /Applications/ArmGNUToolchain/15.2.rel1/arm-none-eabi/bin/../lib/gcc/arm-none-eabi/15.2.1/../../../../arm-none-eabi/lib/thumb/v8-m.main+fp/softfp/libg.a(libc_a-fflush.o)
                0x10009c74                _fflush_r
 .text.fflush   0x10009ce4       0x90 /Applications/ArmGNUToolchain/15.2.rel1/arm-none-eabi/bin/../lib/gcc/arm-none-eabi/15.2.1/../../../../arm-none-eabi/lib/thumb/v8-m.main+fp/softfp/libg.a(libc_a-fflush.o)
                0x10009ce4                fflush
 .text.stdio_exit_handler
                0x10009d74       0x18 /Applications/ArmGNUToolchain/15.2.rel1/arm-none-eabi/bin/../lib/gcc/arm-none-eabi/15.2.1/../../../../arm-none-eabi/lib/thumb/v8-m.main+fp/softfp/libg.a(libc_a-findfp.o)
 .text.cleanup_stdio
                0x10009d8c       0x40 /Applications/ArmGNUToolchain/15.2.rel1/arm-none-eabi/bin/../lib/gcc/arm-none-eabi/15.2.1/../../../../arm-none-eabi/lib/thumb/v8-m.main+fp/softfp/libg.a(libc_a-findfp.o)
 .text.global_stdio_init.part.0
                0x10009dcc       0xf0 /Applications/ArmGNUToolchain/15.2.rel1/arm-none-eabi/bin/../lib/gcc/arm-none-eabi/15.2.1/../../../../arm-none-eabi/lib/thumb/v8-m.main+fp/softfp/libg.a(libc_a-findfp.o)
 .text.__sinit  0x10009ebc       0x3c /Applications/ArmGNUToolchain/15.2.rel1/arm-none-eabi/bin/../lib/gcc/arm-none-eabi/15.2.1/../../../../arm-none-eabi/lib/thumb/v8-m.main+fp/softfp/libg.a(libc_a-findfp.o)
                0x10009ebc                __sinit
 .text.__sfp_lock_acquire
                0x10009ef8        0xc /Applications/ArmGNUToolchain/15.2.rel1/arm-none-eabi/bin/../lib/gcc/arm-none-eabi/15.2.1/../../../../arm-none-eabi/lib/thumb/v8-m.main+fp/softfp/libg.a(libc_a-findfp.o)
                0x10009ef8                __sfp_lock_acquire
 .text.__sfp_lock_release
                0x10009f04        0xc /Applications/ArmGNUToolchain/15.2.rel1/arm-none-eabi/bin/../lib/gcc/arm-none-eabi/15.2.1/../../../../arm-none-eabi/lib/thumb/v8-m.main+fp/softfp/libg.a(libc_a-findfp.o)
                0x10009f04                __sfp_lock_release
 .text.memcmp   0x10009f10       0x80 /Applications/ArmGNUToolchain/15.2.rel1/arm-none-eabi/bin/../lib/gcc/arm-none-eabi/15.2.1/../../../../arm-none-eabi/lib/thumb/v8-m.main+fp/softfp/libg.a(libc_a-memcmp.o)
                0x10009f10                memcmp
 .text.memset   0x10009f90       0x88 /Applications/ArmGNUToolchain/15.2.rel1/arm-none-eabi/bin/../lib/gcc/arm-none-eabi/15.2.1/../../../../arm-none-eabi/lib/thumb/v8-m.main+fp/softfp/libg.a(libc_a-memset.o)
                0x10009f90                memset
 .text.strncmp  0x1000a018       0x74 /Applications/ArmGNUToolchain/15.2.rel1/arm-none-eabi/bin/../lib/gcc/arm-none-eabi/15.2.1/../../../../arm-none-eabi/lib/thumb/v8-m.main+fp/softfp/libg.a(libc_a-strncmp.o)
                0x1000a018                strncmp
 .text.critical_factorization
                0x1000a08c       0xcc /Applications/ArmGNUToolchain/15.2.rel1/arm-none-eabi/bin/../lib/gcc/arm-none-eabi/15.2.1/../../../../arm-none-eabi/lib/thumb/v8-m.main+fp/softfp/libg.a(libc_a-strstr.o)
 .text.two_way_long_needle
                0x1000a158      0x214 /Applications/ArmGNUToolchain/15.2.rel1/arm-none-eabi/bin/../lib/gcc/arm-none-eabi/15.2.1/../../../../arm-none-eabi/lib/thumb/v8-m.main+fp/softfp/libg.a(libc_a-strstr.o)
 .text.strstr   0x1000a36c      0x164 /Applications/ArmGNUToolchain/15.2.rel1/arm-none-eabi/bin/../lib/gcc/arm-none-eabi/15.2.1/../../../../arm-none-eabi/lib/thumb/v8-m.main+fp/softfp/libg.a(libc_a-strstr.o)
                0x1000a36c                strstr
 .text._sbrk_r  0x1000a4d0       0x24 /Applications/ArmGNUToolchain/15.2.rel1/arm-none-eabi/bin/../lib/gcc/arm-none-eabi/15.2.1/../../../../arm-none-eabi/lib/thumb/v8-m.main+fp/softfp/libg.a(libc_a-sbrkr.o)
                0x1000a4d0                _sbrk_r
 .text.__errno  0x1000a4f4        0xc /Applications/ArmGNUToolchain/15.2.rel1/arm-none-eabi/bin/../lib/gcc/arm-none-eabi/15.2.1/../../../../arm-none-eabi/lib/thumb/v8-m.main+fp/softfp/libg.a(libc_a-errno.o)
                0x1000a4f4                __errno
 .text.sysconf  0x1000a500       0x1c /Applications/ArmGNUToolchain/15.2.rel1/arm-none-eabi/bin/../lib/gcc/arm-none-eabi/15.2.1/../../../../arm-none-eabi/lib/thumb/v8-m.main+fp/softfp/libg.a(libc_a-sysconf.o)
                0x1000a500                sysconf
 .text.__retarget_lock_init_recursive
                0x1000a51c        0x4 /Applications/ArmGNUToolchain/15.2.rel1/arm-none-eabi/bin/../lib/gcc/arm-none-eabi/15.2.1/../../../../arm-none-eabi/lib/thumb/v8-m.main+fp/softfp/libg.a(libc_a-lock.o)
                0x1000a51c                __retarget_lock_init_recursive
 .text.__retarget_lock_close_recursive
                0x1000a520        0x4 /Applications/ArmGNUToolchain/15.2.rel1/arm-none-eabi/bin/../lib/gcc/arm-none-eabi/15.2.1/../../../../arm-none-eabi/lib/thumb/v8-m.main+fp/softfp/libg.a(libc_a-lock.o)
                0x1000a520                __retarget_lock_close_recursive
 .text.__retarget_lock_acquire_recursive
                0x1000a524        0x4 /Applications/ArmGNUToolchain/15.2.rel1/arm-none-eabi/bin/../lib/gcc/arm-none-eabi/15.2.1/../../../../arm-none-eabi/lib/thumb/v8-m.main+fp/softfp/libg.a(libc_a-lock.o)
                0x1000a524                __retarget_lock_acquire_recursive
 .text.__retarget_lock_release_recursive
                0x1000a528        0x4 /Applications/ArmGNUToolchain/15.2.rel1/arm-none-eabi/bin/../lib/gcc/arm-none-eabi/15.2.1/../../../../arm-none-eabi/lib/thumb/v8-m.main+fp/softfp/libg.a(libc_a-lock.o)
                0x1000a528                __retarget_lock_release_recursive
 .text          0x1000a52c       0xec /Applications/ArmGNUToolchain/15.2.rel1/arm-none-eabi/bin/../lib/gcc/arm-none-eabi/15.2.1/../../../../arm-none-eabi/lib/thumb/v8-m.main+fp/softfp/libg.a(libc_a-memcpy.o)
                0x1000a52c                memcpy
 .text.strlen   0x1000a618       0x5c /Applications/ArmGNUToolchain/15.2.rel1/arm-none-eabi/bin/../lib/gcc/arm-none-eabi/15.2.1/../../../../arm-none-eabi/lib/thumb/v8-m.main+fp/softfp/libg.a(libc_a-strlen-stub.o)
                0x1000a618                strlen
 .text.nan      0x1000a674        0xc /Applications/ArmGNUToolchain/15.2.rel1/arm-none-eabi/bin/../lib/gcc/arm-none-eabi/15.2.1/../../../../arm-none-eabi/lib/thumb/v8-m.main+fp/softfp/libg.a(libm_a-s_nan.o)
                0x1000a674                nan
 .text._malloc_trim_r
                0x1000a680       0xac /Applications/ArmGNUToolchain/15.2.rel1/arm-none-eabi/bin/../lib/gcc/arm-none-eabi/15.2.1/../../../../arm-none-eabi/lib/thumb/v8-m.main+fp/softfp/libg.a(libc_a-freer.o)
                0x1000a680                _malloc_trim_r
 .text._free_r  0x1000a72c      0x208 /Applications/ArmGNUToolchain/15.2.rel1/arm-none-eabi/bin/../lib/gcc/arm-none-eabi/15.2.1/../../../../arm-none-eabi/lib/thumb/v8-m.main+fp/softfp/libg.a(libc_a-freer.o)
                0x1000a72c                _free_r
 .text.rshift   0x1000a934       0xb8 /Applications/ArmGNUToolchain/15.2.rel1/arm-none-eabi/bin/../lib/gcc/arm-none-eabi/15.2.1/../../../../arm-none-eabi/lib/thumb/v8-m.main+fp/softfp/libg.a(libc_a-gdtoa-gethex.o)
 .text.__gethex
                0x1000a9ec      0x5e0 /Applications/ArmGNUToolchain/15.2.rel1/arm-none-eabi/bin/../lib/gcc/arm-none-eabi/15.2.1/../../../../arm-none-eabi/lib/thumb/v8-m.main+fp/softfp/libg.a(libc_a-gdtoa-gethex.o)
                0x1000a9ec                __gethex
 .text.__match  0x1000afcc       0x48 /Applications/ArmGNUToolchain/15.2.rel1/arm-none-eabi/bin/../lib/gcc/arm-none-eabi/15.2.1/../../../../arm-none-eabi/lib/thumb/v8-m.main+fp/softfp/libg.a(libc_a-gdtoa-hexnan.o)
                0x1000afcc                __match
 .text.__hexnan
                0x1000b014      0x1cc /Applications/ArmGNUToolchain/15.2.rel1/arm-none-eabi/bin/../lib/gcc/arm-none-eabi/15.2.1/../../../../arm-none-eabi/lib/thumb/v8-m.main+fp/softfp/libg.a(libc_a-gdtoa-hexnan.o)
                0x1000b014                __hexnan
 .text.__ascii_mbtowc
                0x1000b1e0       0x2c /Applications/ArmGNUToolchain/15.2.rel1/arm-none-eabi/bin/../lib/gcc/arm-none-eabi/15.2.1/../../../../arm-none-eabi/lib/thumb/v8-m.main+fp/softfp/libg.a(libc_a-mbtowc_r.o)
                0x1000b1e0                __ascii_mbtowc
 .text._Balloc  0x1000b20c       0x4c /Applications/ArmGNUToolchain/15.2.rel1/arm-none-eabi/bin/../lib/gcc/arm-none-eabi/15.2.1/../../../../arm-none-eabi/lib/thumb/v8-m.main+fp/softfp/libg.a(libc_a-mprec.o)
                0x1000b20c                _Balloc
 .text._Bfree   0x1000b258       0x14 /Applications/ArmGNUToolchain/15.2.rel1/arm-none-eabi/bin/../lib/gcc/arm-none-eabi/15.2.1/../../../../arm-none-eabi/lib/thumb/v8-m.main+fp/softfp/libg.a(libc_a-mprec.o)
                0x1000b258                _Bfree
 .text.__multadd
                0x1000b26c       0xa8 /Applications/ArmGNUToolchain/15.2.rel1/arm-none-eabi/bin/../lib/gcc/arm-none-eabi/15.2.1/../../../../arm-none-eabi/lib/thumb/v8-m.main+fp/softfp/libg.a(libc_a-mprec.o)
                0x1000b26c                __multadd
 .text.__s2b    0x1000b314       0xa8 /Applications/ArmGNUToolchain/15.2.rel1/arm-none-eabi/bin/../lib/gcc/arm-none-eabi/15.2.1/../../../../arm-none-eabi/lib/thumb/v8-m.main+fp/softfp/libg.a(libc_a-mprec.o)
                0x1000b314                __s2b
 .text.__hi0bits
                0x1000b3bc       0x54 /Applications/ArmGNUToolchain/15.2.rel1/arm-none-eabi/bin/../lib/gcc/arm-none-eabi/15.2.1/../../../../arm-none-eabi/lib/thumb/v8-m.main+fp/softfp/libg.a(libc_a-mprec.o)
                0x1000b3bc                __hi0bits
 .text.__lo0bits
                0x1000b410       0x80 /Applications/ArmGNUToolchain/15.2.rel1/arm-none-eabi/bin/../lib/gcc/arm-none-eabi/15.2.1/../../../../arm-none-eabi/lib/thumb/v8-m.main+fp/softfp/libg.a(libc_a-mprec.o)
                0x1000b410                __lo0bits
 .text.__i2b    0x1000b490       0x5c /Applications/ArmGNUToolchain/15.2.rel1/arm-none-eabi/bin/../lib/gcc/arm-none-eabi/15.2.1/../../../../arm-none-eabi/lib/thumb/v8-m.main+fp/softfp/libg.a(libc_a-mprec.o)
                0x1000b490                __i2b
 .text.__multiply
                0x1000b4ec      0x188 /Applications/ArmGNUToolchain/15.2.rel1/arm-none-eabi/bin/../lib/gcc/arm-none-eabi/15.2.1/../../../../arm-none-eabi/lib/thumb/v8-m.main+fp/softfp/libg.a(libc_a-mprec.o)
                0x1000b4ec                __multiply
 .text.__pow5mult
                0x1000b674       0xb8 /Applications/ArmGNUToolchain/15.2.rel1/arm-none-eabi/bin/../lib/gcc/arm-none-eabi/15.2.1/../../../../arm-none-eabi/lib/thumb/v8-m.main+fp/softfp/libg.a(libc_a-mprec.o)
                0x1000b674                __pow5mult
 .text.__lshift
                0x1000b72c       0xe4 /Applications/ArmGNUToolchain/15.2.rel1/arm-none-eabi/bin/../lib/gcc/arm-none-eabi/15.2.1/../../../../arm-none-eabi/lib/thumb/v8-m.main+fp/softfp/libg.a(libc_a-mprec.o)
                0x1000b72c                __lshift
 .text.__mcmp   0x1000b810       0x40 /Applications/ArmGNUToolchain/15.2.rel1/arm-none-eabi/bin/../lib/gcc/arm-none-eabi/15.2.1/../../../../arm-none-eabi/lib/thumb/v8-m.main+fp/softfp/libg.a(libc_a-mprec.o)
                0x1000b810                __mcmp
 .text.__mdiff  0x1000b850      0x188 /Applications/ArmGNUToolchain/15.2.rel1/arm-none-eabi/bin/../lib/gcc/arm-none-eabi/15.2.1/../../../../arm-none-eabi/lib/thumb/v8-m.main+fp/softfp/libg.a(libc_a-mprec.o)
                0x1000b850                __mdiff
 .text.__ulp    0x1000b9d8       0x4c /Applications/ArmGNUToolchain/15.2.rel1/arm-none-eabi/bin/../lib/gcc/arm-none-eabi/15.2.1/../../../../arm-none-eabi/lib/thumb/v8-m.main+fp/softfp/libg.a(libc_a-mprec.o)
                0x1000b9d8                __ulp
 .text.__b2d    0x1000ba24       0xac /Applications/ArmGNUToolchain/15.2.rel1/arm-none-eabi/bin/../lib/gcc/arm-none-eabi/15.2.1/../../../../arm-none-eabi/lib/thumb/v8-m.main+fp/softfp/libg.a(libc_a-mprec.o)
                0x1000ba24                __b2d
 .text.__d2b    0x1000bad0       0xb8 /Applications/ArmGNUToolchain/15.2.rel1/arm-none-eabi/bin/../lib/gcc/arm-none-eabi/15.2.1/../../../../arm-none-eabi/lib/thumb/v8-m.main+fp/softfp/libg.a(libc_a-mprec.o)
                0x1000bad0                __d2b
 .text.__ratio  0x1000bb88       0x5c /Applications/ArmGNUToolchain/15.2.rel1/arm-none-eabi/bin/../lib/gcc/arm-none-eabi/15.2.1/../../../../arm-none-eabi/lib/thumb/v8-m.main+fp/softfp/libg.a(libc_a-mprec.o)
                0x1000bb88                __ratio
 .text.__copybits
                0x1000bbe4       0x4c /Applications/ArmGNUToolchain/15.2.rel1/arm-none-eabi/bin/../lib/gcc/arm-none-eabi/15.2.1/../../../../arm-none-eabi/lib/thumb/v8-m.main+fp/softfp/libg.a(libc_a-mprec.o)
                0x1000bbe4                __copybits
 .text.__any_on
                0x1000bc30       0x3c /Applications/ArmGNUToolchain/15.2.rel1/arm-none-eabi/bin/../lib/gcc/arm-none-eabi/15.2.1/../../../../arm-none-eabi/lib/thumb/v8-m.main+fp/softfp/libg.a(libc_a-mprec.o)
                0x1000bc30                __any_on
 .text._fwalk_sglue
                0x1000bc6c       0x44 /Applications/ArmGNUToolchain/15.2.rel1/arm-none-eabi/bin/../lib/gcc/arm-none-eabi/15.2.1/../../../../arm-none-eabi/lib/thumb/v8-m.main+fp/softfp/libg.a(libc_a-fwalk.o)
                0x1000bc6c                _fwalk_sglue
 .text.__ascii_wctomb
                0x1000bcb0       0x20 /Applications/ArmGNUToolchain/15.2.rel1/arm-none-eabi/bin/../lib/gcc/arm-none-eabi/15.2.1/../../../../arm-none-eabi/lib/thumb/v8-m.main+fp/softfp/libg.a(libc_a-wctomb_r.o)
                0x1000bcb0                __ascii_wctomb
 .text._fclose_r
                0x1000bcd0       0xc4 /Applications/ArmGNUToolchain/15.2.rel1/arm-none-eabi/bin/../lib/gcc/arm-none-eabi/15.2.1/../../../../arm-none-eabi/lib/thumb/v8-m.main+fp/softfp/libg.a(libc_a-fclose.o)
                0x1000bcd0                _fclose_r
 .text.__sread  0x1000bd94       0x24 /Applications/ArmGNUToolchain/15.2.rel1/arm-none-eabi/bin/../lib/gcc/arm-none-eabi/15.2.1/../../../../arm-none-eabi/lib/thumb/v8-m.main+fp/softfp/libg.a(libc_a-stdio.o)
                0x1000bd94                __sread
 .text.__swrite
                0x1000bdb8       0x40 /Applications/ArmGNUToolchain/15.2.rel1/arm-none-eabi/bin/../lib/gcc/arm-none-eabi/15.2.1/../../../../arm-none-eabi/lib/thumb/v8-m.main+fp/softfp/libg.a(libc_a-stdio.o)
                0x1000bdb8                __swrite
 .text.__sseek  0x1000bdf8       0x28 /Applications/ArmGNUToolchain/15.2.rel1/arm-none-eabi/bin/../lib/gcc/arm-none-eabi/15.2.1/../../../../arm-none-eabi/lib/thumb/v8-m.main+fp/softfp/libg.a(libc_a-stdio.o)
                0x1000bdf8                __sseek
 .text.__sclose
                0x1000be20        0x8 /Applications/ArmGNUToolchain/15.2.rel1/arm-none-eabi/bin/../lib/gcc/arm-none-eabi/15.2.1/../../../../arm-none-eabi/lib/thumb/v8-m.main+fp/softfp/libg.a(libc_a-stdio.o)
                0x1000be20                __sclose
 .text.strchr   0x1000be28       0xd0 /Applications/ArmGNUToolchain/15.2.rel1/arm-none-eabi/bin/../lib/gcc/arm-none-eabi/15.2.1/../../../../arm-none-eabi/lib/thumb/v8-m.main+fp/softfp/libg.a(libc_a-strchr.o)
                0x1000be28                strchr
 .text.strnlen  0x1000bef8       0x20 /Applications/ArmGNUToolchain/15.2.rel1/arm-none-eabi/bin/../lib/gcc/arm-none-eabi/15.2.1/../../../../arm-none-eabi/lib/thumb/v8-m.main+fp/softfp/libg.a(libc_a-strnlen.o)
                0x1000bef8                strnlen
 .text._close_r
                0x1000bf18       0x24 /Applications/ArmGNUToolchain/15.2.rel1/arm-none-eabi/bin/../lib/gcc/arm-none-eabi/15.2.1/../../../../arm-none-eabi/lib/thumb/v8-m.main+fp/softfp/libg.a(libc_a-closer.o)
                0x1000bf18                _close_r
 .text._lseek_r
                0x1000bf3c       0x28 /Applications/ArmGNUToolchain/15.2.rel1/arm-none-eabi/bin/../lib/gcc/arm-none-eabi/15.2.1/../../../../arm-none-eabi/lib/thumb/v8-m.main+fp/softfp/libg.a(libc_a-lseekr.o)
                0x1000bf3c                _lseek_r
 .text._read_r  0x1000bf64       0x28 /Applications/ArmGNUToolchain/15.2.rel1/arm-none-eabi/bin/../lib/gcc/arm-none-eabi/15.2.1/../../../../arm-none-eabi/lib/thumb/v8-m.main+fp/softfp/libg.a(libc_a-readr.o)
                0x1000bf64                _read_r
 .text._write_r
                0x1000bf8c       0x28 /Applications/ArmGNUToolchain/15.2.rel1/arm-none-eabi/bin/../lib/gcc/arm-none-eabi/15.2.1/../../../../arm-none-eabi/lib/thumb/v8-m.main+fp/softfp/libg.a(libc_a-writer.o)
                0x1000bf8c                _write_r
 *(.fini)
 .fini          0x1000bfb4        0x4 /Applications/ArmGNUToolchain/15.2.rel1/arm-none-eabi/bin/../lib/gcc/arm-none-eabi/15.2.1/thumb/v8-m.main+fp/softfp/crti.o
                0x1000bfb4                _fini
 .fini.__stub   0x1000bfb8       0x68 linker stubs
 *crtbegin.o(.ctors)
 *crtbegin?.o(.ctors)
 *(EXCLUDE_FILE(*crtend.o *crtend?.o) .ctors)
 *(SORT_BY_NAME(.ctors.*))
 *(.ctors)
 *crtbegin.o(.dtors)
 *crtbegin?.o(.dtors)
 *(EXCLUDE_FILE(*crtend.o *crtend?.o) .dtors)
 *(SORT_BY_NAME(.dtors.*))
 *(.dtors)
                0x1000c020                        . = ALIGN (0x4)
                0x1000c020                        PROVIDE (__preinit_array_start = .)
 *(SORT_BY_NAME(.preinit_array.*))
 .preinit_array.00050
                0x1000c020        0x4 CMakeFiles/vigia_pico_hello.dir/Users/ben/pico-sdk/src/rp2_common/pico_runtime_init/runtime_init.c.o
                0x1000c020                __pre_init_runtime_init_bootrom_reset
 .preinit_array.00100
                0x1000c024        0x4 CMakeFiles/vigia_pico_hello.dir/Users/ben/pico-sdk/src/rp2_common/pico_runtime_init/runtime_init.c.o
                0x1000c024                __pre_init_runtime_init_early_resets
 .preinit_array.00101
                0x1000c028        0x4 CMakeFiles/vigia_pico_hello.dir/Users/ben/pico-sdk/src/rp2_common/pico_runtime_init/runtime_init.c.o
                0x1000c028                __pre_init_runtime_init_usb_power_down
 .preinit_array.00500
                0x1000c02c        0x4 CMakeFiles/vigia_pico_hello.dir/Users/ben/pico-sdk/src/rp2_common/pico_runtime_init/runtime_init.c.o
                0x1000c02c                __pre_init_runtime_init_clocks
 .preinit_array.00600
                0x1000c030        0x4 CMakeFiles/vigia_pico_hello.dir/Users/ben/pico-sdk/src/rp2_common/pico_runtime_init/runtime_init.c.o
                0x1000c030                __pre_init_runtime_init_post_clock_resets
 .preinit_array.01000
                0x1000c034        0x4 CMakeFiles/vigia_pico_hello.dir/Users/ben/pico-sdk/src/rp2_common/hardware_boot_lock/boot_lock.c.o
                0x1000c034                __pre_init_runtime_init_boot_locks_reset
 .preinit_array.01000
                0x1000c038        0x4 CMakeFiles/vigia_pico_hello.dir/Users/ben/pico-sdk/src/rp2_common/pico_runtime_init/runtime_init.c.o
                0x1000c038                __pre_init_runtime_init_spin_locks_reset
 .preinit_array.01010
                0x1000c03c        0x4 CMakeFiles/vigia_pico_hello.dir/Users/ben/pico-sdk/src/rp2_common/pico_bootrom/bootrom_lock.c.o
                0x1000c03c                __pre_init_runtime_init_bootrom_locking_enable
 .preinit_array.01100
                0x1000c040        0x4 CMakeFiles/vigia_pico_hello.dir/Users/ben/pico-sdk/src/common/pico_sync/mutex.c.o
                0x1000c040                __pre_init_runtime_init_mutex
 .preinit_array.10080
                0x1000c044        0x4 CMakeFiles/vigia_pico_hello.dir/Users/ben/pico-sdk/src/rp2_common/pico_runtime_init/runtime_init.c.o
                0x1000c044                __pre_init_runtime_init_install_ram_vector_table
 .preinit_array.11000
                0x1000c048        0x4 CMakeFiles/vigia_pico_hello.dir/Users/ben/pico-sdk/src/common/pico_time/time.c.o
                0x1000c048                __pre_init_runtime_init_default_alarm_pool
 .preinit_array.YYYYY
                0x1000c04c        0x4 CMakeFiles/vigia_pico_hello.dir/Users/ben/pico-sdk/src/rp2_common/pico_runtime/runtime.c.o
                0x1000c04c                __pre_init_first_per_core_initializer
 .preinit_array.ZZZZZ.00051
                0x1000c050        0x4 CMakeFiles/vigia_pico_hello.dir/Users/ben/pico-sdk/src/rp2_common/pico_runtime_init/runtime_init.c.o
                0x1000c050                __pre_init_runtime_init_per_core_bootrom_reset
 .preinit_array.ZZZZZ.00200
                0x1000c054        0x4 CMakeFiles/vigia_pico_hello.dir/Users/ben/pico-sdk/src/rp2_common/pico_runtime_init/runtime_init.c.o
                0x1000c054                __pre_init_runtime_init_per_core_enable_coprocessors
 .preinit_array.ZZZZZ.01000
                0x1000c058        0x4 CMakeFiles/vigia_pico_hello.dir/Users/ben/pico-sdk/src/rp2_common/hardware_sync_spin_lock/sync_spin_lock.c.o
                0x1000c058                __pre_init_spinlock_set_extexclall
 .preinit_array.ZZZZZ.01200
                0x1000c05c        0x4 CMakeFiles/vigia_pico_hello.dir/Users/ben/pico-sdk/src/rp2_common/hardware_irq/irq.c.o
                0x1000c05c                __pre_init_runtime_init_per_core_irq_priorities
 *(.preinit_array)
                0x1000c060                        PROVIDE (__preinit_array_end = .)
                0x1000c060                        . = ALIGN (0x4)
                0x1000c060                        PROVIDE (__init_array_start = .)
 *(SORT_BY_NAME(.init_array.*))
 .init_array.01000
                0x1000c060        0x4 CMakeFiles/vigia_pico_hello.dir/Users/ben/pico-sdk/src/rp2_common/pico_unique_id/unique_id.c.o
 *(.init_array)
 .init_array    0x1000c064        0x4 /Applications/ArmGNUToolchain/15.2.rel1/arm-none-eabi/bin/../lib/gcc/arm-none-eabi/15.2.1/thumb/v8-m.main+fp/softfp/crtbegin.o
                0x1000c068                        PROVIDE (__init_array_end = .)
                0x1000c068                        . = ALIGN (0x4)
                [!provide]                        PROVIDE (__fini_array_start = .)
 *(SORT_BY_NAME(.fini_array.*))
 *(.fini_array)
                [!provide]                        PROVIDE (__fini_array_end = .)
 *(.eh_frame*)
 .eh_frame      0x1000c068        0x0 /Applications/ArmGNUToolchain/15.2.rel1/arm-none-eabi/bin/../lib/gcc/arm-none-eabi/15.2.1/thumb/v8-m.main+fp/softfp/crtbegin.o
                0x1000c068                        . = ALIGN (0x4)

.glue_7         0x1000c068        0x0
 .glue_7        0x1000c068        0x0 linker stubs

.glue_7t        0x1000c068        0x0
 .glue_7t       0x1000c068        0x0 linker stubs

.vfp11_veneer   0x1000c068        0x0
 .vfp11_veneer  0x1000c068        0x0 linker stubs

.v4_bx          0x1000c068        0x0
 .v4_bx         0x1000c068        0x0 linker stubs

.iplt           0x1000c068        0x0
 .iplt          0x1000c068        0x0 /Applications/ArmGNUToolchain/15.2.rel1/arm-none-eabi/bin/../lib/gcc/arm-none-eabi/15.2.1/thumb/v8-m.main+fp/softfp/crtbegin.o

.boot2          0x1000c068        0x0
                0x1000c068                        __boot2_start__ = .
 *(.boot2)
                0x1000c068                        __boot2_end__ = .
                0x00000001                        ASSERT (((__boot2_end__ - __boot2_start__) <= 0x100), ERROR: Pico second stage bootloader must be no more than 256 bytes in size)

.rodata         0x1000c068      0xb28
 *(EXCLUDE_FILE(*libm.a: *libc.a:*lib_a-mem*.o *libgcc.a:) .rodata*)
 .rodata.main.str1.4
                0x1000c068      0x556 CMakeFiles/vigia_pico_hello.dir/src/main.c.o
                                0x25e (size before relaxing)
 .rodata.neo_m8n_poll_uart.part.0.str1.4
                0x1000c5be        0x0 CMakeFiles/vigia_pico_hello.dir/src/neo_m8n_driver.c.o
                                  0x8 (size before relaxing)
 *fill*         0x1000c5be        0x2 
 .rodata.candidates.0
                0x1000c5c0        0xc CMakeFiles/vigia_pico_hello.dir/src/neo_m8n_driver.c.o
 .rodata.panic.str1.4
                0x1000c5cc        0x0 CMakeFiles/vigia_pico_hello.dir/Users/ben/pico-sdk/src/rp2_common/pico_platform_panic/panic.c.o
                                 0x12 (size before relaxing)
 .rodata.spin_lock_claim_unused.str1.4
                0x1000c5cc        0x0 CMakeFiles/vigia_pico_hello.dir/Users/ben/pico-sdk/src/rp2_common/hardware_sync/sync.c.o
                                 0x1b (size before relaxing)
 .rodata.user_irq_claim_unused.str1.4
                0x1000c5cc        0x0 CMakeFiles/vigia_pico_hello.dir/Users/ben/pico-sdk/src/rp2_common/hardware_irq/irq.c.o
                                 0x1b (size before relaxing)
 *fill*         0x1000c5cc        0x4 
 .rodata.at_the_end_of_time
                0x1000c5d0        0x8 CMakeFiles/vigia_pico_hello.dir/Users/ben/pico-sdk/src/common/pico_time/time.c.o
                0x1000c5d0                at_the_end_of_time
 .rodata.timer_hardware_alarm_claim.str1.4
                0x1000c5d8        0x0 CMakeFiles/vigia_pico_hello.dir/Users/ben/pico-sdk/src/rp2_common/hardware_timer/timer.c.o
                                 0x22 (size before relaxing)
 .rodata.hard_assertion_failure.str1.4
                0x1000c5d8        0x0 CMakeFiles/vigia_pico_hello.dir/Users/ben/pico-sdk/src/rp2_common/pico_runtime/runtime.c.o
                                  0xc (size before relaxing)
 .rodata.str1.4
                0x1000c5d8        0x0 CMakeFiles/vigia_pico_hello.dir/Users/ben/pico-sdk/src/rp2_common/pico_standard_binary_info/standard_binary_info.c.o
                                 0x48 (size before relaxing)
 .rodata.__bi_84
                0x1000c5d8        0xc CMakeFiles/vigia_pico_hello.dir/Users/ben/pico-sdk/src/rp2_common/pico_standard_binary_info/standard_binary_info.c.o
 .rodata.__bi_78
                0x1000c5e4        0xc CMakeFiles/vigia_pico_hello.dir/Users/ben/pico-sdk/src/rp2_common/pico_standard_binary_info/standard_binary_info.c.o
 .rodata.__bi_54
                0x1000c5f0        0xc CMakeFiles/vigia_pico_hello.dir/Users/ben/pico-sdk/src/rp2_common/pico_standard_binary_info/standard_binary_info.c.o
 .rodata.__bi_48
                0x1000c5fc        0xc CMakeFiles/vigia_pico_hello.dir/Users/ben/pico-sdk/src/rp2_common/pico_standard_binary_info/standard_binary_info.c.o
 .rodata.__bi_42
                0x1000c608        0xc CMakeFiles/vigia_pico_hello.dir/Users/ben/pico-sdk/src/rp2_common/pico_standard_binary_info/standard_binary_info.c.o
 .rodata.__bi_34
                0x1000c614        0xc CMakeFiles/vigia_pico_hello.dir/Users/ben/pico-sdk/src/rp2_common/pico_standard_binary_info/standard_binary_info.c.o
 .rodata.__bi_26
                0x1000c620        0xc CMakeFiles/vigia_pico_hello.dir/Users/ben/pico-sdk/src/rp2_common/pico_standard_binary_info/standard_binary_info.c.o
 .rodata._ftoa.str1.4
                0x1000c62c        0x0 CMakeFiles/vigia_pico_hello.dir/Users/ben/pico-sdk/src/rp2_common/pico_printf/printf.c.o
                                 0x15 (size before relaxing)
 *fill*         0x1000c62c        0x4 
 .rodata.pow10.0
                0x1000c630       0x50 CMakeFiles/vigia_pico_hello.dir/Users/ben/pico-sdk/src/rp2_common/pico_printf/printf.c.o
 .rodata.__assert_func.str1.4
                0x1000c680        0x0 CMakeFiles/vigia_pico_hello.dir/Users/ben/pico-sdk/src/rp2_common/pico_clib_interface/newlib_interface.c.o
                                 0x43 (size before relaxing)
 .rodata.crlf_str.0
                0x1000c680        0x2 CMakeFiles/vigia_pico_hello.dir/Users/ben/pico-sdk/src/rp2_common/pico_stdio/stdio.c.o
 *fill*         0x1000c682        0x2 
 .rodata._resetd_driver
                0x1000c684       0x20 CMakeFiles/vigia_pico_hello.dir/Users/ben/pico-sdk/src/rp2_common/pico_stdio_usb/reset_interface.c.o
 .rodata.desc_ms_os_20
                0x1000c6a4       0xa6 CMakeFiles/vigia_pico_hello.dir/Users/ben/pico-sdk/src/rp2_common/pico_stdio_usb/reset_interface.c.o
 *fill*         0x1000c74a        0x2 
 .rodata.desc_bos
                0x1000c74c       0x21 CMakeFiles/vigia_pico_hello.dir/Users/ben/pico-sdk/src/rp2_common/pico_stdio_usb/reset_interface.c.o
                0x1000c74c                desc_bos
 .rodata.str1.4
                0x1000c76d        0x0 CMakeFiles/vigia_pico_hello.dir/Users/ben/pico-sdk/src/rp2_common/pico_stdio_usb/stdio_usb.c.o
                                 0x13 (size before relaxing)
 *fill*         0x1000c76d        0x3 
 .rodata.__bi_202.0
                0x1000c770        0xc CMakeFiles/vigia_pico_hello.dir/Users/ben/pico-sdk/src/rp2_common/pico_stdio_usb/stdio_usb.c.o
 .rodata.str1.4
                0x1000c77c        0x0 CMakeFiles/vigia_pico_hello.dir/Users/ben/pico-sdk/src/rp2_common/pico_stdio_usb/stdio_usb_descriptors.c.o
                                 0x2a (size before relaxing)
 .rodata.usbd_desc_str
                0x1000c77c       0x18 CMakeFiles/vigia_pico_hello.dir/Users/ben/pico-sdk/src/rp2_common/pico_stdio_usb/stdio_usb_descriptors.c.o
 .rodata.usbd_desc_cfg
                0x1000c794       0x54 CMakeFiles/vigia_pico_hello.dir/Users/ben/pico-sdk/src/rp2_common/pico_stdio_usb/stdio_usb_descriptors.c.o
 .rodata.usbd_desc_device
                0x1000c7e8       0x12 CMakeFiles/vigia_pico_hello.dir/Users/ben/pico-sdk/src/rp2_common/pico_stdio_usb/stdio_usb_descriptors.c.o
 .rodata.str1.4
                0x1000c7fa        0x0 CMakeFiles/vigia_pico_hello.dir/Users/ben/pico-sdk/lib/tinyusb/src/portable/raspberrypi/rp2040/dcd_rp2040.c.o
                                 0x14 (size before relaxing)
 .rodata.str1.4
                0x1000c7fa        0x0 CMakeFiles/vigia_pico_hello.dir/Users/ben/pico-sdk/lib/tinyusb/src/portable/raspberrypi/rp2040/rp2040_usb.c.o
                                 0x48 (size before relaxing)
 *fill*         0x1000c7fa        0x2 
 .rodata._usbd_driver
                0x1000c7fc       0x40 CMakeFiles/vigia_pico_hello.dir/Users/ben/pico-sdk/lib/tinyusb/src/device/usbd.c.o
 .rodata._strtod_l.str1.4
                0x1000c83c        0x0 /Applications/ArmGNUToolchain/15.2.rel1/arm-none-eabi/bin/../lib/gcc/arm-none-eabi/15.2.1/../../../../arm-none-eabi/lib/thumb/v8-m.main+fp/softfp/libg.a(libc_a-strtod.o)
                                 0x15 (size before relaxing)
 .rodata.fpinan.0
                0x1000c83c       0x14 /Applications/ArmGNUToolchain/15.2.rel1/arm-none-eabi/bin/../lib/gcc/arm-none-eabi/15.2.1/../../../../arm-none-eabi/lib/thumb/v8-m.main+fp/softfp/libg.a(libc_a-strtod.o)
 .rodata.fpi.1  0x1000c850       0x14 /Applications/ArmGNUToolchain/15.2.rel1/arm-none-eabi/bin/../lib/gcc/arm-none-eabi/15.2.1/../../../../arm-none-eabi/lib/thumb/v8-m.main+fp/softfp/libg.a(libc_a-strtod.o)
 *fill*         0x1000c864        0x4 
 .rodata.tinytens
                0x1000c868       0x28 /Applications/ArmGNUToolchain/15.2.rel1/arm-none-eabi/bin/../lib/gcc/arm-none-eabi/15.2.1/../../../../arm-none-eabi/lib/thumb/v8-m.main+fp/softfp/libg.a(libc_a-strtod.o)
 .rodata.str1.4
                0x1000c890        0x0 /Applications/ArmGNUToolchain/15.2.rel1/arm-none-eabi/bin/../lib/gcc/arm-none-eabi/15.2.1/../../../../arm-none-eabi/lib/thumb/v8-m.main+fp/softfp/libg.a(libc_a-locale.o)
                                 0x4c (size before relaxing)
 .rodata._ctype_
                0x1000c890      0x101 /Applications/ArmGNUToolchain/15.2.rel1/arm-none-eabi/bin/../lib/gcc/arm-none-eabi/15.2.1/../../../../arm-none-eabi/lib/thumb/v8-m.main+fp/softfp/libg.a(libc_a-ctype_.o)
                0x1000c890                _ctype_
 .rodata.__gethex.str1.4
                0x1000c991        0x0 /Applications/ArmGNUToolchain/15.2.rel1/arm-none-eabi/bin/../lib/gcc/arm-none-eabi/15.2.1/../../../../arm-none-eabi/lib/thumb/v8-m.main+fp/softfp/libg.a(libc_a-gdtoa-gethex.o)
                                 0x81 (size before relaxing)
 *fill*         0x1000c991        0x3 
 .rodata.__hexdig
                0x1000c994      0x100 /Applications/ArmGNUToolchain/15.2.rel1/arm-none-eabi/bin/../lib/gcc/arm-none-eabi/15.2.1/../../../../arm-none-eabi/lib/thumb/v8-m.main+fp/softfp/libg.a(libc_a-gdtoa-gethex.o)
                0x1000c994                __hexdig
 .rodata.__multadd.str1.4
                0x1000ca94        0x0 /Applications/ArmGNUToolchain/15.2.rel1/arm-none-eabi/bin/../lib/gcc/arm-none-eabi/15.2.1/../../../../arm-none-eabi/lib/thumb/v8-m.main+fp/softfp/libg.a(libc_a-mprec.o)
                                 0x76 (size before relaxing)
 .rodata.p05.0  0x1000ca94        0xc /Applications/ArmGNUToolchain/15.2.rel1/arm-none-eabi/bin/../lib/gcc/arm-none-eabi/15.2.1/../../../../arm-none-eabi/lib/thumb/v8-m.main+fp/softfp/libg.a(libc_a-mprec.o)
 .rodata.__mprec_bigtens
                0x1000caa0       0x28 /Applications/ArmGNUToolchain/15.2.rel1/arm-none-eabi/bin/../lib/gcc/arm-none-eabi/15.2.1/../../../../arm-none-eabi/lib/thumb/v8-m.main+fp/softfp/libg.a(libc_a-mprec.o)
                0x1000caa0                __mprec_bigtens
 .rodata.__mprec_tens
                0x1000cac8       0xc8 /Applications/ArmGNUToolchain/15.2.rel1/arm-none-eabi/bin/../lib/gcc/arm-none-eabi/15.2.1/../../../../arm-none-eabi/lib/thumb/v8-m.main+fp/softfp/libg.a(libc_a-mprec.o)
                0x1000cac8                __mprec_tens
 *(.srodata*)
                0x1000cb90                        . = ALIGN (0x4)
 *(SORT_BY_ALIGNMENT(SORT_BY_NAME(.flashdata*)))
                0x1000cb90                        . = ALIGN (0x4)

.ARM.extab
 *(.ARM.extab* .gnu.linkonce.armextab.*)
                0x1000cb90                        __exidx_start = .

.ARM.exidx      0x1000cb90        0x8
 *(.ARM.exidx* .gnu.linkonce.armexidx.*)
 .ARM.exidx     0x1000cb90        0x8 /Applications/ArmGNUToolchain/15.2.rel1/arm-none-eabi/bin/../lib/gcc/arm-none-eabi/15.2.1/../../../../arm-none-eabi/lib/thumb/v8-m.main+fp/softfp/libg.a(libc_a-memcpy.o)
 .ARM.exidx.text.__udivmoddi4
                0x1000cb98        0x0 /Applications/ArmGNUToolchain/15.2.rel1/arm-none-eabi/bin/../lib/gcc/arm-none-eabi/15.2.1/thumb/v8-m.main+fp/softfp/libgcc.a(_udivmoddi4.o)
                                  0x8 (size before relaxing)
                0x1000cb98                        __exidx_end = .
                0x1000cb98                        . = ALIGN (0x4)
                0x1000cb98                        __binary_info_start = .

.binary_info    0x1000cb98       0x20
 *(.binary_info.keep.*)
 .binary_info.keep.__bi_ptr84
                0x1000cb98        0x4 CMakeFiles/vigia_pico_hello.dir/Users/ben/pico-sdk/src/rp2_common/pico_standard_binary_info/standard_binary_info.c.o
 .binary_info.keep.__bi_ptr78
                0x1000cb9c        0x4 CMakeFiles/vigia_pico_hello.dir/Users/ben/pico-sdk/src/rp2_common/pico_standard_binary_info/standard_binary_info.c.o
 .binary_info.keep.__bi_ptr54
                0x1000cba0        0x4 CMakeFiles/vigia_pico_hello.dir/Users/ben/pico-sdk/src/rp2_common/pico_standard_binary_info/standard_binary_info.c.o
 .binary_info.keep.__bi_ptr48
                0x1000cba4        0x4 CMakeFiles/vigia_pico_hello.dir/Users/ben/pico-sdk/src/rp2_common/pico_standard_binary_info/standard_binary_info.c.o
 .binary_info.keep.__bi_ptr42
                0x1000cba8        0x4 CMakeFiles/vigia_pico_hello.dir/Users/ben/pico-sdk/src/rp2_common/pico_standard_binary_info/standard_binary_info.c.o
 .binary_info.keep.__bi_ptr34
                0x1000cbac        0x4 CMakeFiles/vigia_pico_hello.dir/Users/ben/pico-sdk/src/rp2_common/pico_standard_binary_info/standard_binary_info.c.o
 .binary_info.keep.__bi_ptr26
                0x1000cbb0        0x4 CMakeFiles/vigia_pico_hello.dir/Users/ben/pico-sdk/src/rp2_common/pico_standard_binary_info/standard_binary_info.c.o
 *(.binary_info.*)
 .binary_info.__bi_ptr202
                0x1000cbb4        0x4 CMakeFiles/vigia_pico_hello.dir/Users/ben/pico-sdk/src/rp2_common/pico_stdio_usb/stdio_usb.c.o
                0x1000cbb8                        __binary_info_end = .
                0x1000cbb8                        . = ALIGN (0x4)

.ram_vector_table
                0x20000000      0x110
 *(.ram_vector_table)
 .ram_vector_table
                0x20000000      0x110 CMakeFiles/vigia_pico_hello.dir/Users/ben/pico-sdk/src/rp2_common/pico_runtime_init/runtime_init.c.o
                0x20000000                ram_vector_table

.uninitialized_data
                0x20000110        0x0
                0x20000110                        . = ALIGN (0x4)
 *(.uninitialized_data*)

.data           0x20000110     0x1e08 load address 0x1000cbb8
                0x20000110                        __data_start__ = .
 *(vtable)
 *(.time_critical*)